nid011109:212445:212502 [3] NCCL INFO Channel 16/0 : 3[3] -> 1[1] via P2P/CUMEM
nid011109:212445:212502 [3] NCCL INFO Channel 22/0 : 3[3] -> 1[1] via P2P/CUMEM
nid011109:212445:212502 [3] NCCL INFO Channel 23/0 : 3[3] -> 1[1] via P2P/CUMEM
nid011130:209467:209828 [2] NCCL INFO Channel 06/0 : 0[0] -> 6[2] [receive] via NET/AWS Libfabric/2/GDRDMA
nid011130:209467:209828 [2] NCCL INFO Channel 18/0 : 0[0] -> 6[2] [receive] via NET/AWS Libfabric/2/GDRDMA
nid011130:209467:209828 [2] NCCL INFO Channel 07/0 : 6[2] -> 4[0] via P2P/CUMEM
nid011130:209467:209828 [2] NCCL INFO Channel 09/0 : 6[2] -> 4[0] via P2P/CUMEM
nid011130:209467:209828 [2] NCCL INFO Channel 10/0 : 6[2] -> 4[0] via P2P/CUMEM
nid011130:209467:209828 [2] NCCL INFO Channel 19/0 : 6[2] -> 4[0] via P2P/CUMEM
nid011130:209467:209828 [2] NCCL INFO Channel 21/0 : 6[2] -> 4[0] via P2P/CUMEM
nid011130:209467:209828 [2] NCCL INFO Channel 22/0 : 6[2] -> 4[0] via P2P/CUMEM
nid011130:209466:209827 [1] NCCL INFO Channel 21/0 : 0[0] -> 5[1] [receive] via NET/AWS Libfabric/1/GDRDMA
nid011130:209466:209827 [1] NCCL INFO Channel 10/0 : 5[1] -> 2[2] [send] via NET/AWS Libfabric/2
nid011130:209468:209825 [3] NCCL INFO Channel 02/0 : 7[3] -> 2[2] [send] via NET/AWS Libfabric/2
nid011130:209468:209825 [3] NCCL INFO Channel 14/0 : 7[3] -> 2[2] [send] via NET/AWS Libfabric/2
nid011130:209468:209825 [3] NCCL INFO NCCL_NET_FORCE_FLUSH set by environment to 1.
nid011109:212444:212504 [2] NCCL INFO Channel 10/0 : 5[1] -> 2[2] [receive] via NET/AWS Libfabric/2/GDRDMA
nid011109:212444:212504 [2] NCCL INFO Channel 22/0 : 5[1] -> 2[2] [receive] via NET/AWS Libfabric/2/GDRDMA
nid011109:212444:212504 [2] NCCL INFO Channel 11/0 : 2[2] -> 7[3] [send] via NET/AWS Libfabric/3
nid011109:212444:212504 [2] NCCL INFO Channel 23/0 : 2[2] -> 7[3] [send] via NET/AWS Libfabric/3
nid011130:209468:209825 [3] NCCL INFO Channel 11/0 : 2[2] -> 7[3] [receive] via NET/AWS Libfabric/3/GDRDMA
nid011130:209468:209825 [3] NCCL INFO Channel 23/0 : 2[2] -> 7[3] [receive] via NET/AWS Libfabric/3/GDRDMA
nid011130:209468:209825 [3] NCCL INFO Channel 06/0 : 7[3] -> 4[0] via P2P/CUMEM
nid011130:209468:209825 [3] NCCL INFO Channel 18/0 : 7[3] -> 4[0] via P2P/CUMEM
nid011130:209466:209827 [1] NCCL INFO Channel 22/0 : 5[1] -> 2[2] [send] via NET/AWS Libfabric/2
nid011130:209466:209827 [1] NCCL INFO Channel 07/0 : 5[1] -> 3[3] [send] via NET/AWS Libfabric/3
nid011130:209466:209827 [1] NCCL INFO Channel 19/0 : 5[1] -> 3[3] [send] via NET/AWS Libfabric/3
nid011130:209465:209826 [0] NCCL INFO Channel 09/0 : 4[0] -> 1[1] [send] via NET/AWS Libfabric/1
nid011130:209465:209826 [0] NCCL INFO Channel 21/0 : 4[0] -> 1[1] [send] via NET/AWS Libfabric/1
nid011130:209468:209825 [3] NCCL INFO Channel 07/0 : 1[1] -> 7[3] [receive] via NET/AWS Libfabric/3/GDRDMA
nid011130:209468:209825 [3] NCCL INFO Channel 19/0 : 1[1] -> 7[3] [receive] via NET/AWS Libfabric/3/GDRDMA
nid011130:209468:209825 [3] NCCL INFO Channel 04/0 : 7[3] -> 5[1] via P2P/CUMEM
nid011130:209468:209825 [3] NCCL INFO Channel 10/0 : 7[3] -> 5[1] via P2P/CUMEM
nid011109:212444:212504 [2] NCCL INFO Channel 06/0 : 4[0] -> 2[2] [receive] via NET/AWS Libfabric/2/GDRDMA
nid011109:212442:212501 [0] NCCL INFO Channel 06/0 : 0[0] -> 6[2] [send] via NET/AWS Libfabric/2
nid011109:212442:212501 [0] NCCL INFO Channel 18/0 : 0[0] -> 6[2] [send] via NET/AWS Libfabric/2
nid011109:212444:212504 [2] NCCL INFO Channel 18/0 : 4[0] -> 2[2] [receive] via NET/AWS Libfabric/2/GDRDMA
nid011109:212444:212504 [2] NCCL INFO Channel 07/0 : 2[2] -> 0[0] via P2P/CUMEM
nid011109:212443:212503 [1] NCCL INFO Channel 07/0 : 1[1] -> 7[3] [send] via NET/AWS Libfabric/3
nid011109:212443:212503 [1] NCCL INFO Channel 19/0 : 1[1] -> 7[3] [send] via NET/AWS Libfabric/3
nid011109:212445:212502 [3] NCCL INFO Channel 03/0 : 4[0] -> 3[3] [receive] via NET/AWS Libfabric/3/GDRDMA
nid011109:212445:212502 [3] NCCL INFO Channel 15/0 : 4[0] -> 3[3] [receive] via NET/AWS Libfabric/3/GDRDMA
nid011109:212445:212502 [3] NCCL INFO Channel 00/0 : 3[3] -> 2[2] via P2P/CUMEM
nid011109:212445:212502 [3] NCCL INFO Channel 01/0 : 3[3] -> 2[2] via P2P/CUMEM
nid011109:212445:212502 [3] NCCL INFO Channel 03/0 : 3[3] -> 2[2] via P2P/CUMEM
nid011109:212445:212502 [3] NCCL INFO Channel 07/0 : 3[3] -> 2[2] via P2P/CUMEM
nid011109:212445:212502 [3] NCCL INFO Channel 09/0 : 3[3] -> 2[2] via P2P/CUMEM
nid011109:212445:212502 [3] NCCL INFO Channel 12/0 : 3[3] -> 2[2] via P2P/CUMEM
nid011109:212445:212502 [3] NCCL INFO Channel 13/0 : 3[3] -> 2[2] via P2P/CUMEM
nid011109:212445:212502 [3] NCCL INFO Channel 15/0 : 3[3] -> 2[2] via P2P/CUMEM
nid011109:212445:212502 [3] NCCL INFO Channel 19/0 : 3[3] -> 2[2] via P2P/CUMEM
nid011130:209468:209825 [3] NCCL INFO Channel 11/0 : 7[3] -> 5[1] via P2P/CUMEM
nid011130:209468:209825 [3] NCCL INFO Channel 16/0 : 7[3] -> 5[1] via P2P/CUMEM
nid011130:209468:209825 [3] NCCL INFO Channel 22/0 : 7[3] -> 5[1] via P2P/CUMEM
nid011130:209468:209825 [3] NCCL INFO Channel 23/0 : 7[3] -> 5[1] via P2P/CUMEM
nid011130:209465:209826 [0] NCCL INFO Channel 06/0 : 4[0] -> 2[2] [send] via NET/AWS Libfabric/2
nid011130:209465:209826 [0] NCCL INFO Channel 18/0 : 4[0] -> 2[2] [send] via NET/AWS Libfabric/2
nid011109:212445:212502 [3] NCCL INFO Channel 21/0 : 3[3] -> 2[2] via P2P/CUMEM
nid011130:209466:209827 [1] NCCL INFO Channel 01/0 : 5[1] -> 4[0] via P2P/CUMEM
nid011130:209468:209825 [3] NCCL INFO Channel 03/0 : 0[0] -> 7[3] [receive] via NET/AWS Libfabric/3/GDRDMA
nid011130:209468:209825 [3] NCCL INFO Channel 15/0 : 0[0] -> 7[3] [receive] via NET/AWS Libfabric/3/GDRDMA
nid011130:209468:209825 [3] NCCL INFO Channel 00/0 : 7[3] -> 6[2] via P2P/CUMEM
nid011130:209468:209825 [3] NCCL INFO Channel 01/0 : 7[3] -> 6[2] via P2P/CUMEM
nid011109:212444:212504 [2] NCCL INFO Channel 09/0 : 2[2] -> 0[0] via P2P/CUMEM
nid011130:209468:209825 [3] NCCL INFO Channel 03/0 : 7[3] -> 6[2] via P2P/CUMEM
nid011130:209468:209825 [3] NCCL INFO Channel 07/0 : 7[3] -> 6[2] via P2P/CUMEM
nid011130:209468:209825 [3] NCCL INFO Channel 09/0 : 7[3] -> 6[2] via P2P/CUMEM
nid011109:212444:212504 [2] NCCL INFO Channel 10/0 : 2[2] -> 0[0] via P2P/CUMEM
nid011109:212444:212504 [2] NCCL INFO Channel 19/0 : 2[2] -> 0[0] via P2P/CUMEM
nid011109:212444:212504 [2] NCCL INFO Channel 21/0 : 2[2] -> 0[0] via P2P/CUMEM
nid011109:212444:212504 [2] NCCL INFO Channel 22/0 : 2[2] -> 0[0] via P2P/CUMEM
nid011130:209466:209827 [1] NCCL INFO Channel 02/0 : 5[1] -> 4[0] via P2P/CUMEM
nid011130:209466:209827 [1] NCCL INFO Channel 03/0 : 5[1] -> 4[0] via P2P/CUMEM
nid011130:209466:209827 [1] NCCL INFO Channel 05/0 : 5[1] -> 4[0] via P2P/CUMEM
nid011109:212443:212503 [1] NCCL INFO Channel 01/0 : 1[1] -> 0[0] via P2P/CUMEM
nid011109:212443:212503 [1] NCCL INFO Channel 02/0 : 1[1] -> 0[0] via P2P/CUMEM
nid011109:212443:212503 [1] NCCL INFO Channel 03/0 : 1[1] -> 0[0] via P2P/CUMEM
nid011109:212443:212503 [1] NCCL INFO Channel 05/0 : 1[1] -> 0[0] via P2P/CUMEM
nid011109:212443:212503 [1] NCCL INFO Channel 11/0 : 1[1] -> 0[0] via P2P/CUMEM
nid011109:212443:212503 [1] NCCL INFO Channel 13/0 : 1[1] -> 0[0] via P2P/CUMEM
nid011130:209466:209827 [1] NCCL INFO Channel 11/0 : 5[1] -> 4[0] via P2P/CUMEM
nid011130:209466:209827 [1] NCCL INFO Channel 13/0 : 5[1] -> 4[0] via P2P/CUMEM
nid011109:212444:212504 [2] NCCL INFO Channel 00/0 : 2[2] -> 1[1] via P2P/CUMEM
nid011130:209466:209827 [1] NCCL INFO Channel 14/0 : 5[1] -> 4[0] via P2P/CUMEM
nid011109:212444:212504 [2] NCCL INFO Channel 02/0 : 2[2] -> 1[1] via P2P/CUMEM
nid011130:209466:209827 [1] NCCL INFO Channel 15/0 : 5[1] -> 4[0] via P2P/CUMEM
nid011109:212444:212504 [2] NCCL INFO Channel 03/0 : 2[2] -> 1[1] via P2P/CUMEM
nid011130:209466:209827 [1] NCCL INFO Channel 17/0 : 5[1] -> 4[0] via P2P/CUMEM
nid011109:212444:212504 [2] NCCL INFO Channel 06/0 : 2[2] -> 1[1] via P2P/CUMEM
nid011130:209466:209827 [1] NCCL INFO Channel 23/0 : 5[1] -> 4[0] via P2P/CUMEM
nid011109:212444:212504 [2] NCCL INFO Channel 08/0 : 2[2] -> 1[1] via P2P/CUMEM
nid011130:209468:209825 [3] NCCL INFO Channel 12/0 : 7[3] -> 6[2] via P2P/CUMEM
nid011109:212444:212504 [2] NCCL INFO Channel 12/0 : 2[2] -> 1[1] via P2P/CUMEM
nid011109:212444:212504 [2] NCCL INFO Channel 14/0 : 2[2] -> 1[1] via P2P/CUMEM
nid011109:212444:212504 [2] NCCL INFO Channel 15/0 : 2[2] -> 1[1] via P2P/CUMEM
nid011109:212444:212504 [2] NCCL INFO Channel 18/0 : 2[2] -> 1[1] via P2P/CUMEM
nid011109:212444:212504 [2] NCCL INFO Channel 20/0 : 2[2] -> 1[1] via P2P/CUMEM
nid011130:209465:209826 [0] NCCL INFO Channel 03/0 : 4[0] -> 3[3] [send] via NET/AWS Libfabric/3
nid011130:209465:209826 [0] NCCL INFO Channel 15/0 : 4[0] -> 3[3] [send] via NET/AWS Libfabric/3
nid011109:212443:212503 [1] NCCL INFO Channel 14/0 : 1[1] -> 0[0] via P2P/CUMEM
nid011109:212443:212503 [1] NCCL INFO Channel 15/0 : 1[1] -> 0[0] via P2P/CUMEM
nid011109:212443:212503 [1] NCCL INFO Channel 17/0 : 1[1] -> 0[0] via P2P/CUMEM
nid011130:209468:209825 [3] NCCL INFO Channel 13/0 : 7[3] -> 6[2] via P2P/CUMEM
nid011130:209468:209825 [3] NCCL INFO Channel 15/0 : 7[3] -> 6[2] via P2P/CUMEM
nid011130:209468:209825 [3] NCCL INFO Channel 19/0 : 7[3] -> 6[2] via P2P/CUMEM
nid011130:209468:209825 [3] NCCL INFO Channel 21/0 : 7[3] -> 6[2] via P2P/CUMEM
nid011109:212443:212503 [1] NCCL INFO Channel 23/0 : 1[1] -> 0[0] via P2P/CUMEM
nid011109:212442:212501 [0] NCCL INFO Channel 03/0 : 0[0] -> 7[3] [send] via NET/AWS Libfabric/3
nid011109:212442:212501 [0] NCCL INFO Channel 15/0 : 0[0] -> 7[3] [send] via NET/AWS Libfabric/3
nid011130:209467:209828 [2] NCCL INFO Channel 00/0 : 6[2] -> 5[1] via P2P/CUMEM
nid011130:209467:209828 [2] NCCL INFO Channel 02/0 : 6[2] -> 5[1] via P2P/CUMEM
nid011130:209467:209828 [2] NCCL INFO Channel 03/0 : 6[2] -> 5[1] via P2P/CUMEM
nid011130:209467:209828 [2] NCCL INFO Channel 06/0 : 6[2] -> 5[1] via P2P/CUMEM
nid011130:209467:209828 [2] NCCL INFO Channel 08/0 : 6[2] -> 5[1] via P2P/CUMEM
nid011130:209467:209828 [2] NCCL INFO Channel 12/0 : 6[2] -> 5[1] via P2P/CUMEM
nid011130:209467:209828 [2] NCCL INFO Channel 14/0 : 6[2] -> 5[1] via P2P/CUMEM
nid011130:209467:209828 [2] NCCL INFO Channel 15/0 : 6[2] -> 5[1] via P2P/CUMEM
nid011130:209467:209828 [2] NCCL INFO Channel 18/0 : 6[2] -> 5[1] via P2P/CUMEM
nid011130:209467:209828 [2] NCCL INFO Channel 20/0 : 6[2] -> 5[1] via P2P/CUMEM
nid011130:209467:209828 [2] NCCL INFO Connected all rings
nid011109:212444:212504 [2] NCCL INFO Connected all rings
nid011109:212443:212503 [1] NCCL INFO Connected all rings
nid011130:209466:209827 [1] NCCL INFO Connected all rings
nid011109:212445:212502 [3] NCCL INFO Connected all rings
nid011130:209465:209826 [0] NCCL INFO Connected all rings
nid011130:209465:209826 [0] NCCL INFO Channel 00/0 : 4[0] -> 5[1] via P2P/CUMEM
nid011130:209468:209825 [3] NCCL INFO Connected all rings
nid011109:212442:212501 [0] NCCL INFO Connected all rings
nid011109:212442:212501 [0] NCCL INFO Channel 00/0 : 0[0] -> 1[1] via P2P/CUMEM
nid011109:212442:212501 [0] NCCL INFO Channel 02/0 : 0[0] -> 1[1] via P2P/CUMEM
nid011109:212442:212501 [0] NCCL INFO Channel 03/0 : 0[0] -> 1[1] via P2P/CUMEM
nid011109:212442:212501 [0] NCCL INFO Channel 04/0 : 0[0] -> 1[1] via P2P/CUMEM
nid011130:209465:209826 [0] NCCL INFO Channel 02/0 : 4[0] -> 5[1] via P2P/CUMEM
nid011130:209465:209826 [0] NCCL INFO Channel 03/0 : 4[0] -> 5[1] via P2P/CUMEM
nid011130:209465:209826 [0] NCCL INFO Channel 04/0 : 4[0] -> 5[1] via P2P/CUMEM
nid011130:209465:209826 [0] NCCL INFO Channel 06/0 : 4[0] -> 5[1] via P2P/CUMEM
nid011130:209465:209826 [0] NCCL INFO Channel 08/0 : 4[0] -> 5[1] via P2P/CUMEM
nid011130:209465:209826 [0] NCCL INFO Channel 10/0 : 4[0] -> 5[1] via P2P/CUMEM
nid011130:209465:209826 [0] NCCL INFO Channel 11/0 : 4[0] -> 5[1] via P2P/CUMEM
nid011109:212442:212501 [0] NCCL INFO Channel 06/0 : 0[0] -> 1[1] via P2P/CUMEM
nid011130:209465:209826 [0] NCCL INFO Channel 12/0 : 4[0] -> 5[1] via P2P/CUMEM
nid011109:212442:212501 [0] NCCL INFO Channel 08/0 : 0[0] -> 1[1] via P2P/CUMEM
nid011130:209465:209826 [0] NCCL INFO Channel 14/0 : 4[0] -> 5[1] via P2P/CUMEM
nid011130:209465:209826 [0] NCCL INFO Channel 15/0 : 4[0] -> 5[1] via P2P/CUMEM
nid011109:212442:212501 [0] NCCL INFO Channel 10/0 : 0[0] -> 1[1] via P2P/CUMEM
nid011130:209465:209826 [0] NCCL INFO Channel 16/0 : 4[0] -> 5[1] via P2P/CUMEM
nid011109:212442:212501 [0] NCCL INFO Channel 11/0 : 0[0] -> 1[1] via P2P/CUMEM
nid011130:209465:209826 [0] NCCL INFO Channel 18/0 : 4[0] -> 5[1] via P2P/CUMEM
nid011109:212442:212501 [0] NCCL INFO Channel 12/0 : 0[0] -> 1[1] via P2P/CUMEM
nid011109:212442:212501 [0] NCCL INFO Channel 14/0 : 0[0] -> 1[1] via P2P/CUMEM
nid011109:212442:212501 [0] NCCL INFO Channel 15/0 : 0[0] -> 1[1] via P2P/CUMEM
nid011109:212442:212501 [0] NCCL INFO Channel 16/0 : 0[0] -> 1[1] via P2P/CUMEM
nid011130:209465:209826 [0] NCCL INFO Channel 20/0 : 4[0] -> 5[1] via P2P/CUMEM
nid011130:209465:209826 [0] NCCL INFO Channel 22/0 : 4[0] -> 5[1] via P2P/CUMEM
nid011130:209466:209827 [1] NCCL INFO Channel 00/0 : 5[1] -> 6[2] via P2P/CUMEM
nid011130:209466:209827 [1] NCCL INFO Channel 01/0 : 5[1] -> 6[2] via P2P/CUMEM
nid011130:209466:209827 [1] NCCL INFO Channel 03/0 : 5[1] -> 6[2] via P2P/CUMEM
nid011130:209466:209827 [1] NCCL INFO Channel 05/0 : 5[1] -> 6[2] via P2P/CUMEM
nid011130:209466:209827 [1] NCCL INFO Channel 07/0 : 5[1] -> 6[2] via P2P/CUMEM
nid011130:209466:209827 [1] NCCL INFO Channel 08/0 : 5[1] -> 6[2] via P2P/CUMEM
nid011130:209466:209827 [1] NCCL INFO Channel 09/0 : 5[1] -> 6[2] via P2P/CUMEM
nid011130:209466:209827 [1] NCCL INFO Channel 11/0 : 5[1] -> 6[2] via P2P/CUMEM
nid011130:209466:209827 [1] NCCL INFO Channel 12/0 : 5[1] -> 6[2] via P2P/CUMEM
nid011130:209466:209827 [1] NCCL INFO Channel 13/0 : 5[1] -> 6[2] via P2P/CUMEM
nid011130:209466:209827 [1] NCCL INFO Channel 15/0 : 5[1] -> 6[2] via P2P/CUMEM
nid011130:209466:209827 [1] NCCL INFO Channel 17/0 : 5[1] -> 6[2] via P2P/CUMEM
nid011130:209466:209827 [1] NCCL INFO Channel 19/0 : 5[1] -> 6[2] via P2P/CUMEM
nid011109:212442:212501 [0] NCCL INFO Channel 18/0 : 0[0] -> 1[1] via P2P/CUMEM
nid011109:212444:212504 [2] NCCL INFO Channel 00/0 : 2[2] -> 3[3] via P2P/CUMEM
nid011109:212442:212501 [0] NCCL INFO Channel 20/0 : 0[0] -> 1[1] via P2P/CUMEM
nid011109:212442:212501 [0] NCCL INFO Channel 22/0 : 0[0] -> 1[1] via P2P/CUMEM
nid011109:212442:212501 [0] NCCL INFO Channel 23/0 : 0[0] -> 1[1] via P2P/CUMEM
nid011130:209465:209826 [0] NCCL INFO Channel 23/0 : 4[0] -> 5[1] via P2P/CUMEM
nid011109:212444:212504 [2] NCCL INFO Channel 01/0 : 2[2] -> 3[3] via P2P/CUMEM
nid011109:212443:212503 [1] NCCL INFO Channel 00/0 : 1[1] -> 2[2] via P2P/CUMEM
nid011109:212443:212503 [1] NCCL INFO Channel 01/0 : 1[1] -> 2[2] via P2P/CUMEM
nid011109:212443:212503 [1] NCCL INFO Channel 03/0 : 1[1] -> 2[2] via P2P/CUMEM
nid011109:212443:212503 [1] NCCL INFO Channel 05/0 : 1[1] -> 2[2] via P2P/CUMEM
nid011109:212443:212503 [1] NCCL INFO Channel 07/0 : 1[1] -> 2[2] via P2P/CUMEM
nid011109:212443:212503 [1] NCCL INFO Channel 08/0 : 1[1] -> 2[2] via P2P/CUMEM
nid011109:212443:212503 [1] NCCL INFO Channel 09/0 : 1[1] -> 2[2] via P2P/CUMEM
nid011109:212443:212503 [1] NCCL INFO Channel 11/0 : 1[1] -> 2[2] via P2P/CUMEM
nid011109:212444:212504 [2] NCCL INFO Channel 02/0 : 2[2] -> 3[3] via P2P/CUMEM
nid011130:209466:209827 [1] NCCL INFO Channel 20/0 : 5[1] -> 6[2] via P2P/CUMEM
nid011130:209466:209827 [1] NCCL INFO Channel 21/0 : 5[1] -> 6[2] via P2P/CUMEM
nid011130:209466:209827 [1] NCCL INFO Channel 23/0 : 5[1] -> 6[2] via P2P/CUMEM
nid011130:209465:209826 [0] NCCL INFO Channel 03/0 : 4[0] -> 7[3] via P2P/CUMEM
nid011109:212443:212503 [1] NCCL INFO Channel 12/0 : 1[1] -> 2[2] via P2P/CUMEM
nid011109:212443:212503 [1] NCCL INFO Channel 13/0 : 1[1] -> 2[2] via P2P/CUMEM
nid011109:212443:212503 [1] NCCL INFO Channel 15/0 : 1[1] -> 2[2] via P2P/CUMEM
nid011109:212443:212503 [1] NCCL INFO Channel 17/0 : 1[1] -> 2[2] via P2P/CUMEM
nid011109:212443:212503 [1] NCCL INFO Channel 19/0 : 1[1] -> 2[2] via P2P/CUMEM
nid011109:212444:212504 [2] NCCL INFO Channel 04/0 : 2[2] -> 3[3] via P2P/CUMEM
nid011109:212444:212504 [2] NCCL INFO Channel 06/0 : 2[2] -> 3[3] via P2P/CUMEM
nid011130:209467:209828 [2] NCCL INFO Channel 00/0 : 6[2] -> 7[3] via P2P/CUMEM
nid011130:209467:209828 [2] NCCL INFO Channel 01/0 : 6[2] -> 7[3] via P2P/CUMEM
nid011130:209467:209828 [2] NCCL INFO Channel 02/0 : 6[2] -> 7[3] via P2P/CUMEM
nid011109:212443:212503 [1] NCCL INFO Channel 20/0 : 1[1] -> 2[2] via P2P/CUMEM
nid011109:212443:212503 [1] NCCL INFO Channel 21/0 : 1[1] -> 2[2] via P2P/CUMEM
nid011109:212443:212503 [1] NCCL INFO Channel 23/0 : 1[1] -> 2[2] via P2P/CUMEM
nid011109:212442:212501 [0] NCCL INFO Channel 03/0 : 0[0] -> 3[3] via P2P/CUMEM
nid011109:212442:212501 [0] NCCL INFO Channel 05/0 : 0[0] -> 3[3] via P2P/CUMEM
nid011109:212442:212501 [0] NCCL INFO Channel 06/0 : 0[0] -> 3[3] via P2P/CUMEM
nid011130:209465:209826 [0] NCCL INFO Channel 05/0 : 4[0] -> 7[3] via P2P/CUMEM
nid011130:209465:209826 [0] NCCL INFO Channel 06/0 : 4[0] -> 7[3] via P2P/CUMEM
nid011130:209465:209826 [0] NCCL INFO Channel 07/0 : 4[0] -> 7[3] via P2P/CUMEM
nid011130:209465:209826 [0] NCCL INFO Channel 09/0 : 4[0] -> 7[3] via P2P/CUMEM
nid011130:209465:209826 [0] NCCL INFO Channel 11/0 : 4[0] -> 7[3] via P2P/CUMEM
nid011130:209465:209826 [0] NCCL INFO Channel 15/0 : 4[0] -> 7[3] via P2P/CUMEM
nid011130:209465:209826 [0] NCCL INFO Channel 17/0 : 4[0] -> 7[3] via P2P/CUMEM
nid011130:209465:209826 [0] NCCL INFO Channel 18/0 : 4[0] -> 7[3] via P2P/CUMEM
nid011130:209465:209826 [0] NCCL INFO Channel 19/0 : 4[0] -> 7[3] via P2P/CUMEM
nid011130:209465:209826 [0] NCCL INFO Channel 21/0 : 4[0] -> 7[3] via P2P/CUMEM
nid011130:209465:209826 [0] NCCL INFO Channel 23/0 : 4[0] -> 7[3] via P2P/CUMEM
nid011109:212444:212504 [2] NCCL INFO Channel 08/0 : 2[2] -> 3[3] via P2P/CUMEM
nid011109:212444:212504 [2] NCCL INFO Channel 09/0 : 2[2] -> 3[3] via P2P/CUMEM
nid011109:212444:212504 [2] NCCL INFO Channel 10/0 : 2[2] -> 3[3] via P2P/CUMEM
nid011109:212444:212504 [2] NCCL INFO Channel 12/0 : 2[2] -> 3[3] via P2P/CUMEM
nid011109:212444:212504 [2] NCCL INFO Channel 13/0 : 2[2] -> 3[3] via P2P/CUMEM
nid011109:212444:212504 [2] NCCL INFO Channel 14/0 : 2[2] -> 3[3] via P2P/CUMEM
nid011109:212444:212504 [2] NCCL INFO Channel 16/0 : 2[2] -> 3[3] via P2P/CUMEM
nid011109:212444:212504 [2] NCCL INFO Channel 18/0 : 2[2] -> 3[3] via P2P/CUMEM
nid011109:212444:212504 [2] NCCL INFO Channel 20/0 : 2[2] -> 3[3] via P2P/CUMEM
nid011109:212444:212504 [2] NCCL INFO Channel 21/0 : 2[2] -> 3[3] via P2P/CUMEM
nid011130:209467:209828 [2] NCCL INFO Channel 04/0 : 6[2] -> 7[3] via P2P/CUMEM
nid011109:212442:212501 [0] NCCL INFO Channel 07/0 : 0[0] -> 3[3] via P2P/CUMEM
nid011130:209467:209828 [2] NCCL INFO Channel 06/0 : 6[2] -> 7[3] via P2P/CUMEM
nid011109:212442:212501 [0] NCCL INFO Channel 09/0 : 0[0] -> 3[3] via P2P/CUMEM
nid011109:212442:212501 [0] NCCL INFO Channel 11/0 : 0[0] -> 3[3] via P2P/CUMEM
nid011109:212444:212504 [2] NCCL INFO Channel 22/0 : 2[2] -> 3[3] via P2P/CUMEM
nid011109:212442:212501 [0] NCCL INFO Channel 15/0 : 0[0] -> 3[3] via P2P/CUMEM
nid011109:212442:212501 [0] NCCL INFO Channel 17/0 : 0[0] -> 3[3] via P2P/CUMEM
nid011109:212442:212501 [0] NCCL INFO Channel 18/0 : 0[0] -> 3[3] via P2P/CUMEM
nid011109:212442:212501 [0] NCCL INFO Channel 19/0 : 0[0] -> 3[3] via P2P/CUMEM
nid011109:212442:212501 [0] NCCL INFO Channel 21/0 : 0[0] -> 3[3] via P2P/CUMEM
nid011109:212442:212501 [0] NCCL INFO Channel 23/0 : 0[0] -> 3[3] via P2P/CUMEM
nid011130:209467:209828 [2] NCCL INFO Channel 08/0 : 6[2] -> 7[3] via P2P/CUMEM
nid011130:209467:209828 [2] NCCL INFO Channel 09/0 : 6[2] -> 7[3] via P2P/CUMEM
nid011130:209467:209828 [2] NCCL INFO Channel 10/0 : 6[2] -> 7[3] via P2P/CUMEM
nid011109:212444:212504 [2] NCCL INFO Channel 02/0 : 6[2] -> 2[2] [receive] via NET/AWS Libfabric/2/GDRDMA
nid011109:212444:212504 [2] NCCL INFO Channel 06/0 : 6[2] -> 2[2] [receive] via NET/AWS Libfabric/2/GDRDMA
nid011109:212444:212504 [2] NCCL INFO Channel 10/0 : 6[2] -> 2[2] [receive] via NET/AWS Libfabric/2/GDRDMA
nid011109:212444:212504 [2] NCCL INFO Channel 14/0 : 6[2] -> 2[2] [receive] via NET/AWS Libfabric/2/GDRDMA
nid011109:212444:212504 [2] NCCL INFO Channel 18/0 : 6[2] -> 2[2] [receive] via NET/AWS Libfabric/2/GDRDMA
nid011109:212444:212504 [2] NCCL INFO Channel 22/0 : 6[2] -> 2[2] [receive] via NET/AWS Libfabric/2/GDRDMA
nid011109:212444:212504 [2] NCCL INFO Channel 02/0 : 2[2] -> 6[2] [send] via NET/AWS Libfabric/2/GDRDMA
nid011109:212444:212504 [2] NCCL INFO Channel 06/0 : 2[2] -> 6[2] [send] via NET/AWS Libfabric/2/GDRDMA
nid011109:212444:212504 [2] NCCL INFO Channel 10/0 : 2[2] -> 6[2] [send] via NET/AWS Libfabric/2/GDRDMA
nid011109:212444:212504 [2] NCCL INFO Channel 14/0 : 2[2] -> 6[2] [send] via NET/AWS Libfabric/2/GDRDMA
nid011109:212444:212504 [2] NCCL INFO Channel 18/0 : 2[2] -> 6[2] [send] via NET/AWS Libfabric/2/GDRDMA
nid011109:212444:212504 [2] NCCL INFO Channel 22/0 : 2[2] -> 6[2] [send] via NET/AWS Libfabric/2/GDRDMA
nid011109:212443:212503 [1] NCCL INFO Channel 01/0 : 5[1] -> 1[1] [receive] via NET/AWS Libfabric/1/GDRDMA
nid011130:209467:209828 [2] NCCL INFO Channel 12/0 : 6[2] -> 7[3] via P2P/CUMEM
nid011130:209467:209828 [2] NCCL INFO Channel 13/0 : 6[2] -> 7[3] via P2P/CUMEM
nid011130:209467:209828 [2] NCCL INFO Channel 14/0 : 6[2] -> 7[3] via P2P/CUMEM
nid011130:209467:209828 [2] NCCL INFO Channel 16/0 : 6[2] -> 7[3] via P2P/CUMEM
nid011130:209467:209828 [2] NCCL INFO Channel 18/0 : 6[2] -> 7[3] via P2P/CUMEM
nid011130:209467:209828 [2] NCCL INFO Channel 20/0 : 6[2] -> 7[3] via P2P/CUMEM
nid011130:209467:209828 [2] NCCL INFO Channel 21/0 : 6[2] -> 7[3] via P2P/CUMEM
nid011130:209467:209828 [2] NCCL INFO Channel 22/0 : 6[2] -> 7[3] via P2P/CUMEM
nid011109:212443:212503 [1] NCCL INFO Channel 05/0 : 5[1] -> 1[1] [receive] via NET/AWS Libfabric/1/GDRDMA
nid011109:212443:212503 [1] NCCL INFO Channel 09/0 : 5[1] -> 1[1] [receive] via NET/AWS Libfabric/1/GDRDMA
nid011109:212443:212503 [1] NCCL INFO Channel 13/0 : 5[1] -> 1[1] [receive] via NET/AWS Libfabric/1/GDRDMA
nid011130:209466:209827 [1] NCCL INFO Channel 01/0 : 1[1] -> 5[1] [receive] via NET/AWS Libfabric/1/GDRDMA
nid011130:209467:209828 [2] NCCL INFO Channel 02/0 : 2[2] -> 6[2] [receive] via NET/AWS Libfabric/2/GDRDMA
nid011130:209467:209828 [2] NCCL INFO Channel 06/0 : 2[2] -> 6[2] [receive] via NET/AWS Libfabric/2/GDRDMA
nid011130:209467:209828 [2] NCCL INFO Channel 10/0 : 2[2] -> 6[2] [receive] via NET/AWS Libfabric/2/GDRDMA
nid011130:209467:209828 [2] NCCL INFO Channel 14/0 : 2[2] -> 6[2] [receive] via NET/AWS Libfabric/2/GDRDMA
nid011130:209467:209828 [2] NCCL INFO Channel 18/0 : 2[2] -> 6[2] [receive] via NET/AWS Libfabric/2/GDRDMA
nid011130:209467:209828 [2] NCCL INFO Channel 22/0 : 2[2] -> 6[2] [receive] via NET/AWS Libfabric/2/GDRDMA
nid011130:209467:209828 [2] NCCL INFO Channel 02/0 : 6[2] -> 2[2] [send] via NET/AWS Libfabric/2/GDRDMA
nid011130:209467:209828 [2] NCCL INFO Channel 06/0 : 6[2] -> 2[2] [send] via NET/AWS Libfabric/2/GDRDMA
nid011130:209467:209828 [2] NCCL INFO Channel 10/0 : 6[2] -> 2[2] [send] via NET/AWS Libfabric/2/GDRDMA
nid011130:209467:209828 [2] NCCL INFO Channel 14/0 : 6[2] -> 2[2] [send] via NET/AWS Libfabric/2/GDRDMA
nid011130:209467:209828 [2] NCCL INFO Channel 18/0 : 6[2] -> 2[2] [send] via NET/AWS Libfabric/2/GDRDMA
nid011130:209467:209828 [2] NCCL INFO Channel 22/0 : 6[2] -> 2[2] [send] via NET/AWS Libfabric/2/GDRDMA
nid011109:212442:212501 [0] NCCL INFO Channel 00/0 : 4[0] -> 0[0] [receive] via NET/AWS Libfabric/0/GDRDMA
nid011109:212445:212502 [3] NCCL INFO Channel 03/0 : 7[3] -> 3[3] [receive] via NET/AWS Libfabric/3/GDRDMA
nid011109:212442:212501 [0] NCCL INFO Channel 04/0 : 4[0] -> 0[0] [receive] via NET/AWS Libfabric/0/GDRDMA
nid011109:212445:212502 [3] NCCL INFO Channel 07/0 : 7[3] -> 3[3] [receive] via NET/AWS Libfabric/3/GDRDMA
nid011109:212442:212501 [0] NCCL INFO Channel 08/0 : 4[0] -> 0[0] [receive] via NET/AWS Libfabric/0/GDRDMA
nid011109:212442:212501 [0] NCCL INFO Channel 12/0 : 4[0] -> 0[0] [receive] via NET/AWS Libfabric/0/GDRDMA
nid011109:212442:212501 [0] NCCL INFO Channel 16/0 : 4[0] -> 0[0] [receive] via NET/AWS Libfabric/0/GDRDMA
nid011109:212442:212501 [0] NCCL INFO Channel 20/0 : 4[0] -> 0[0] [receive] via NET/AWS Libfabric/0/GDRDMA
nid011109:212442:212501 [0] NCCL INFO Channel 00/0 : 0[0] -> 4[0] [send] via NET/AWS Libfabric/0/GDRDMA
nid011109:212442:212501 [0] NCCL INFO Channel 04/0 : 0[0] -> 4[0] [send] via NET/AWS Libfabric/0/GDRDMA
nid011109:212442:212501 [0] NCCL INFO Channel 08/0 : 0[0] -> 4[0] [send] via NET/AWS Libfabric/0/GDRDMA
nid011109:212442:212501 [0] NCCL INFO Channel 12/0 : 0[0] -> 4[0] [send] via NET/AWS Libfabric/0/GDRDMA
nid011109:212442:212501 [0] NCCL INFO Channel 16/0 : 0[0] -> 4[0] [send] via NET/AWS Libfabric/0/GDRDMA
nid011109:212442:212501 [0] NCCL INFO Channel 20/0 : 0[0] -> 4[0] [send] via NET/AWS Libfabric/0/GDRDMA
nid011130:209467:209828 [2] NCCL INFO Channel 01/0 : 6[2] -> 5[1] via P2P/CUMEM
nid011130:209467:209828 [2] NCCL INFO Channel 04/0 : 6[2] -> 5[1] via P2P/CUMEM
nid011130:209467:209828 [2] NCCL INFO Channel 05/0 : 6[2] -> 5[1] via P2P/CUMEM
nid011130:209467:209828 [2] NCCL INFO Channel 07/0 : 6[2] -> 5[1] via P2P/CUMEM
nid011130:209467:209828 [2] NCCL INFO Channel 09/0 : 6[2] -> 5[1] via P2P/CUMEM
nid011130:209467:209828 [2] NCCL INFO Channel 11/0 : 6[2] -> 5[1] via P2P/CUMEM
nid011130:209467:209828 [2] NCCL INFO Channel 13/0 : 6[2] -> 5[1] via P2P/CUMEM
nid011130:209467:209828 [2] NCCL INFO Channel 16/0 : 6[2] -> 5[1] via P2P/CUMEM
nid011130:209467:209828 [2] NCCL INFO Channel 17/0 : 6[2] -> 5[1] via P2P/CUMEM
nid011130:209467:209828 [2] NCCL INFO Channel 19/0 : 6[2] -> 5[1] via P2P/CUMEM
nid011130:209467:209828 [2] NCCL INFO Channel 21/0 : 6[2] -> 5[1] via P2P/CUMEM
nid011130:209467:209828 [2] NCCL INFO Channel 23/0 : 6[2] -> 5[1] via P2P/CUMEM
nid011109:212443:212503 [1] NCCL INFO Channel 17/0 : 5[1] -> 1[1] [receive] via NET/AWS Libfabric/1/GDRDMA
nid011109:212443:212503 [1] NCCL INFO Channel 21/0 : 5[1] -> 1[1] [receive] via NET/AWS Libfabric/1/GDRDMA
nid011109:212443:212503 [1] NCCL INFO Channel 01/0 : 1[1] -> 5[1] [send] via NET/AWS Libfabric/1/GDRDMA
nid011109:212443:212503 [1] NCCL INFO Channel 05/0 : 1[1] -> 5[1] [send] via NET/AWS Libfabric/1/GDRDMA
nid011130:209466:209827 [1] NCCL INFO Channel 05/0 : 1[1] -> 5[1] [receive] via NET/AWS Libfabric/1/GDRDMA
nid011130:209466:209827 [1] NCCL INFO Channel 09/0 : 1[1] -> 5[1] [receive] via NET/AWS Libfabric/1/GDRDMA
nid011130:209466:209827 [1] NCCL INFO Channel 13/0 : 1[1] -> 5[1] [receive] via NET/AWS Libfabric/1/GDRDMA
nid011130:209466:209827 [1] NCCL INFO Channel 17/0 : 1[1] -> 5[1] [receive] via NET/AWS Libfabric/1/GDRDMA
nid011130:209466:209827 [1] NCCL INFO Channel 21/0 : 1[1] -> 5[1] [receive] via NET/AWS Libfabric/1/GDRDMA
nid011130:209466:209827 [1] NCCL INFO Channel 01/0 : 5[1] -> 1[1] [send] via NET/AWS Libfabric/1/GDRDMA
nid011130:209466:209827 [1] NCCL INFO Channel 05/0 : 5[1] -> 1[1] [send] via NET/AWS Libfabric/1/GDRDMA
nid011130:209466:209827 [1] NCCL INFO Channel 09/0 : 5[1] -> 1[1] [send] via NET/AWS Libfabric/1/GDRDMA
nid011130:209466:209827 [1] NCCL INFO Channel 13/0 : 5[1] -> 1[1] [send] via NET/AWS Libfabric/1/GDRDMA
nid011130:209466:209827 [1] NCCL INFO Channel 17/0 : 5[1] -> 1[1] [send] via NET/AWS Libfabric/1/GDRDMA
nid011130:209466:209827 [1] NCCL INFO Channel 21/0 : 5[1] -> 1[1] [send] via NET/AWS Libfabric/1/GDRDMA
nid011109:212443:212503 [1] NCCL INFO Channel 09/0 : 1[1] -> 5[1] [send] via NET/AWS Libfabric/1/GDRDMA
nid011109:212443:212503 [1] NCCL INFO Channel 13/0 : 1[1] -> 5[1] [send] via NET/AWS Libfabric/1/GDRDMA
nid011109:212443:212503 [1] NCCL INFO Channel 17/0 : 1[1] -> 5[1] [send] via NET/AWS Libfabric/1/GDRDMA
nid011109:212443:212503 [1] NCCL INFO Channel 21/0 : 1[1] -> 5[1] [send] via NET/AWS Libfabric/1/GDRDMA
nid011109:212445:212502 [3] NCCL INFO Channel 11/0 : 7[3] -> 3[3] [receive] via NET/AWS Libfabric/3/GDRDMA
nid011109:212445:212502 [3] NCCL INFO Channel 15/0 : 7[3] -> 3[3] [receive] via NET/AWS Libfabric/3/GDRDMA
nid011109:212445:212502 [3] NCCL INFO Channel 19/0 : 7[3] -> 3[3] [receive] via NET/AWS Libfabric/3/GDRDMA
nid011109:212445:212502 [3] NCCL INFO Channel 23/0 : 7[3] -> 3[3] [receive] via NET/AWS Libfabric/3/GDRDMA
nid011109:212445:212502 [3] NCCL INFO Channel 03/0 : 3[3] -> 7[3] [send] via NET/AWS Libfabric/3/GDRDMA
nid011109:212445:212502 [3] NCCL INFO Channel 07/0 : 3[3] -> 7[3] [send] via NET/AWS Libfabric/3/GDRDMA
nid011109:212445:212502 [3] NCCL INFO Channel 11/0 : 3[3] -> 7[3] [send] via NET/AWS Libfabric/3/GDRDMA
nid011130:209465:209826 [0] NCCL INFO Channel 00/0 : 0[0] -> 4[0] [receive] via NET/AWS Libfabric/0/GDRDMA
nid011130:209468:209825 [3] NCCL INFO Channel 03/0 : 3[3] -> 7[3] [receive] via NET/AWS Libfabric/3/GDRDMA
nid011130:209465:209826 [0] NCCL INFO Channel 04/0 : 0[0] -> 4[0] [receive] via NET/AWS Libfabric/0/GDRDMA
nid011130:209468:209825 [3] NCCL INFO Channel 07/0 : 3[3] -> 7[3] [receive] via NET/AWS Libfabric/3/GDRDMA
nid011130:209465:209826 [0] NCCL INFO Channel 08/0 : 0[0] -> 4[0] [receive] via NET/AWS Libfabric/0/GDRDMA
nid011130:209468:209825 [3] NCCL INFO Channel 11/0 : 3[3] -> 7[3] [receive] via NET/AWS Libfabric/3/GDRDMA
nid011130:209465:209826 [0] NCCL INFO Channel 12/0 : 0[0] -> 4[0] [receive] via NET/AWS Libfabric/0/GDRDMA
nid011130:209468:209825 [3] NCCL INFO Channel 15/0 : 3[3] -> 7[3] [receive] via NET/AWS Libfabric/3/GDRDMA
nid011130:209465:209826 [0] NCCL INFO Channel 16/0 : 0[0] -> 4[0] [receive] via NET/AWS Libfabric/0/GDRDMA
nid011130:209468:209825 [3] NCCL INFO Channel 19/0 : 3[3] -> 7[3] [receive] via NET/AWS Libfabric/3/GDRDMA
nid011130:209465:209826 [0] NCCL INFO Channel 20/0 : 0[0] -> 4[0] [receive] via NET/AWS Libfabric/0/GDRDMA
nid011130:209468:209825 [3] NCCL INFO Channel 23/0 : 3[3] -> 7[3] [receive] via NET/AWS Libfabric/3/GDRDMA
nid011130:209465:209826 [0] NCCL INFO Channel 00/0 : 4[0] -> 0[0] [send] via NET/AWS Libfabric/0/GDRDMA
nid011130:209468:209825 [3] NCCL INFO Channel 03/0 : 7[3] -> 3[3] [send] via NET/AWS Libfabric/3/GDRDMA
nid011130:209465:209826 [0] NCCL INFO Channel 04/0 : 4[0] -> 0[0] [send] via NET/AWS Libfabric/0/GDRDMA
nid011130:209468:209825 [3] NCCL INFO Channel 07/0 : 7[3] -> 3[3] [send] via NET/AWS Libfabric/3/GDRDMA
nid011130:209468:209825 [3] NCCL INFO Channel 11/0 : 7[3] -> 3[3] [send] via NET/AWS Libfabric/3/GDRDMA
nid011130:209468:209825 [3] NCCL INFO Channel 15/0 : 7[3] -> 3[3] [send] via NET/AWS Libfabric/3/GDRDMA
nid011130:209468:209825 [3] NCCL INFO Channel 19/0 : 7[3] -> 3[3] [send] via NET/AWS Libfabric/3/GDRDMA
nid011130:209468:209825 [3] NCCL INFO Channel 23/0 : 7[3] -> 3[3] [send] via NET/AWS Libfabric/3/GDRDMA
nid011130:209466:209827 [1] NCCL INFO Channel 00/0 : 5[1] -> 4[0] via P2P/CUMEM
nid011130:209465:209826 [0] NCCL INFO Channel 08/0 : 4[0] -> 0[0] [send] via NET/AWS Libfabric/0/GDRDMA
nid011130:209465:209826 [0] NCCL INFO Channel 12/0 : 4[0] -> 0[0] [send] via NET/AWS Libfabric/0/GDRDMA
nid011130:209465:209826 [0] NCCL INFO Channel 16/0 : 4[0] -> 0[0] [send] via NET/AWS Libfabric/0/GDRDMA
nid011130:209465:209826 [0] NCCL INFO Channel 20/0 : 4[0] -> 0[0] [send] via NET/AWS Libfabric/0/GDRDMA
nid011109:212445:212502 [3] NCCL INFO Channel 15/0 : 3[3] -> 7[3] [send] via NET/AWS Libfabric/3/GDRDMA
nid011109:212443:212503 [1] NCCL INFO Channel 00/0 : 1[1] -> 0[0] via P2P/CUMEM
nid011109:212444:212504 [2] NCCL INFO Channel 01/0 : 2[2] -> 1[1] via P2P/CUMEM
nid011130:209466:209827 [1] NCCL INFO Channel 04/0 : 5[1] -> 4[0] via P2P/CUMEM
nid011130:209466:209827 [1] NCCL INFO Channel 06/0 : 5[1] -> 4[0] via P2P/CUMEM
nid011130:209466:209827 [1] NCCL INFO Channel 07/0 : 5[1] -> 4[0] via P2P/CUMEM
nid011130:209466:209827 [1] NCCL INFO Channel 08/0 : 5[1] -> 4[0] via P2P/CUMEM
nid011130:209466:209827 [1] NCCL INFO Channel 10/0 : 5[1] -> 4[0] via P2P/CUMEM
nid011130:209466:209827 [1] NCCL INFO Channel 12/0 : 5[1] -> 4[0] via P2P/CUMEM
nid011130:209466:209827 [1] NCCL INFO Channel 16/0 : 5[1] -> 4[0] via P2P/CUMEM
nid011109:212444:212504 [2] NCCL INFO Channel 04/0 : 2[2] -> 1[1] via P2P/CUMEM
nid011109:212444:212504 [2] NCCL INFO Channel 05/0 : 2[2] -> 1[1] via P2P/CUMEM
nid011109:212444:212504 [2] NCCL INFO Channel 07/0 : 2[2] -> 1[1] via P2P/CUMEM
nid011109:212444:212504 [2] NCCL INFO Channel 09/0 : 2[2] -> 1[1] via P2P/CUMEM
nid011109:212444:212504 [2] NCCL INFO Channel 11/0 : 2[2] -> 1[1] via P2P/CUMEM
nid011109:212444:212504 [2] NCCL INFO Channel 13/0 : 2[2] -> 1[1] via P2P/CUMEM
nid011109:212444:212504 [2] NCCL INFO Channel 16/0 : 2[2] -> 1[1] via P2P/CUMEM
nid011109:212444:212504 [2] NCCL INFO Channel 17/0 : 2[2] -> 1[1] via P2P/CUMEM
nid011109:212444:212504 [2] NCCL INFO Channel 19/0 : 2[2] -> 1[1] via P2P/CUMEM
nid011109:212444:212504 [2] NCCL INFO Channel 21/0 : 2[2] -> 1[1] via P2P/CUMEM
nid011130:209466:209827 [1] NCCL INFO Channel 18/0 : 5[1] -> 4[0] via P2P/CUMEM
nid011130:209466:209827 [1] NCCL INFO Channel 19/0 : 5[1] -> 4[0] via P2P/CUMEM
nid011130:209466:209827 [1] NCCL INFO Channel 20/0 : 5[1] -> 4[0] via P2P/CUMEM
nid011109:212445:212502 [3] NCCL INFO Channel 19/0 : 3[3] -> 7[3] [send] via NET/AWS Libfabric/3/GDRDMA
nid011109:212445:212502 [3] NCCL INFO Channel 23/0 : 3[3] -> 7[3] [send] via NET/AWS Libfabric/3/GDRDMA
nid011109:212443:212503 [1] NCCL INFO Channel 04/0 : 1[1] -> 0[0] via P2P/CUMEM
nid011109:212445:212502 [3] NCCL INFO Channel 01/0 : 3[3] -> 0[0] via P2P/CUMEM
nid011109:212443:212503 [1] NCCL INFO Channel 06/0 : 1[1] -> 0[0] via P2P/CUMEM
nid011130:209468:209825 [3] NCCL INFO Channel 01/0 : 7[3] -> 4[0] via P2P/CUMEM
nid011109:212445:212502 [3] NCCL INFO Channel 02/0 : 3[3] -> 0[0] via P2P/CUMEM
nid011109:212443:212503 [1] NCCL INFO Channel 07/0 : 1[1] -> 0[0] via P2P/CUMEM
nid011130:209468:209825 [3] NCCL INFO Channel 02/0 : 7[3] -> 4[0] via P2P/CUMEM
nid011109:212443:212503 [1] NCCL INFO Channel 08/0 : 1[1] -> 0[0] via P2P/CUMEM
nid011130:209468:209825 [3] NCCL INFO Channel 03/0 : 7[3] -> 4[0] via P2P/CUMEM
nid011109:212443:212503 [1] NCCL INFO Channel 10/0 : 1[1] -> 0[0] via P2P/CUMEM
nid011130:209468:209825 [3] NCCL INFO Channel 05/0 : 7[3] -> 4[0] via P2P/CUMEM
nid011109:212443:212503 [1] NCCL INFO Channel 12/0 : 1[1] -> 0[0] via P2P/CUMEM
nid011130:209468:209825 [3] NCCL INFO Channel 07/0 : 7[3] -> 4[0] via P2P/CUMEM
nid011109:212443:212503 [1] NCCL INFO Channel 16/0 : 1[1] -> 0[0] via P2P/CUMEM
nid011130:209468:209825 [3] NCCL INFO Channel 09/0 : 7[3] -> 4[0] via P2P/CUMEM
nid011109:212443:212503 [1] NCCL INFO Channel 18/0 : 1[1] -> 0[0] via P2P/CUMEM
nid011130:209468:209825 [3] NCCL INFO Channel 10/0 : 7[3] -> 4[0] via P2P/CUMEM
nid011109:212443:212503 [1] NCCL INFO Channel 19/0 : 1[1] -> 0[0] via P2P/CUMEM
nid011130:209468:209825 [3] NCCL INFO Channel 11/0 : 7[3] -> 4[0] via P2P/CUMEM
nid011109:212443:212503 [1] NCCL INFO Channel 20/0 : 1[1] -> 0[0] via P2P/CUMEM
nid011130:209468:209825 [3] NCCL INFO Channel 13/0 : 7[3] -> 4[0] via P2P/CUMEM
nid011130:209468:209825 [3] NCCL INFO Channel 14/0 : 7[3] -> 4[0] via P2P/CUMEM
nid011130:209468:209825 [3] NCCL INFO Channel 15/0 : 7[3] -> 4[0] via P2P/CUMEM
nid011130:209468:209825 [3] NCCL INFO Channel 17/0 : 7[3] -> 4[0] via P2P/CUMEM
nid011130:209468:209825 [3] NCCL INFO Channel 19/0 : 7[3] -> 4[0] via P2P/CUMEM
nid011130:209468:209825 [3] NCCL INFO Channel 21/0 : 7[3] -> 4[0] via P2P/CUMEM
nid011130:209468:209825 [3] NCCL INFO Channel 22/0 : 7[3] -> 4[0] via P2P/CUMEM
nid011130:209468:209825 [3] NCCL INFO Channel 23/0 : 7[3] -> 4[0] via P2P/CUMEM
nid011109:212445:212502 [3] NCCL INFO Channel 03/0 : 3[3] -> 0[0] via P2P/CUMEM
nid011109:212445:212502 [3] NCCL INFO Channel 05/0 : 3[3] -> 0[0] via P2P/CUMEM
nid011109:212443:212503 [1] NCCL INFO Channel 22/0 : 1[1] -> 0[0] via P2P/CUMEM
nid011109:212444:212504 [2] NCCL INFO Channel 23/0 : 2[2] -> 1[1] via P2P/CUMEM
nid011130:209466:209827 [1] NCCL INFO Channel 22/0 : 5[1] -> 4[0] via P2P/CUMEM
nid011130:209468:209825 [3] NCCL INFO Channel 02/0 : 7[3] -> 6[2] via P2P/CUMEM
nid011130:209468:209825 [3] NCCL INFO Channel 04/0 : 7[3] -> 6[2] via P2P/CUMEM
nid011130:209468:209825 [3] NCCL INFO Channel 05/0 : 7[3] -> 6[2] via P2P/CUMEM
nid011130:209468:209825 [3] NCCL INFO Channel 06/0 : 7[3] -> 6[2] via P2P/CUMEM
nid011130:209468:209825 [3] NCCL INFO Channel 08/0 : 7[3] -> 6[2] via P2P/CUMEM
nid011130:209468:209825 [3] NCCL INFO Channel 10/0 : 7[3] -> 6[2] via P2P/CUMEM
nid011130:209468:209825 [3] NCCL INFO Channel 14/0 : 7[3] -> 6[2] via P2P/CUMEM
nid011130:209468:209825 [3] NCCL INFO Channel 16/0 : 7[3] -> 6[2] via P2P/CUMEM
nid011130:209468:209825 [3] NCCL INFO Channel 17/0 : 7[3] -> 6[2] via P2P/CUMEM
nid011130:209468:209825 [3] NCCL INFO Channel 18/0 : 7[3] -> 6[2] via P2P/CUMEM
nid011130:209468:209825 [3] NCCL INFO Channel 20/0 : 7[3] -> 6[2] via P2P/CUMEM
nid011109:212445:212502 [3] NCCL INFO Channel 07/0 : 3[3] -> 0[0] via P2P/CUMEM
nid011130:209468:209825 [3] NCCL INFO Channel 22/0 : 7[3] -> 6[2] via P2P/CUMEM
nid011109:212445:212502 [3] NCCL INFO Channel 09/0 : 3[3] -> 0[0] via P2P/CUMEM
nid011109:212445:212502 [3] NCCL INFO Channel 10/0 : 3[3] -> 0[0] via P2P/CUMEM
nid011109:212445:212502 [3] NCCL INFO Channel 11/0 : 3[3] -> 0[0] via P2P/CUMEM
nid011109:212445:212502 [3] NCCL INFO Channel 13/0 : 3[3] -> 0[0] via P2P/CUMEM
nid011109:212445:212502 [3] NCCL INFO Channel 14/0 : 3[3] -> 0[0] via P2P/CUMEM
nid011109:212445:212502 [3] NCCL INFO Channel 15/0 : 3[3] -> 0[0] via P2P/CUMEM
nid011109:212445:212502 [3] NCCL INFO Channel 17/0 : 3[3] -> 0[0] via P2P/CUMEM
nid011109:212445:212502 [3] NCCL INFO Channel 19/0 : 3[3] -> 0[0] via P2P/CUMEM
nid011109:212445:212502 [3] NCCL INFO Channel 21/0 : 3[3] -> 0[0] via P2P/CUMEM
nid011109:212445:212502 [3] NCCL INFO Channel 22/0 : 3[3] -> 0[0] via P2P/CUMEM
nid011109:212445:212502 [3] NCCL INFO Channel 23/0 : 3[3] -> 0[0] via P2P/CUMEM
nid011109:212445:212502 [3] NCCL INFO Channel 02/0 : 3[3] -> 2[2] via P2P/CUMEM
nid011109:212445:212502 [3] NCCL INFO Channel 04/0 : 3[3] -> 2[2] via P2P/CUMEM
nid011109:212445:212502 [3] NCCL INFO Channel 05/0 : 3[3] -> 2[2] via P2P/CUMEM
nid011109:212445:212502 [3] NCCL INFO Channel 06/0 : 3[3] -> 2[2] via P2P/CUMEM
nid011109:212445:212502 [3] NCCL INFO Channel 08/0 : 3[3] -> 2[2] via P2P/CUMEM
nid011109:212445:212502 [3] NCCL INFO Channel 10/0 : 3[3] -> 2[2] via P2P/CUMEM
nid011109:212445:212502 [3] NCCL INFO Channel 14/0 : 3[3] -> 2[2] via P2P/CUMEM
nid011109:212445:212502 [3] NCCL INFO Channel 16/0 : 3[3] -> 2[2] via P2P/CUMEM
nid011109:212445:212502 [3] NCCL INFO Channel 17/0 : 3[3] -> 2[2] via P2P/CUMEM
nid011109:212445:212502 [3] NCCL INFO Channel 18/0 : 3[3] -> 2[2] via P2P/CUMEM
nid011109:212445:212502 [3] NCCL INFO Channel 20/0 : 3[3] -> 2[2] via P2P/CUMEM
nid011109:212445:212502 [3] NCCL INFO Channel 22/0 : 3[3] -> 2[2] via P2P/CUMEM
nid011109:212442:212501 [0] NCCL INFO Connected all trees
nid011109:212443:212503 [1] NCCL INFO Connected all trees
nid011109:212443:212503 [1] NCCL INFO threadThresholds 8/8/64 | 64/8/64 | 512 | 512
nid011109:212443:212503 [1] NCCL INFO 24 coll channels, 24 collnet channels, 0 nvls channels, 32 p2p channels, 2 p2p channels per peer
nid011109:212445:212502 [3] NCCL INFO Connected all trees
nid011109:212445:212502 [3] NCCL INFO threadThresholds 8/8/64 | 64/8/64 | 512 | 512
nid011109:212445:212502 [3] NCCL INFO 24 coll channels, 24 collnet channels, 0 nvls channels, 32 p2p channels, 2 p2p channels per peer
nid011109:212442:212501 [0] NCCL INFO threadThresholds 8/8/64 | 64/8/64 | 512 | 512
nid011109:212442:212501 [0] NCCL INFO 24 coll channels, 24 collnet channels, 0 nvls channels, 32 p2p channels, 2 p2p channels per peer
nid011109:212444:212504 [2] NCCL INFO Connected all trees
nid011109:212444:212504 [2] NCCL INFO threadThresholds 8/8/64 | 64/8/64 | 512 | 512
nid011109:212444:212504 [2] NCCL INFO 24 coll channels, 24 collnet channels, 0 nvls channels, 32 p2p channels, 2 p2p channels per peer
nid011130:209465:209826 [0] NCCL INFO Connected all trees
nid011130:209465:209826 [0] NCCL INFO threadThresholds 8/8/64 | 64/8/64 | 512 | 512
nid011130:209465:209826 [0] NCCL INFO 24 coll channels, 24 collnet channels, 0 nvls channels, 32 p2p channels, 2 p2p channels per peer
nid011130:209466:209827 [1] NCCL INFO Connected all trees
nid011130:209466:209827 [1] NCCL INFO threadThresholds 8/8/64 | 64/8/64 | 512 | 512
nid011130:209466:209827 [1] NCCL INFO 24 coll channels, 24 collnet channels, 0 nvls channels, 32 p2p channels, 2 p2p channels per peer
nid011130:209468:209825 [3] NCCL INFO Connected all trees
nid011130:209468:209825 [3] NCCL INFO threadThresholds 8/8/64 | 64/8/64 | 512 | 512
nid011130:209468:209825 [3] NCCL INFO 24 coll channels, 24 collnet channels, 0 nvls channels, 32 p2p channels, 2 p2p channels per peer
nid011130:209467:209828 [2] NCCL INFO Connected all trees
nid011130:209467:209828 [2] NCCL INFO threadThresholds 8/8/64 | 64/8/64 | 512 | 512
nid011130:209467:209828 [2] NCCL INFO 24 coll channels, 24 collnet channels, 0 nvls channels, 32 p2p channels, 2 p2p channels per peer
nid011130:209466:209827 [1] NCCL INFO TUNER/Plugin: Failed to find ncclTunerPlugin_v2, using internal tuner instead.
nid011130:209467:209828 [2] NCCL INFO TUNER/Plugin: Failed to find ncclTunerPlugin_v2, using internal tuner instead.
nid011130:209467:209828 [2] NCCL INFO ncclCommInitRank comm 0xaaace1b67f30 rank 6 nranks 8 cudaDev 2 nvmlDev 2 busId 2901000 commId 0x3354f614c91dad4a - Init COMPLETE
nid011130:209466:209827 [1] NCCL INFO ncclCommInitRank comm 0xaaac12637860 rank 5 nranks 8 cudaDev 1 nvmlDev 1 busId 1901000 commId 0x3354f614c91dad4a - Init COMPLETE
nid011130:209465:209826 [0] NCCL INFO TUNER/Plugin: Failed to find ncclTunerPlugin_v2, using internal tuner instead.
nid011130:209468:209825 [3] NCCL INFO TUNER/Plugin: Failed to find ncclTunerPlugin_v2, using internal tuner instead.
nid011130:209465:209826 [0] NCCL INFO ncclCommInitRank comm 0xaaadce1b6c30 rank 4 nranks 8 cudaDev 0 nvmlDev 0 busId 901000 commId 0x3354f614c91dad4a - Init COMPLETE
nid011130:209468:209825 [3] NCCL INFO ncclCommInitRank comm 0xaaaba2046b20 rank 7 nranks 8 cudaDev 3 nvmlDev 3 busId 3901000 commId 0x3354f614c91dad4a - Init COMPLETE
nid011109:212442:212501 [0] NCCL INFO TUNER/Plugin: Failed to find ncclTunerPlugin_v2, using internal tuner instead.
nid011109:212442:212501 [0] NCCL INFO ncclCommInitRank comm 0xaaadc9dc7e90 rank 0 nranks 8 cudaDev 0 nvmlDev 0 busId 901000 commId 0x3354f614c91dad4a - Init COMPLETE
nid011109:212443:212503 [1] NCCL INFO TUNER/Plugin: Failed to find ncclTunerPlugin_v2, using internal tuner instead.
nid011109:212443:212503 [1] NCCL INFO ncclCommInitRank comm 0xaaae1cb88290 rank 1 nranks 8 cudaDev 1 nvmlDev 1 busId 1901000 commId 0x3354f614c91dad4a - Init COMPLETE
nid011109:212445:212502 [3] NCCL INFO TUNER/Plugin: Failed to find ncclTunerPlugin_v2, using internal tuner instead.
nid011109:212445:212502 [3] NCCL INFO ncclCommInitRank comm 0xaaab0e5970b0 rank 3 nranks 8 cudaDev 3 nvmlDev 3 busId 3901000 commId 0x3354f614c91dad4a - Init COMPLETE
nid011109:212444:212504 [2] NCCL INFO TUNER/Plugin: Failed to find ncclTunerPlugin_v2, using internal tuner instead.
nid011109:212444:212504 [2] NCCL INFO ncclCommInitRank comm 0xaaaecffc6c80 rank 2 nranks 8 cudaDev 2 nvmlDev 2 busId 2901000 commId 0x3354f614c91dad4a - Init COMPLETE
[Memory] phase=after_init ranks=8 max_gpu_usage=2.65% max_cpu_usage=14.13% bottleneck=unknown
2026-01-06 15:18:28.849 | INFO     | utils.memory_utils:distributed_memory_snapshot:268 - [Memory] phase=after_init ranks=8 max_gpu_usage=2.65% max_cpu_usage=14.13% bottleneck=unknown
node=nid011109 rank=0 gpu=0 nvml used/total=2.53 GB/95.58 GB torch alloc/resv/max=0.00 GB/0.00 GB/0.00 GB proc_rss=0.98 GB
2026-01-06 15:18:28.850 | INFO     | utils.memory_utils:distributed_memory_snapshot:277 - node=nid011109 rank=0 gpu=0 nvml used/total=2.53 GB/95.58 GB torch alloc/resv/max=0.00 GB/0.00 GB/0.00 GB proc_rss=0.98 GB
node=nid011109 rank=0 gpu=1 nvml used/total=2.54 GB/95.58 GB torch alloc/resv/max=0.00 GB/0.00 GB/0.00 GB proc_rss=0.98 GB
2026-01-06 15:18:28.850 | INFO     | utils.memory_utils:distributed_memory_snapshot:277 - node=nid011109 rank=0 gpu=1 nvml used/total=2.54 GB/95.58 GB torch alloc/resv/max=0.00 GB/0.00 GB/0.00 GB proc_rss=0.98 GB
node=nid011109 rank=0 gpu=2 nvml used/total=2.53 GB/95.58 GB torch alloc/resv/max=0.00 GB/0.00 GB/0.00 GB proc_rss=0.98 GB
2026-01-06 15:18:28.850 | INFO     | utils.memory_utils:distributed_memory_snapshot:277 - node=nid011109 rank=0 gpu=2 nvml used/total=2.53 GB/95.58 GB torch alloc/resv/max=0.00 GB/0.00 GB/0.00 GB proc_rss=0.98 GB
node=nid011109 rank=0 gpu=3 nvml used/total=2.54 GB/95.58 GB torch alloc/resv/max=0.00 GB/0.00 GB/0.00 GB proc_rss=0.98 GB
2026-01-06 15:18:28.850 | INFO     | utils.memory_utils:distributed_memory_snapshot:277 - node=nid011109 rank=0 gpu=3 nvml used/total=2.54 GB/95.58 GB torch alloc/resv/max=0.00 GB/0.00 GB/0.00 GB proc_rss=0.98 GB
node=nid011109 rank=1 gpu=0 nvml used/total=2.53 GB/95.58 GB torch alloc/resv/max=0.00 GB/0.00 GB/0.00 GB proc_rss=1.02 GB
2026-01-06 15:18:28.850 | INFO     | utils.memory_utils:distributed_memory_snapshot:277 - node=nid011109 rank=1 gpu=0 nvml used/total=2.53 GB/95.58 GB torch alloc/resv/max=0.00 GB/0.00 GB/0.00 GB proc_rss=1.02 GB
node=nid011109 rank=1 gpu=1 nvml used/total=2.54 GB/95.58 GB torch alloc/resv/max=0.00 GB/0.00 GB/0.00 GB proc_rss=1.02 GB
2026-01-06 15:18:28.850 | INFO     | utils.memory_utils:distributed_memory_snapshot:277 - node=nid011109 rank=1 gpu=1 nvml used/total=2.54 GB/95.58 GB torch alloc/resv/max=0.00 GB/0.00 GB/0.00 GB proc_rss=1.02 GB
node=nid011109 rank=1 gpu=2 nvml used/total=2.53 GB/95.58 GB torch alloc/resv/max=0.00 GB/0.00 GB/0.00 GB proc_rss=1.02 GB
2026-01-06 15:18:28.850 | INFO     | utils.memory_utils:distributed_memory_snapshot:277 - node=nid011109 rank=1 gpu=2 nvml used/total=2.53 GB/95.58 GB torch alloc/resv/max=0.00 GB/0.00 GB/0.00 GB proc_rss=1.02 GB
node=nid011109 rank=1 gpu=3 nvml used/total=2.54 GB/95.58 GB torch alloc/resv/max=0.00 GB/0.00 GB/0.00 GB proc_rss=1.02 GB
2026-01-06 15:18:28.850 | INFO     | utils.memory_utils:distributed_memory_snapshot:277 - node=nid011109 rank=1 gpu=3 nvml used/total=2.54 GB/95.58 GB torch alloc/resv/max=0.00 GB/0.00 GB/0.00 GB proc_rss=1.02 GB
node=nid011109 rank=2 gpu=0 nvml used/total=2.53 GB/95.58 GB torch alloc/resv/max=0.00 GB/0.00 GB/0.00 GB proc_rss=1.02 GB
2026-01-06 15:18:28.850 | INFO     | utils.memory_utils:distributed_memory_snapshot:277 - node=nid011109 rank=2 gpu=0 nvml used/total=2.53 GB/95.58 GB torch alloc/resv/max=0.00 GB/0.00 GB/0.00 GB proc_rss=1.02 GB
node=nid011109 rank=2 gpu=1 nvml used/total=2.54 GB/95.58 GB torch alloc/resv/max=0.00 GB/0.00 GB/0.00 GB proc_rss=1.02 GB
2026-01-06 15:18:28.850 | INFO     | utils.memory_utils:distributed_memory_snapshot:277 - node=nid011109 rank=2 gpu=1 nvml used/total=2.54 GB/95.58 GB torch alloc/resv/max=0.00 GB/0.00 GB/0.00 GB proc_rss=1.02 GB
node=nid011109 rank=2 gpu=2 nvml used/total=2.53 GB/95.58 GB torch alloc/resv/max=0.00 GB/0.00 GB/0.00 GB proc_rss=1.02 GB
2026-01-06 15:18:28.850 | INFO     | utils.memory_utils:distributed_memory_snapshot:277 - node=nid011109 rank=2 gpu=2 nvml used/total=2.53 GB/95.58 GB torch alloc/resv/max=0.00 GB/0.00 GB/0.00 GB proc_rss=1.02 GB
node=nid011109 rank=2 gpu=3 nvml used/total=2.54 GB/95.58 GB torch alloc/resv/max=0.00 GB/0.00 GB/0.00 GB proc_rss=1.02 GB
2026-01-06 15:18:28.850 | INFO     | utils.memory_utils:distributed_memory_snapshot:277 - node=nid011109 rank=2 gpu=3 nvml used/total=2.54 GB/95.58 GB torch alloc/resv/max=0.00 GB/0.00 GB/0.00 GB proc_rss=1.02 GB
node=nid011109 rank=3 gpu=0 nvml used/total=2.53 GB/95.58 GB torch alloc/resv/max=0.00 GB/0.00 GB/0.00 GB proc_rss=1.02 GB
2026-01-06 15:18:28.850 | INFO     | utils.memory_utils:distributed_memory_snapshot:277 - node=nid011109 rank=3 gpu=0 nvml used/total=2.53 GB/95.58 GB torch alloc/resv/max=0.00 GB/0.00 GB/0.00 GB proc_rss=1.02 GB
node=nid011109 rank=3 gpu=1 nvml used/total=2.54 GB/95.58 GB torch alloc/resv/max=0.00 GB/0.00 GB/0.00 GB proc_rss=1.02 GB
2026-01-06 15:18:28.850 | INFO     | utils.memory_utils:distributed_memory_snapshot:277 - node=nid011109 rank=3 gpu=1 nvml used/total=2.54 GB/95.58 GB torch alloc/resv/max=0.00 GB/0.00 GB/0.00 GB proc_rss=1.02 GB
node=nid011109 rank=3 gpu=2 nvml used/total=2.53 GB/95.58 GB torch alloc/resv/max=0.00 GB/0.00 GB/0.00 GB proc_rss=1.02 GB
2026-01-06 15:18:28.850 | INFO     | utils.memory_utils:distributed_memory_snapshot:277 - node=nid011109 rank=3 gpu=2 nvml used/total=2.53 GB/95.58 GB torch alloc/resv/max=0.00 GB/0.00 GB/0.00 GB proc_rss=1.02 GB
node=nid011109 rank=3 gpu=3 nvml used/total=2.54 GB/95.58 GB torch alloc/resv/max=0.00 GB/0.00 GB/0.00 GB proc_rss=1.02 GB
2026-01-06 15:18:28.850 | INFO     | utils.memory_utils:distributed_memory_snapshot:277 - node=nid011109 rank=3 gpu=3 nvml used/total=2.54 GB/95.58 GB torch alloc/resv/max=0.00 GB/0.00 GB/0.00 GB proc_rss=1.02 GB
node=nid011130 rank=4 gpu=0 nvml used/total=2.53 GB/95.58 GB torch alloc/resv/max=0.00 GB/0.00 GB/0.00 GB proc_rss=1.02 GB
2026-01-06 15:18:28.850 | INFO     | utils.memory_utils:distributed_memory_snapshot:277 - node=nid011130 rank=4 gpu=0 nvml used/total=2.53 GB/95.58 GB torch alloc/resv/max=0.00 GB/0.00 GB/0.00 GB proc_rss=1.02 GB
node=nid011130 rank=4 gpu=1 nvml used/total=2.53 GB/95.58 GB torch alloc/resv/max=0.00 GB/0.00 GB/0.00 GB proc_rss=1.02 GB
2026-01-06 15:18:28.850 | INFO     | utils.memory_utils:distributed_memory_snapshot:277 - node=nid011130 rank=4 gpu=1 nvml used/total=2.53 GB/95.58 GB torch alloc/resv/max=0.00 GB/0.00 GB/0.00 GB proc_rss=1.02 GB
node=nid011130 rank=4 gpu=2 nvml used/total=2.53 GB/95.58 GB torch alloc/resv/max=0.00 GB/0.00 GB/0.00 GB proc_rss=1.02 GB
2026-01-06 15:18:28.850 | INFO     | utils.memory_utils:distributed_memory_snapshot:277 - node=nid011130 rank=4 gpu=2 nvml used/total=2.53 GB/95.58 GB torch alloc/resv/max=0.00 GB/0.00 GB/0.00 GB proc_rss=1.02 GB
