Job started on Tue  6 Jan 20:27:55 UTC 2026
Nodes: nid[010768-010769]
In directory: /projects/u5hv/lionky.u5hv/work_home/quantization-evaluation
MASTER_ADDR=nid010768
MASTER_PORT=29600
NNODES=2
GPUS_PER_NODE=4
Running: optimize.py with torchrun
/projects/u5hv/lionky.u5hv/conda/conda_envs/quantization-eval/lib/python3.9/site-packages/torch/cuda/__init__.py:61: FutureWarning: The pynvml package is deprecated. Please install nvidia-ml-py instead. If you did not install pynvml directly, please report this to the maintainers of the package that installed pynvml for you.
  import pynvml  # type: ignore[import]
/projects/u5hv/lionky.u5hv/conda/conda_envs/quantization-eval/lib/python3.9/site-packages/torch/cuda/__init__.py:61: FutureWarning: The pynvml package is deprecated. Please install nvidia-ml-py instead. If you did not install pynvml directly, please report this to the maintainers of the package that installed pynvml for you.
  import pynvml  # type: ignore[import]
W0106 20:28:14.209845 112493 /lus/lfs1aip2/projects/u5hv/lionky.u5hv/conda/conda_envs/quantization-eval/lib/python3.9/site-packages/torch/distributed/run.py:792] 
W0106 20:28:14.209845 112493 /lus/lfs1aip2/projects/u5hv/lionky.u5hv/conda/conda_envs/quantization-eval/lib/python3.9/site-packages/torch/distributed/run.py:792] *****************************************
W0106 20:28:14.209845 112493 /lus/lfs1aip2/projects/u5hv/lionky.u5hv/conda/conda_envs/quantization-eval/lib/python3.9/site-packages/torch/distributed/run.py:792] Setting OMP_NUM_THREADS environment variable for each process to be 1 in default, to avoid your system being overloaded, please further tune the variable for optimal performance in your application as needed. 
W0106 20:28:14.209845 112493 /lus/lfs1aip2/projects/u5hv/lionky.u5hv/conda/conda_envs/quantization-eval/lib/python3.9/site-packages/torch/distributed/run.py:792] *****************************************
W0106 20:28:14.511729 179547 /lus/lfs1aip2/projects/u5hv/lionky.u5hv/conda/conda_envs/quantization-eval/lib/python3.9/site-packages/torch/distributed/run.py:792] 
W0106 20:28:14.511729 179547 /lus/lfs1aip2/projects/u5hv/lionky.u5hv/conda/conda_envs/quantization-eval/lib/python3.9/site-packages/torch/distributed/run.py:792] *****************************************
W0106 20:28:14.511729 179547 /lus/lfs1aip2/projects/u5hv/lionky.u5hv/conda/conda_envs/quantization-eval/lib/python3.9/site-packages/torch/distributed/run.py:792] Setting OMP_NUM_THREADS environment variable for each process to be 1 in default, to avoid your system being overloaded, please further tune the variable for optimal performance in your application as needed. 
W0106 20:28:14.511729 179547 /lus/lfs1aip2/projects/u5hv/lionky.u5hv/conda/conda_envs/quantization-eval/lib/python3.9/site-packages/torch/distributed/run.py:792] *****************************************
/projects/u5hv/lionky.u5hv/conda/conda_envs/quantization-eval/lib/python3.9/site-packages/torch/cuda/__init__.py:61: FutureWarning: The pynvml package is deprecated. Please install nvidia-ml-py instead. If you did not install pynvml directly, please report this to the maintainers of the package that installed pynvml for you.
  import pynvml  # type: ignore[import]
/projects/u5hv/lionky.u5hv/conda/conda_envs/quantization-eval/lib/python3.9/site-packages/torch/cuda/__init__.py:61: FutureWarning: The pynvml package is deprecated. Please install nvidia-ml-py instead. If you did not install pynvml directly, please report this to the maintainers of the package that installed pynvml for you.
  import pynvml  # type: ignore[import]
/projects/u5hv/lionky.u5hv/conda/conda_envs/quantization-eval/lib/python3.9/site-packages/torch/cuda/__init__.py:61: FutureWarning: The pynvml package is deprecated. Please install nvidia-ml-py instead. If you did not install pynvml directly, please report this to the maintainers of the package that installed pynvml for you.
  import pynvml  # type: ignore[import]
/projects/u5hv/lionky.u5hv/conda/conda_envs/quantization-eval/lib/python3.9/site-packages/torch/cuda/__init__.py:61: FutureWarning: The pynvml package is deprecated. Please install nvidia-ml-py instead. If you did not install pynvml directly, please report this to the maintainers of the package that installed pynvml for you.
  import pynvml  # type: ignore[import]
/projects/u5hv/lionky.u5hv/conda/conda_envs/quantization-eval/lib/python3.9/site-packages/torch/cuda/__init__.py:61: FutureWarning: The pynvml package is deprecated. Please install nvidia-ml-py instead. If you did not install pynvml directly, please report this to the maintainers of the package that installed pynvml for you.
  import pynvml  # type: ignore[import]
/projects/u5hv/lionky.u5hv/conda/conda_envs/quantization-eval/lib/python3.9/site-packages/torch/cuda/__init__.py:61: FutureWarning: The pynvml package is deprecated. Please install nvidia-ml-py instead. If you did not install pynvml directly, please report this to the maintainers of the package that installed pynvml for you.
  import pynvml  # type: ignore[import]
/projects/u5hv/lionky.u5hv/conda/conda_envs/quantization-eval/lib/python3.9/site-packages/torch/cuda/__init__.py:61: FutureWarning: The pynvml package is deprecated. Please install nvidia-ml-py instead. If you did not install pynvml directly, please report this to the maintainers of the package that installed pynvml for you.
  import pynvml  # type: ignore[import]
/projects/u5hv/lionky.u5hv/conda/conda_envs/quantization-eval/lib/python3.9/site-packages/torch/cuda/__init__.py:61: FutureWarning: The pynvml package is deprecated. Please install nvidia-ml-py instead. If you did not install pynvml directly, please report this to the maintainers of the package that installed pynvml for you.
  import pynvml  # type: ignore[import]
/projects/u5hv/lionky.u5hv/conda/conda_envs/quantization-eval/lib/python3.9/site-packages/transformers/training_args.py:1525: FutureWarning: `evaluation_strategy` is deprecated and will be removed in version 4.46 of ðŸ¤— Transformers. Use `eval_strategy` instead
  warnings.warn(
/projects/u5hv/lionky.u5hv/conda/conda_envs/quantization-eval/lib/python3.9/site-packages/transformers/training_args.py:1525: FutureWarning: `evaluation_strategy` is deprecated and will be removed in version 4.46 of ðŸ¤— Transformers. Use `eval_strategy` instead
  warnings.warn(
/projects/u5hv/lionky.u5hv/conda/conda_envs/quantization-eval/lib/python3.9/site-packages/transformers/training_args.py:1525: FutureWarning: `evaluation_strategy` is deprecated and will be removed in version 4.46 of ðŸ¤— Transformers. Use `eval_strategy` instead
  warnings.warn(
/projects/u5hv/lionky.u5hv/conda/conda_envs/quantization-eval/lib/python3.9/site-packages/transformers/training_args.py:1525: FutureWarning: `evaluation_strategy` is deprecated and will be removed in version 4.46 of ðŸ¤— Transformers. Use `eval_strategy` instead
  warnings.warn(
/projects/u5hv/lionky.u5hv/conda/conda_envs/quantization-eval/lib/python3.9/site-packages/transformers/training_args.py:1525: FutureWarning: `evaluation_strategy` is deprecated and will be removed in version 4.46 of ðŸ¤— Transformers. Use `eval_strategy` instead
  warnings.warn(
/projects/u5hv/lionky.u5hv/conda/conda_envs/quantization-eval/lib/python3.9/site-packages/transformers/training_args.py:1525: FutureWarning: `evaluation_strategy` is deprecated and will be removed in version 4.46 of ðŸ¤— Transformers. Use `eval_strategy` instead
  warnings.warn(
/projects/u5hv/lionky.u5hv/conda/conda_envs/quantization-eval/lib/python3.9/site-packages/transformers/training_args.py:1525: FutureWarning: `evaluation_strategy` is deprecated and will be removed in version 4.46 of ðŸ¤— Transformers. Use `eval_strategy` instead
  warnings.warn(
/projects/u5hv/lionky.u5hv/conda/conda_envs/quantization-eval/lib/python3.9/site-packages/transformers/training_args.py:1525: FutureWarning: `evaluation_strategy` is deprecated and will be removed in version 4.46 of ðŸ¤— Transformers. Use `eval_strategy` instead
  warnings.warn(
When using FSDP full shard, instead of using `gradient_checkpointing` in TrainingArguments, please use `activation_checkpointing` in `fsdp_config`. The former introduces a redundant AllGather operation in backward pass. Reference: https://github.com/huggingface/transformers/issues/30404
When using FSDP full shard, instead of using `gradient_checkpointing` in TrainingArguments, please use `activation_checkpointing` in `fsdp_config`. The former introduces a redundant AllGather operation in backward pass. Reference: https://github.com/huggingface/transformers/issues/30404
[rank4]:[W106 20:28:29.678157780 ProcessGroupNCCL.cpp:4561] [PG ID 0 PG GUID 0 Rank 4]  using GPU 0 to perform barrier as devices used by this process are currently unknown. This can potentially cause a hang if this rank to GPU mapping is incorrect. Specify device_ids in barrier() to force use of a particular device, or call init_process_group() with a device_id.
[rank0]:[W106 20:28:30.421933248 ProcessGroupNCCL.cpp:4561] [PG ID 0 PG GUID 0 Rank 0]  using GPU 0 to perform barrier as devices used by this process are currently unknown. This can potentially cause a hang if this rank to GPU mapping is incorrect. Specify device_ids in barrier() to force use of a particular device, or call init_process_group() with a device_id.
When using FSDP full shard, instead of using `gradient_checkpointing` in TrainingArguments, please use `activation_checkpointing` in `fsdp_config`. The former introduces a redundant AllGather operation in backward pass. Reference: https://github.com/huggingface/transformers/issues/30404
[rank7]:[W106 20:28:30.915748362 ProcessGroupNCCL.cpp:4561] [PG ID 0 PG GUID 0 Rank 7]  using GPU 3 to perform barrier as devices used by this process are currently unknown. This can potentially cause a hang if this rank to GPU mapping is incorrect. Specify device_ids in barrier() to force use of a particular device, or call init_process_group() with a device_id.
When using FSDP full shard, instead of using `gradient_checkpointing` in TrainingArguments, please use `activation_checkpointing` in `fsdp_config`. The former introduces a redundant AllGather operation in backward pass. Reference: https://github.com/huggingface/transformers/issues/30404
When using FSDP full shard, instead of using `gradient_checkpointing` in TrainingArguments, please use `activation_checkpointing` in `fsdp_config`. The former introduces a redundant AllGather operation in backward pass. Reference: https://github.com/huggingface/transformers/issues/30404
[rank5]:[W106 20:28:30.917759889 ProcessGroupNCCL.cpp:4561] [PG ID 0 PG GUID 0 Rank 5]  using GPU 1 to perform barrier as devices used by this process are currently unknown. This can potentially cause a hang if this rank to GPU mapping is incorrect. Specify device_ids in barrier() to force use of a particular device, or call init_process_group() with a device_id.
[rank6]:[W106 20:28:30.917861614 ProcessGroupNCCL.cpp:4561] [PG ID 0 PG GUID 0 Rank 6]  using GPU 2 to perform barrier as devices used by this process are currently unknown. This can potentially cause a hang if this rank to GPU mapping is incorrect. Specify device_ids in barrier() to force use of a particular device, or call init_process_group() with a device_id.
nid010768:112507:112507 [0] NCCL INFO NCCL_GDRCOPY_ENABLE set by environment to 1.
nid010768:112507:112507 [0] NCCL INFO GDRCOPY enabled library 2.4 driver 2.4
nid010768:112507:112507 [0] NCCL INFO NCCL_SOCKET_IFNAME set by environment to ^docker0,lo
nid010768:112507:112507 [0] NCCL INFO Bootstrap : Using nmn0:10.100.27.189<0>
When using FSDP full shard, instead of using `gradient_checkpointing` in TrainingArguments, please use `activation_checkpointing` in `fsdp_config`. The former introduces a redundant AllGather operation in backward pass. Reference: https://github.com/huggingface/transformers/issues/30404
[rank3]:[W106 20:28:30.549474350 ProcessGroupNCCL.cpp:4561] [PG ID 0 PG GUID 0 Rank 3]  using GPU 3 to perform barrier as devices used by this process are currently unknown. This can potentially cause a hang if this rank to GPU mapping is incorrect. Specify device_ids in barrier() to force use of a particular device, or call init_process_group() with a device_id.
When using FSDP full shard, instead of using `gradient_checkpointing` in TrainingArguments, please use `activation_checkpointing` in `fsdp_config`. The former introduces a redundant AllGather operation in backward pass. Reference: https://github.com/huggingface/transformers/issues/30404
When using FSDP full shard, instead of using `gradient_checkpointing` in TrainingArguments, please use `activation_checkpointing` in `fsdp_config`. The former introduces a redundant AllGather operation in backward pass. Reference: https://github.com/huggingface/transformers/issues/30404
[rank2]:[W106 20:28:30.553414855 ProcessGroupNCCL.cpp:4561] [PG ID 0 PG GUID 0 Rank 2]  using GPU 2 to perform barrier as devices used by this process are currently unknown. This can potentially cause a hang if this rank to GPU mapping is incorrect. Specify device_ids in barrier() to force use of a particular device, or call init_process_group() with a device_id.
[rank1]:[W106 20:28:30.553605922 ProcessGroupNCCL.cpp:4561] [PG ID 0 PG GUID 0 Rank 1]  using GPU 1 to perform barrier as devices used by this process are currently unknown. This can potentially cause a hang if this rank to GPU mapping is incorrect. Specify device_ids in barrier() to force use of a particular device, or call init_process_group() with a device_id.
nid010768:112507:112507 [0] NCCL INFO NET/Plugin: Failed to find ncclNetPlugin_v8 symbol.
nid010768:112507:112507 [0] NCCL INFO NET/Plugin: Loaded net plugin AWS Libfabric (v7)
nid010768:112507:112507 [0] NCCL INFO NET/Plugin: Failed to find ncclCollNetPlugin_v8 symbol.
nid010768:112507:112507 [0] NCCL INFO NET/Plugin: Failed to find ncclCollNetPlugin symbol (>= v5). ncclCollNetPlugin symbols v4 and lower are not supported.
nid010768:112507:112507 [0] NCCL INFO cudaDriverVersion 12070
NCCL version 2.21.5+cuda12.6
nid010768:112507:112507 [0] NCCL INFO Comm config Blocking set to 1
nid010768:112510:112510 [3] NCCL INFO cudaDriverVersion 12070
nid010768:112509:112509 [2] NCCL INFO cudaDriverVersion 12070
nid010768:112509:112509 [2] NCCL INFO NCCL_GDRCOPY_ENABLE set by environment to 1.
nid010768:112510:112510 [3] NCCL INFO NCCL_GDRCOPY_ENABLE set by environment to 1.
nid010768:112510:112510 [3] NCCL INFO GDRCOPY enabled library 2.4 driver 2.4
nid010768:112510:112510 [3] NCCL INFO NCCL_SOCKET_IFNAME set by environment to ^docker0,lo
nid010768:112509:112509 [2] NCCL INFO GDRCOPY enabled library 2.4 driver 2.4
nid010768:112509:112509 [2] NCCL INFO NCCL_SOCKET_IFNAME set by environment to ^docker0,lo
nid010768:112508:112508 [1] NCCL INFO cudaDriverVersion 12070
nid010768:112508:112508 [1] NCCL INFO NCCL_GDRCOPY_ENABLE set by environment to 1.
nid010768:112508:112508 [1] NCCL INFO GDRCOPY enabled library 2.4 driver 2.4
nid010768:112508:112508 [1] NCCL INFO NCCL_SOCKET_IFNAME set by environment to ^docker0,lo
nid010768:112509:112509 [2] NCCL INFO Bootstrap : Using nmn0:10.100.27.189<0>
nid010768:112510:112510 [3] NCCL INFO Bootstrap : Using nmn0:10.100.27.189<0>
nid010769:179561:179561 [0] NCCL INFO cudaDriverVersion 12070
nid010769:179564:179564 [3] NCCL INFO cudaDriverVersion 12070
nid010769:179561:179561 [0] NCCL INFO NCCL_GDRCOPY_ENABLE set by environment to 1.
nid010769:179563:179563 [2] NCCL INFO cudaDriverVersion 12070
nid010769:179562:179562 [1] NCCL INFO cudaDriverVersion 12070
nid010768:112508:112508 [1] NCCL INFO Bootstrap : Using nmn0:10.100.27.189<0>
nid010769:179564:179564 [3] NCCL INFO NCCL_GDRCOPY_ENABLE set by environment to 1.
nid010769:179564:179564 [3] NCCL INFO GDRCOPY enabled library 2.4 driver 2.4
nid010769:179561:179561 [0] NCCL INFO GDRCOPY enabled library 2.4 driver 2.4
nid010769:179564:179564 [3] NCCL INFO NCCL_SOCKET_IFNAME set by environment to ^docker0,lo
nid010769:179561:179561 [0] NCCL INFO NCCL_SOCKET_IFNAME set by environment to ^docker0,lo
nid010769:179563:179563 [2] NCCL INFO NCCL_GDRCOPY_ENABLE set by environment to 1.
nid010769:179562:179562 [1] NCCL INFO NCCL_GDRCOPY_ENABLE set by environment to 1.
nid010769:179563:179563 [2] NCCL INFO GDRCOPY enabled library 2.4 driver 2.4
nid010769:179563:179563 [2] NCCL INFO NCCL_SOCKET_IFNAME set by environment to ^docker0,lo
nid010769:179562:179562 [1] NCCL INFO GDRCOPY enabled library 2.4 driver 2.4
nid010769:179562:179562 [1] NCCL INFO NCCL_SOCKET_IFNAME set by environment to ^docker0,lo
nid010769:179561:179561 [0] NCCL INFO Bootstrap : Using nmn0:10.100.25.243<0>
nid010769:179564:179564 [3] NCCL INFO Bootstrap : Using nmn0:10.100.25.243<0>
nid010769:179563:179563 [2] NCCL INFO Bootstrap : Using nmn0:10.100.25.243<0>
nid010769:179562:179562 [1] NCCL INFO Bootstrap : Using nmn0:10.100.25.243<0>
nid010768:112509:112509 [2] NCCL INFO NET/Plugin: Failed to find ncclNetPlugin_v8 symbol.
nid010768:112509:112509 [2] NCCL INFO NET/Plugin: Loaded net plugin AWS Libfabric (v7)
nid010768:112509:112509 [2] NCCL INFO NET/Plugin: Failed to find ncclCollNetPlugin_v8 symbol.
nid010768:112509:112509 [2] NCCL INFO NET/Plugin: Failed to find ncclCollNetPlugin symbol (>= v5). ncclCollNetPlugin symbols v4 and lower are not supported.
nid010768:112509:112509 [2] NCCL INFO Comm config Blocking set to 1
nid010768:112510:112510 [3] NCCL INFO NET/Plugin: Failed to find ncclNetPlugin_v8 symbol.
nid010768:112510:112510 [3] NCCL INFO NET/Plugin: Loaded net plugin AWS Libfabric (v7)
nid010768:112510:112510 [3] NCCL INFO NET/Plugin: Failed to find ncclCollNetPlugin_v8 symbol.
nid010768:112510:112510 [3] NCCL INFO NET/Plugin: Failed to find ncclCollNetPlugin symbol (>= v5). ncclCollNetPlugin symbols v4 and lower are not supported.
nid010768:112510:112510 [3] NCCL INFO Comm config Blocking set to 1
nid010768:112508:112508 [1] NCCL INFO NET/Plugin: Failed to find ncclNetPlugin_v8 symbol.
nid010768:112508:112508 [1] NCCL INFO NET/Plugin: Loaded net plugin AWS Libfabric (v7)
nid010768:112508:112508 [1] NCCL INFO NET/Plugin: Failed to find ncclCollNetPlugin_v8 symbol.
nid010768:112508:112508 [1] NCCL INFO NET/Plugin: Failed to find ncclCollNetPlugin symbol (>= v5). ncclCollNetPlugin symbols v4 and lower are not supported.
nid010768:112508:112508 [1] NCCL INFO Comm config Blocking set to 1
nid010769:179563:179563 [2] NCCL INFO NET/Plugin: Failed to find ncclNetPlugin_v8 symbol.
nid010769:179563:179563 [2] NCCL INFO NET/Plugin: Loaded net plugin AWS Libfabric (v7)
nid010769:179563:179563 [2] NCCL INFO NET/Plugin: Failed to find ncclCollNetPlugin_v8 symbol.
nid010769:179562:179562 [1] NCCL INFO NET/Plugin: Failed to find ncclNetPlugin_v8 symbol.
nid010769:179563:179563 [2] NCCL INFO NET/Plugin: Failed to find ncclCollNetPlugin symbol (>= v5). ncclCollNetPlugin symbols v4 and lower are not supported.
nid010769:179562:179562 [1] NCCL INFO NET/Plugin: Loaded net plugin AWS Libfabric (v7)
nid010769:179562:179562 [1] NCCL INFO NET/Plugin: Failed to find ncclCollNetPlugin_v8 symbol.
nid010769:179562:179562 [1] NCCL INFO NET/Plugin: Failed to find ncclCollNetPlugin symbol (>= v5). ncclCollNetPlugin symbols v4 and lower are not supported.
nid010769:179563:179563 [2] NCCL INFO Comm config Blocking set to 1
nid010769:179562:179562 [1] NCCL INFO Comm config Blocking set to 1
nid010769:179561:179561 [0] NCCL INFO NET/Plugin: Failed to find ncclNetPlugin_v8 symbol.
nid010769:179561:179561 [0] NCCL INFO NET/Plugin: Loaded net plugin AWS Libfabric (v7)
nid010769:179561:179561 [0] NCCL INFO NET/Plugin: Failed to find ncclCollNetPlugin_v8 symbol.
nid010769:179561:179561 [0] NCCL INFO NET/Plugin: Failed to find ncclCollNetPlugin symbol (>= v5). ncclCollNetPlugin symbols v4 and lower are not supported.
nid010769:179561:179561 [0] NCCL INFO Comm config Blocking set to 1
nid010769:179564:179564 [3] NCCL INFO NET/Plugin: Failed to find ncclNetPlugin_v8 symbol.
nid010769:179564:179564 [3] NCCL INFO NET/Plugin: Loaded net plugin AWS Libfabric (v7)
nid010769:179564:179564 [3] NCCL INFO NET/Plugin: Failed to find ncclCollNetPlugin_v8 symbol.
nid010769:179564:179564 [3] NCCL INFO NET/Plugin: Failed to find ncclCollNetPlugin symbol (>= v5). ncclCollNetPlugin symbols v4 and lower are not supported.
nid010769:179564:179564 [3] NCCL INFO Comm config Blocking set to 1
nid010768:112507:112568 [0] NCCL INFO NET/OFI Initializing aws-ofi-nccl 1.8.1-aws
nid010768:112507:112568 [0] NCCL INFO NET/OFI Initializing aws-ofi-nccl 1.8.1-aws
nid010768:112507:112568 [0] NCCL INFO NET/OFI Using Libfabric version 1.22
nid010768:112510:112570 [3] NCCL INFO NET/OFI Initializing aws-ofi-nccl 1.8.1-aws
nid010768:112510:112570 [3] NCCL INFO NET/OFI Initializing aws-ofi-nccl 1.8.1-aws
nid010768:112510:112570 [3] NCCL INFO NET/OFI Using Libfabric version 1.22
nid010768:112509:112569 [2] NCCL INFO NET/OFI Initializing aws-ofi-nccl 1.8.1-aws
nid010768:112509:112569 [2] NCCL INFO NET/OFI Initializing aws-ofi-nccl 1.8.1-aws
nid010768:112509:112569 [2] NCCL INFO NET/OFI Using Libfabric version 1.22
nid010768:112508:112571 [1] NCCL INFO NET/OFI Initializing aws-ofi-nccl 1.8.1-aws
nid010768:112508:112571 [1] NCCL INFO NET/OFI Initializing aws-ofi-nccl 1.8.1-aws
nid010768:112508:112571 [1] NCCL INFO NET/OFI Using Libfabric version 1.22
nid010768:112509:112569 [2] NCCL INFO NET/OFI Using CUDA driver version 12070
nid010768:112507:112568 [0] NCCL INFO NET/OFI Using CUDA driver version 12070
nid010768:112508:112571 [1] NCCL INFO NET/OFI Using CUDA driver version 12070
nid010768:112510:112570 [3] NCCL INFO NET/OFI Using CUDA driver version 12070
nid010768:112508:112571 [1] NCCL INFO NET/OFI Selected Provider is cxi (found 4 nics)
nid010768:112508:112571 [1] NCCL INFO NET/OFI Using transport protocol SENDRECV
nid010768:112507:112568 [0] NCCL INFO NET/OFI Selected Provider is cxi (found 4 nics)
nid010768:112507:112568 [0] NCCL INFO NET/OFI Using transport protocol SENDRECV
nid010768:112510:112570 [3] NCCL INFO NET/OFI Selected Provider is cxi (found 4 nics)
nid010768:112510:112570 [3] NCCL INFO NET/OFI Using transport protocol SENDRECV
nid010768:112509:112569 [2] NCCL INFO NET/OFI Selected Provider is cxi (found 4 nics)
nid010768:112509:112569 [2] NCCL INFO NET/OFI Using transport protocol SENDRECV
nid010768:112507:112568 [0] NCCL INFO Using non-device net plugin version 0
nid010768:112507:112568 [0] NCCL INFO Using network AWS Libfabric
nid010768:112508:112571 [1] NCCL INFO Using non-device net plugin version 0
nid010768:112508:112571 [1] NCCL INFO Using network AWS Libfabric
nid010768:112510:112570 [3] NCCL INFO Using non-device net plugin version 0
nid010768:112510:112570 [3] NCCL INFO Using network AWS Libfabric
nid010768:112509:112569 [2] NCCL INFO Using non-device net plugin version 0
nid010768:112509:112569 [2] NCCL INFO Using network AWS Libfabric
nid010769:179561:179628 [0] NCCL INFO NET/OFI Initializing aws-ofi-nccl 1.8.1-aws
nid010769:179561:179628 [0] NCCL INFO NET/OFI Initializing aws-ofi-nccl 1.8.1-aws
nid010769:179561:179628 [0] NCCL INFO NET/OFI Using Libfabric version 1.22
nid010769:179563:179627 [2] NCCL INFO NET/OFI Initializing aws-ofi-nccl 1.8.1-aws
nid010769:179563:179627 [2] NCCL INFO NET/OFI Initializing aws-ofi-nccl 1.8.1-aws
nid010769:179563:179627 [2] NCCL INFO NET/OFI Using Libfabric version 1.22
nid010769:179562:179626 [1] NCCL INFO NET/OFI Initializing aws-ofi-nccl 1.8.1-aws
nid010769:179562:179626 [1] NCCL INFO NET/OFI Initializing aws-ofi-nccl 1.8.1-aws
nid010769:179562:179626 [1] NCCL INFO NET/OFI Using Libfabric version 1.22
nid010769:179564:179629 [3] NCCL INFO NET/OFI Initializing aws-ofi-nccl 1.8.1-aws
nid010769:179564:179629 [3] NCCL INFO NET/OFI Initializing aws-ofi-nccl 1.8.1-aws
nid010769:179564:179629 [3] NCCL INFO NET/OFI Using Libfabric version 1.22
nid010769:179561:179628 [0] NCCL INFO NET/OFI Using CUDA driver version 12070
nid010769:179563:179627 [2] NCCL INFO NET/OFI Using CUDA driver version 12070
nid010769:179564:179629 [3] NCCL INFO NET/OFI Using CUDA driver version 12070
nid010769:179562:179626 [1] NCCL INFO NET/OFI Using CUDA driver version 12070
nid010769:179563:179627 [2] NCCL INFO NET/OFI Selected Provider is cxi (found 4 nics)
nid010769:179563:179627 [2] NCCL INFO NET/OFI Using transport protocol SENDRECV
nid010769:179564:179629 [3] NCCL INFO NET/OFI Selected Provider is cxi (found 4 nics)
nid010769:179564:179629 [3] NCCL INFO NET/OFI Using transport protocol SENDRECV
nid010769:179562:179626 [1] NCCL INFO NET/OFI Selected Provider is cxi (found 4 nics)
nid010769:179562:179626 [1] NCCL INFO NET/OFI Using transport protocol SENDRECV
nid010769:179561:179628 [0] NCCL INFO NET/OFI Selected Provider is cxi (found 4 nics)
nid010769:179561:179628 [0] NCCL INFO NET/OFI Using transport protocol SENDRECV
nid010769:179561:179628 [0] NCCL INFO Using non-device net plugin version 0
nid010769:179561:179628 [0] NCCL INFO Using network AWS Libfabric
nid010769:179564:179629 [3] NCCL INFO Using non-device net plugin version 0
nid010769:179564:179629 [3] NCCL INFO Using network AWS Libfabric
nid010769:179562:179626 [1] NCCL INFO Using non-device net plugin version 0
nid010769:179562:179626 [1] NCCL INFO Using network AWS Libfabric
nid010769:179563:179627 [2] NCCL INFO Using non-device net plugin version 0
nid010769:179563:179627 [2] NCCL INFO Using network AWS Libfabric
nid010768:112507:112568 [0] NCCL INFO DMA-BUF is available on GPU device 0
nid010768:112508:112571 [1] NCCL INFO DMA-BUF is available on GPU device 1
nid010768:112510:112570 [3] NCCL INFO DMA-BUF is available on GPU device 3
nid010768:112509:112569 [2] NCCL INFO DMA-BUF is available on GPU device 2
nid010769:179561:179628 [0] NCCL INFO DMA-BUF is available on GPU device 0
nid010769:179564:179629 [3] NCCL INFO DMA-BUF is available on GPU device 3
nid010769:179563:179627 [2] NCCL INFO DMA-BUF is available on GPU device 2
nid010769:179562:179626 [1] NCCL INFO DMA-BUF is available on GPU device 1
nid010768:112509:112569 [2] NCCL INFO ncclCommInitRank comm 0xaaad25953110 rank 2 nranks 8 cudaDev 2 nvmlDev 2 busId 2901000 commId 0xd205ce47793913e8 - Init START
nid010768:112510:112570 [3] NCCL INFO ncclCommInitRank comm 0xaaac8bde31c0 rank 3 nranks 8 cudaDev 3 nvmlDev 3 busId 3901000 commId 0xd205ce47793913e8 - Init START
nid010768:112507:112568 [0] NCCL INFO ncclCommInitRank comm 0xaaaed6093070 rank 0 nranks 8 cudaDev 0 nvmlDev 0 busId 901000 commId 0xd205ce47793913e8 - Init START
nid010768:112508:112571 [1] NCCL INFO ncclCommInitRank comm 0xaaaae9ae1500 rank 1 nranks 8 cudaDev 1 nvmlDev 1 busId 1901000 commId 0xd205ce47793913e8 - Init START
nid010769:179562:179626 [1] NCCL INFO ncclCommInitRank comm 0xaaae7cbf2220 rank 5 nranks 8 cudaDev 1 nvmlDev 1 busId 1901000 commId 0xd205ce47793913e8 - Init START
nid010769:179561:179628 [0] NCCL INFO ncclCommInitRank comm 0xaaad99651230 rank 4 nranks 8 cudaDev 0 nvmlDev 0 busId 901000 commId 0xd205ce47793913e8 - Init START
nid010769:179564:179629 [3] NCCL INFO ncclCommInitRank comm 0xaaae041e2710 rank 7 nranks 8 cudaDev 3 nvmlDev 3 busId 3901000 commId 0xd205ce47793913e8 - Init START
nid010769:179563:179627 [2] NCCL INFO ncclCommInitRank comm 0xaaac3f042370 rank 6 nranks 8 cudaDev 2 nvmlDev 2 busId 2901000 commId 0xd205ce47793913e8 - Init START
nid010769:179562:179626 [1] NCCL INFO NCCL_P2P_LEVEL set by environment to SYS
nid010769:179562:179626 [1] NCCL INFO NVLS multicast support is not available on dev 1
nid010769:179562:179626 [1] NCCL INFO NCCL_CROSS_NIC set by environment to 0.
nid010769:179561:179628 [0] NCCL INFO NCCL_P2P_LEVEL set by environment to SYS
nid010769:179561:179628 [0] NCCL INFO Setting affinity for GPU 0 to 3f
nid010769:179561:179628 [0] NCCL INFO NVLS multicast support is not available on dev 0
nid010769:179561:179628 [0] NCCL INFO NCCL_CROSS_NIC set by environment to 0.
nid010769:179563:179627 [2] NCCL INFO NCCL_P2P_LEVEL set by environment to SYS
nid010769:179564:179629 [3] NCCL INFO NCCL_P2P_LEVEL set by environment to SYS
nid010769:179563:179627 [2] NCCL INFO NVLS multicast support is not available on dev 2
nid010769:179563:179627 [2] NCCL INFO NCCL_CROSS_NIC set by environment to 0.
nid010769:179564:179629 [3] NCCL INFO NVLS multicast support is not available on dev 3
nid010769:179564:179629 [3] NCCL INFO NCCL_CROSS_NIC set by environment to 0.
nid010768:112508:112571 [1] NCCL INFO NCCL_P2P_LEVEL set by environment to SYS
nid010768:112508:112571 [1] NCCL INFO NVLS multicast support is not available on dev 1
nid010768:112508:112571 [1] NCCL INFO NCCL_CROSS_NIC set by environment to 0.
nid010768:112507:112568 [0] NCCL INFO NCCL_P2P_LEVEL set by environment to SYS
nid010768:112507:112568 [0] NCCL INFO Setting affinity for GPU 0 to 3f
nid010768:112507:112568 [0] NCCL INFO NVLS multicast support is not available on dev 0
nid010768:112507:112568 [0] NCCL INFO NCCL_CROSS_NIC set by environment to 0.
nid010768:112509:112569 [2] NCCL INFO NCCL_P2P_LEVEL set by environment to SYS
nid010768:112509:112569 [2] NCCL INFO NVLS multicast support is not available on dev 2
nid010768:112509:112569 [2] NCCL INFO NCCL_CROSS_NIC set by environment to 0.
nid010768:112510:112570 [3] NCCL INFO NCCL_P2P_LEVEL set by environment to SYS
nid010768:112510:112570 [3] NCCL INFO NVLS multicast support is not available on dev 3
nid010768:112510:112570 [3] NCCL INFO NCCL_CROSS_NIC set by environment to 0.
nid010769:179563:179627 [2] NCCL INFO comm 0xaaac3f042370 rank 6 nRanks 8 nNodes 2 localRanks 4 localRank 2 MNNVL 0
nid010769:179564:179629 [3] NCCL INFO comm 0xaaae041e2710 rank 7 nRanks 8 nNodes 2 localRanks 4 localRank 3 MNNVL 0
nid010769:179562:179626 [1] NCCL INFO comm 0xaaae7cbf2220 rank 5 nRanks 8 nNodes 2 localRanks 4 localRank 1 MNNVL 0
nid010769:179561:179628 [0] NCCL INFO comm 0xaaad99651230 rank 4 nRanks 8 nNodes 2 localRanks 4 localRank 0 MNNVL 0
nid010769:179564:179629 [3] NCCL INFO NCCL_MIN_NCHANNELS set by environment to 4.
nid010769:179561:179628 [0] NCCL INFO NCCL_MIN_NCHANNELS set by environment to 4.
nid010769:179562:179626 [1] NCCL INFO NCCL_MIN_NCHANNELS set by environment to 4.
nid010769:179563:179627 [2] NCCL INFO NCCL_MIN_NCHANNELS set by environment to 4.
nid010769:179564:179629 [3] NCCL INFO Trees [0] -1/-1/-1->7->6 [1] 4/-1/-1->7->6 [2] 4/-1/-1->7->6 [3] 4/-1/-1->7->3 [4] -1/-1/-1->7->6 [5] 4/-1/-1->7->6 [6] 4/-1/-1->7->6 [7] 4/-1/-1->7->3 [8] -1/-1/-1->7->6 [9] 4/-1/-1->7->6 [10] 4/-1/-1->7->6 [11] 4/-1/-1->7->3 [12] -1/-1/-1->7->6 [13] 4/-1/-1->7->6 [14] 4/-1/-1->7->6 [15] 4/3/-1->7->-1 [16] -1/-1/-1->7->6 [17] 4/-1/-1->7->6 [18] 4/-1/-1->7->6 [19] 4/3/-1->7->-1 [20] -1/-1/-1->7->6 [21] 4/-1/-1->7->6 [22] 4/-1/-1->7->6 [23] 4/3/-1->7->-1
nid010769:179561:179628 [0] NCCL INFO Trees [0] 5/-1/-1->4->0 [1] -1/-1/-1->4->7 [2] 5/-1/-1->4->7 [3] 5/-1/-1->4->7 [4] 5/-1/-1->4->0 [5] -1/-1/-1->4->7 [6] 5/-1/-1->4->7 [7] 5/-1/-1->4->7 [8] 5/-1/-1->4->0 [9] -1/-1/-1->4->7 [10] 5/-1/-1->4->7 [11] 5/-1/-1->4->7 [12] 5/0/-1->4->-1 [13] -1/-1/-1->4->7 [14] 5/-1/-1->4->7 [15] 5/-1/-1->4->7 [16] 5/0/-1->4->-1 [17] -1/-1/-1->4->7 [18] 5/-1/-1->4->7 [19] 5/-1/-1->4->7 [20] 5/0/-1->4->-1 [21] -1/-1/-1->4->7 [22] 5/-1/-1->4->7 [23] 5/-1/-1->4->7
nid010768:112510:112570 [3] NCCL INFO comm 0xaaac8bde31c0 rank 3 nRanks 8 nNodes 2 localRanks 4 localRank 3 MNNVL 0
nid010768:112509:112569 [2] NCCL INFO comm 0xaaad25953110 rank 2 nRanks 8 nNodes 2 localRanks 4 localRank 2 MNNVL 0
nid010769:179562:179626 [1] NCCL INFO Trees [0] 6/-1/-1->5->4 [1] 6/-1/-1->5->1 [2] -1/-1/-1->5->4 [3] 6/-1/-1->5->4 [4] 6/-1/-1->5->4 [5] 6/-1/-1->5->1 [6] -1/-1/-1->5->4 [7] 6/-1/-1->5->4 [8] 6/-1/-1->5->4 [9] 6/-1/-1->5->1 [10] -1/-1/-1->5->4 [11] 6/-1/-1->5->4 [12] 6/-1/-1->5->4 [13] 6/1/-1->5->-1 [14] -1/-1/-1->5->4 [15] 6/-1/-1->5->4 [16] 6/-1/-1->5->4 [17] 6/1/-1->5->-1 [18] -1/-1/-1->5->4 [19] 6/-1/-1->5->4 [20] 6/-1/-1->5->4 [21] 6/1/-1->5->-1 [22] -1/-1/-1->5->4 [23] 6/-1/-1->5->4
nid010769:179563:179627 [2] NCCL INFO Trees [0] 7/-1/-1->6->5 [1] 7/-1/-1->6->5 [2] 7/-1/-1->6->2 [3] -1/-1/-1->6->5 [4] 7/-1/-1->6->5 [5] 7/-1/-1->6->5 [6] 7/-1/-1->6->2 [7] -1/-1/-1->6->5 [8] 7/-1/-1->6->5 [9] 7/-1/-1->6->5 [10] 7/-1/-1->6->2 [11] -1/-1/-1->6->5 [12] 7/-1/-1->6->5 [13] 7/-1/-1->6->5 [14] 7/2/-1->6->-1 [15] -1/-1/-1->6->5 [16] 7/-1/-1->6->5 [17] 7/-1/-1->6->5 [18] 7/2/-1->6->-1 [19] -1/-1/-1->6->5 [20] 7/-1/-1->6->5 [21] 7/-1/-1->6->5 [22] 7/2/-1->6->-1 [23] -1/-1/-1->6->5
nid010768:112510:112570 [3] NCCL INFO NCCL_MIN_NCHANNELS set by environment to 4.
nid010768:112509:112569 [2] NCCL INFO NCCL_MIN_NCHANNELS set by environment to 4.
nid010769:179564:179629 [3] NCCL INFO P2P Chunksize set to 131072
nid010769:179561:179628 [0] NCCL INFO P2P Chunksize set to 131072
nid010769:179562:179626 [1] NCCL INFO P2P Chunksize set to 131072
nid010769:179563:179627 [2] NCCL INFO P2P Chunksize set to 131072
nid010768:112510:112570 [3] NCCL INFO Trees [0] -1/-1/-1->3->2 [1] 0/-1/-1->3->2 [2] 0/-1/-1->3->2 [3] 0/7/-1->3->-1 [4] -1/-1/-1->3->2 [5] 0/-1/-1->3->2 [6] 0/-1/-1->3->2 [7] 0/7/-1->3->-1 [8] -1/-1/-1->3->2 [9] 0/-1/-1->3->2 [10] 0/-1/-1->3->2 [11] 0/7/-1->3->-1 [12] -1/-1/-1->3->2 [13] 0/-1/-1->3->2 [14] 0/-1/-1->3->2 [15] 0/-1/-1->3->7 [16] -1/-1/-1->3->2 [17] 0/-1/-1->3->2 [18] 0/-1/-1->3->2 [19] 0/-1/-1->3->7 [20] -1/-1/-1->3->2 [21] 0/-1/-1->3->2 [22] 0/-1/-1->3->2 [23] 0/-1/-1->3->7
nid010768:112509:112569 [2] NCCL INFO Trees [0] 3/-1/-1->2->1 [1] 3/-1/-1->2->1 [2] 3/6/-1->2->-1 [3] -1/-1/-1->2->1 [4] 3/-1/-1->2->1 [5] 3/-1/-1->2->1 [6] 3/6/-1->2->-1 [7] -1/-1/-1->2->1 [8] 3/-1/-1->2->1 [9] 3/-1/-1->2->1 [10] 3/6/-1->2->-1 [11] -1/-1/-1->2->1 [12] 3/-1/-1->2->1 [13] 3/-1/-1->2->1 [14] 3/-1/-1->2->6 [15] -1/-1/-1->2->1 [16] 3/-1/-1->2->1 [17] 3/-1/-1->2->1 [18] 3/-1/-1->2->6 [19] -1/-1/-1->2->1 [20] 3/-1/-1->2->1 [21] 3/-1/-1->2->1 [22] 3/-1/-1->2->6 [23] -1/-1/-1->2->1
nid010768:112510:112570 [3] NCCL INFO P2P Chunksize set to 131072
nid010768:112509:112569 [2] NCCL INFO P2P Chunksize set to 131072
nid010768:112508:112571 [1] NCCL INFO comm 0xaaaae9ae1500 rank 1 nRanks 8 nNodes 2 localRanks 4 localRank 1 MNNVL 0
nid010768:112507:112568 [0] NCCL INFO comm 0xaaaed6093070 rank 0 nRanks 8 nNodes 2 localRanks 4 localRank 0 MNNVL 0
nid010768:112508:112571 [1] NCCL INFO NCCL_MIN_NCHANNELS set by environment to 4.
nid010768:112507:112568 [0] NCCL INFO NCCL_MIN_NCHANNELS set by environment to 4.
nid010768:112507:112568 [0] NCCL INFO Channel 00/24 :    0   3   2   1   4   7   6   5
nid010768:112507:112568 [0] NCCL INFO Channel 01/24 :    0   3   2   5   4   7   6   1
nid010768:112507:112568 [0] NCCL INFO Channel 02/24 :    0   3   6   5   4   7   2   1
nid010768:112507:112568 [0] NCCL INFO Channel 03/24 :    0   7   6   5   4   3   2   1
nid010768:112508:112571 [1] NCCL INFO Trees [0] 2/-1/-1->1->0 [1] 2/5/-1->1->-1 [2] -1/-1/-1->1->0 [3] 2/-1/-1->1->0 [4] 2/-1/-1->1->0 [5] 2/5/-1->1->-1 [6] -1/-1/-1->1->0 [7] 2/-1/-1->1->0 [8] 2/-1/-1->1->0 [9] 2/5/-1->1->-1 [10] -1/-1/-1->1->0 [11] 2/-1/-1->1->0 [12] 2/-1/-1->1->0 [13] 2/-1/-1->1->5 [14] -1/-1/-1->1->0 [15] 2/-1/-1->1->0 [16] 2/-1/-1->1->0 [17] 2/-1/-1->1->5 [18] -1/-1/-1->1->0 [19] 2/-1/-1->1->0 [20] 2/-1/-1->1->0 [21] 2/-1/-1->1->5 [22] -1/-1/-1->1->0 [23] 2/-1/-1->1->0
nid010768:112507:112568 [0] NCCL INFO Channel 04/24 :    0   3   1   2   4   7   5   6
nid010768:112507:112568 [0] NCCL INFO Channel 05/24 :    0   2   3   5   4   6   7   1
nid010768:112508:112571 [1] NCCL INFO P2P Chunksize set to 131072
nid010768:112507:112568 [0] NCCL INFO Channel 06/24 :    0   6   5   7   4   2   1   3
nid010768:112507:112568 [0] NCCL INFO Channel 07/24 :    0   1   7   6   4   5   3   2
nid010768:112507:112568 [0] NCCL INFO Channel 08/24 :    0   2   1   3   4   6   5   7
nid010768:112507:112568 [0] NCCL INFO Channel 09/24 :    0   5   7   6   4   1   3   2
nid010768:112507:112568 [0] NCCL INFO Channel 10/24 :    0   3   1   6   4   7   5   2
nid010768:112507:112568 [0] NCCL INFO Channel 11/24 :    0   2   7   5   4   6   3   1
nid010768:112507:112568 [0] NCCL INFO Channel 12/24 :    0   3   2   1   4   7   6   5
nid010768:112507:112568 [0] NCCL INFO Channel 13/24 :    0   3   2   5   4   7   6   1
nid010768:112507:112568 [0] NCCL INFO Channel 14/24 :    0   3   6   5   4   7   2   1
nid010768:112507:112568 [0] NCCL INFO Channel 15/24 :    0   7   6   5   4   3   2   1
nid010768:112507:112568 [0] NCCL INFO Channel 16/24 :    0   3   1   2   4   7   5   6
nid010768:112507:112568 [0] NCCL INFO Channel 17/24 :    0   2   3   5   4   6   7   1
nid010768:112507:112568 [0] NCCL INFO Channel 18/24 :    0   6   5   7   4   2   1   3
nid010768:112507:112568 [0] NCCL INFO Channel 19/24 :    0   1   7   6   4   5   3   2
nid010768:112507:112568 [0] NCCL INFO Channel 20/24 :    0   2   1   3   4   6   5   7
nid010768:112507:112568 [0] NCCL INFO Channel 21/24 :    0   5   7   6   4   1   3   2
nid010768:112507:112568 [0] NCCL INFO Channel 22/24 :    0   3   1   6   4   7   5   2
nid010768:112507:112568 [0] NCCL INFO Channel 23/24 :    0   2   7   5   4   6   3   1
nid010768:112507:112568 [0] NCCL INFO Trees [0] 1/4/-1->0->-1 [1] -1/-1/-1->0->3 [2] 1/-1/-1->0->3 [3] 1/-1/-1->0->3 [4] 1/4/-1->0->-1 [5] -1/-1/-1->0->3 [6] 1/-1/-1->0->3 [7] 1/-1/-1->0->3 [8] 1/4/-1->0->-1 [9] -1/-1/-1->0->3 [10] 1/-1/-1->0->3 [11] 1/-1/-1->0->3 [12] 1/-1/-1->0->4 [13] -1/-1/-1->0->3 [14] 1/-1/-1->0->3 [15] 1/-1/-1->0->3 [16] 1/-1/-1->0->4 [17] -1/-1/-1->0->3 [18] 1/-1/-1->0->3 [19] 1/-1/-1->0->3 [20] 1/-1/-1->0->4 [21] -1/-1/-1->0->3 [22] 1/-1/-1->0->3 [23] 1/-1/-1->0->3
nid010768:112507:112568 [0] NCCL INFO P2P Chunksize set to 131072
nid010768:112507:112568 [0] NCCL INFO NCCL_NET_GDR_LEVEL set by environment to PHB
nid010768:112507:112568 [0] NCCL INFO NCCL_NET_FORCE_FLUSH set by environment to 1.
nid010768:112507:112568 [0] NCCL INFO Channel 08/0 : 7[3] -> 0[0] [receive] via NET/AWS Libfabric/0/GDRDMA
nid010768:112507:112568 [0] NCCL INFO Channel 20/0 : 7[3] -> 0[0] [receive] via NET/AWS Libfabric/0/GDRDMA
nid010768:112507:112568 [0] NCCL INFO Channel 07/0 : 0[0] -> 1[1] via P2P/CUMEM
nid010768:112509:112569 [2] NCCL INFO Channel 05/0 : 2[2] -> 3[3] via P2P/CUMEM
nid010768:112509:112569 [2] NCCL INFO Channel 17/0 : 2[2] -> 3[3] via P2P/CUMEM
nid010769:179563:179627 [2] NCCL INFO Channel 05/0 : 6[2] -> 7[3] via P2P/CUMEM
nid010768:112507:112568 [0] NCCL INFO Channel 19/0 : 0[0] -> 1[1] via P2P/CUMEM
nid010769:179563:179627 [2] NCCL INFO Channel 17/0 : 6[2] -> 7[3] via P2P/CUMEM
nid010769:179561:179628 [0] NCCL INFO NCCL_NET_GDR_LEVEL set by environment to PHB
nid010769:179561:179628 [0] NCCL INFO NCCL_NET_FORCE_FLUSH set by environment to 1.
nid010769:179561:179628 [0] NCCL INFO Channel 08/0 : 3[3] -> 4[0] [receive] via NET/AWS Libfabric/0/GDRDMA
nid010769:179561:179628 [0] NCCL INFO Channel 20/0 : 3[3] -> 4[0] [receive] via NET/AWS Libfabric/0/GDRDMA
nid010769:179561:179628 [0] NCCL INFO Channel 07/0 : 4[0] -> 5[1] via P2P/CUMEM
nid010769:179561:179628 [0] NCCL INFO Channel 19/0 : 4[0] -> 5[1] via P2P/CUMEM
nid010768:112508:112571 [1] NCCL INFO Channel 04/0 : 1[1] -> 2[2] via P2P/CUMEM
nid010768:112508:112571 [1] NCCL INFO Channel 16/0 : 1[1] -> 2[2] via P2P/CUMEM
nid010768:112508:112571 [1] NCCL INFO NCCL_NET_GDR_LEVEL set by environment to PHB
nid010768:112508:112571 [1] NCCL INFO NCCL_NET_FORCE_FLUSH set by environment to 1.
nid010769:179564:179629 [3] NCCL INFO NCCL_NET_GDR_LEVEL set by environment to PHB
nid010769:179564:179629 [3] NCCL INFO Channel 08/0 : 7[3] -> 0[0] [send] via NET/AWS Libfabric/0
nid010769:179564:179629 [3] NCCL INFO Channel 20/0 : 7[3] -> 0[0] [send] via NET/AWS Libfabric/0
nid010768:112508:112571 [1] NCCL INFO Channel 05/0 : 7[3] -> 1[1] [receive] via NET/AWS Libfabric/1/GDRDMA
nid010768:112508:112571 [1] NCCL INFO Channel 17/0 : 7[3] -> 1[1] [receive] via NET/AWS Libfabric/1/GDRDMA
nid010768:112508:112571 [1] NCCL INFO Channel 06/0 : 1[1] -> 3[3] via P2P/CUMEM
nid010768:112508:112571 [1] NCCL INFO Channel 08/0 : 1[1] -> 3[3] via P2P/CUMEM
nid010768:112508:112571 [1] NCCL INFO Channel 09/0 : 1[1] -> 3[3] via P2P/CUMEM
nid010769:179562:179626 [1] NCCL INFO Channel 04/0 : 5[1] -> 6[2] via P2P/CUMEM
nid010769:179562:179626 [1] NCCL INFO Channel 16/0 : 5[1] -> 6[2] via P2P/CUMEM
nid010768:112507:112568 [0] NCCL INFO Channel 04/0 : 6[2] -> 0[0] [receive] via NET/AWS Libfabric/0/GDRDMA
nid010768:112508:112571 [1] NCCL INFO Channel 18/0 : 1[1] -> 3[3] via P2P/CUMEM
nid010768:112510:112570 [3] NCCL INFO NCCL_NET_GDR_LEVEL set by environment to PHB
nid010768:112510:112570 [3] NCCL INFO Channel 08/0 : 3[3] -> 4[0] [send] via NET/AWS Libfabric/0
nid010768:112510:112570 [3] NCCL INFO Channel 20/0 : 3[3] -> 4[0] [send] via NET/AWS Libfabric/0
nid010768:112509:112569 [2] NCCL INFO NCCL_NET_GDR_LEVEL set by environment to PHB
nid010768:112509:112569 [2] NCCL INFO Channel 04/0 : 2[2] -> 4[0] [send] via NET/AWS Libfabric/0
nid010768:112509:112569 [2] NCCL INFO Channel 16/0 : 2[2] -> 4[0] [send] via NET/AWS Libfabric/0
nid010769:179562:179626 [1] NCCL INFO NCCL_NET_GDR_LEVEL set by environment to PHB
nid010769:179562:179626 [1] NCCL INFO NCCL_NET_FORCE_FLUSH set by environment to 1.
nid010769:179562:179626 [1] NCCL INFO Channel 05/0 : 3[3] -> 5[1] [receive] via NET/AWS Libfabric/1/GDRDMA
nid010769:179562:179626 [1] NCCL INFO Channel 17/0 : 3[3] -> 5[1] [receive] via NET/AWS Libfabric/1/GDRDMA
nid010769:179562:179626 [1] NCCL INFO Channel 06/0 : 5[1] -> 7[3] via P2P/CUMEM
nid010769:179562:179626 [1] NCCL INFO Channel 08/0 : 5[1] -> 7[3] via P2P/CUMEM
nid010769:179562:179626 [1] NCCL INFO Channel 09/0 : 5[1] -> 7[3] via P2P/CUMEM
nid010769:179562:179626 [1] NCCL INFO Channel 18/0 : 5[1] -> 7[3] via P2P/CUMEM
nid010769:179562:179626 [1] NCCL INFO Channel 20/0 : 5[1] -> 7[3] via P2P/CUMEM
nid010768:112508:112571 [1] NCCL INFO Channel 20/0 : 1[1] -> 3[3] via P2P/CUMEM
nid010768:112508:112571 [1] NCCL INFO Channel 21/0 : 1[1] -> 3[3] via P2P/CUMEM
nid010768:112510:112570 [3] NCCL INFO Channel 05/0 : 3[3] -> 5[1] [send] via NET/AWS Libfabric/1
nid010768:112510:112570 [3] NCCL INFO Channel 17/0 : 3[3] -> 5[1] [send] via NET/AWS Libfabric/1
nid010768:112507:112568 [0] NCCL INFO Channel 16/0 : 6[2] -> 0[0] [receive] via NET/AWS Libfabric/0/GDRDMA
nid010768:112507:112568 [0] NCCL INFO Channel 05/0 : 0[0] -> 2[2] via P2P/CUMEM
nid010768:112507:112568 [0] NCCL INFO Channel 08/0 : 0[0] -> 2[2] via P2P/CUMEM
nid010768:112507:112568 [0] NCCL INFO Channel 11/0 : 0[0] -> 2[2] via P2P/CUMEM
nid010768:112507:112568 [0] NCCL INFO Channel 17/0 : 0[0] -> 2[2] via P2P/CUMEM
nid010768:112507:112568 [0] NCCL INFO Channel 20/0 : 0[0] -> 2[2] via P2P/CUMEM
nid010768:112507:112568 [0] NCCL INFO Channel 23/0 : 0[0] -> 2[2] via P2P/CUMEM
nid010769:179564:179629 [3] NCCL INFO Channel 05/0 : 7[3] -> 1[1] [send] via NET/AWS Libfabric/1
nid010769:179563:179627 [2] NCCL INFO NCCL_NET_GDR_LEVEL set by environment to PHB
nid010769:179563:179627 [2] NCCL INFO Channel 04/0 : 6[2] -> 0[0] [send] via NET/AWS Libfabric/0
nid010769:179563:179627 [2] NCCL INFO Channel 16/0 : 6[2] -> 0[0] [send] via NET/AWS Libfabric/0
nid010769:179561:179628 [0] NCCL INFO Channel 04/0 : 2[2] -> 4[0] [receive] via NET/AWS Libfabric/0/GDRDMA
nid010769:179561:179628 [0] NCCL INFO Channel 16/0 : 2[2] -> 4[0] [receive] via NET/AWS Libfabric/0/GDRDMA
nid010769:179561:179628 [0] NCCL INFO Channel 05/0 : 4[0] -> 6[2] via P2P/CUMEM
nid010769:179562:179626 [1] NCCL INFO Channel 21/0 : 5[1] -> 7[3] via P2P/CUMEM
nid010769:179561:179628 [0] NCCL INFO Channel 08/0 : 4[0] -> 6[2] via P2P/CUMEM
nid010769:179561:179628 [0] NCCL INFO Channel 11/0 : 4[0] -> 6[2] via P2P/CUMEM
nid010769:179561:179628 [0] NCCL INFO Channel 17/0 : 4[0] -> 6[2] via P2P/CUMEM
nid010769:179561:179628 [0] NCCL INFO Channel 20/0 : 4[0] -> 6[2] via P2P/CUMEM
nid010769:179561:179628 [0] NCCL INFO Channel 23/0 : 4[0] -> 6[2] via P2P/CUMEM
nid010769:179563:179627 [2] NCCL INFO NCCL_NET_FORCE_FLUSH set by environment to 1.
nid010769:179561:179628 [0] NCCL INFO Channel 00/0 : 1[1] -> 4[0] [receive] via NET/AWS Libfabric/0/GDRDMA
nid010768:112509:112569 [2] NCCL INFO NCCL_NET_FORCE_FLUSH set by environment to 1.
nid010769:179563:179627 [2] NCCL INFO Channel 02/0 : 3[3] -> 6[2] [receive] via NET/AWS Libfabric/2/GDRDMA
nid010769:179563:179627 [2] NCCL INFO Channel 14/0 : 3[3] -> 6[2] [receive] via NET/AWS Libfabric/2/GDRDMA
nid010768:112509:112569 [2] NCCL INFO Channel 02/0 : 7[3] -> 2[2] [receive] via NET/AWS Libfabric/2/GDRDMA
nid010769:179564:179629 [3] NCCL INFO Channel 17/0 : 7[3] -> 1[1] [send] via NET/AWS Libfabric/1
nid010768:112508:112571 [1] NCCL INFO Channel 01/0 : 6[2] -> 1[1] [receive] via NET/AWS Libfabric/1/GDRDMA
nid010768:112507:112568 [0] NCCL INFO Channel 00/0 : 5[1] -> 0[0] [receive] via NET/AWS Libfabric/0/GDRDMA
nid010769:179563:179627 [2] NCCL INFO Channel 01/0 : 6[2] -> 1[1] [send] via NET/AWS Libfabric/1
nid010768:112507:112568 [0] NCCL INFO Channel 12/0 : 5[1] -> 0[0] [receive] via NET/AWS Libfabric/0/GDRDMA
nid010768:112507:112568 [0] NCCL INFO Channel 00/0 : 0[0] -> 3[3] via P2P/CUMEM
nid010768:112509:112569 [2] NCCL INFO Channel 14/0 : 7[3] -> 2[2] [receive] via NET/AWS Libfabric/2/GDRDMA
nid010768:112509:112569 [2] NCCL INFO Channel 01/0 : 2[2] -> 5[1] [send] via NET/AWS Libfabric/1
nid010768:112509:112569 [2] NCCL INFO Channel 13/0 : 2[2] -> 5[1] [send] via NET/AWS Libfabric/1
nid010768:112507:112568 [0] NCCL INFO Channel 01/0 : 0[0] -> 3[3] via P2P/CUMEM
nid010768:112507:112568 [0] NCCL INFO Channel 02/0 : 0[0] -> 3[3] via P2P/CUMEM
nid010769:179561:179628 [0] NCCL INFO Channel 12/0 : 1[1] -> 4[0] [receive] via NET/AWS Libfabric/0/GDRDMA
nid010769:179561:179628 [0] NCCL INFO Channel 00/0 : 4[0] -> 7[3] via P2P/CUMEM
nid010768:112508:112571 [1] NCCL INFO Channel 13/0 : 6[2] -> 1[1] [receive] via NET/AWS Libfabric/1/GDRDMA
nid010768:112508:112571 [1] NCCL INFO Channel 00/0 : 1[1] -> 4[0] [send] via NET/AWS Libfabric/0
nid010768:112508:112571 [1] NCCL INFO Channel 12/0 : 1[1] -> 4[0] [send] via NET/AWS Libfabric/0
nid010769:179561:179628 [0] NCCL INFO Channel 01/0 : 4[0] -> 7[3] via P2P/CUMEM
nid010769:179561:179628 [0] NCCL INFO Channel 02/0 : 4[0] -> 7[3] via P2P/CUMEM
nid010769:179561:179628 [0] NCCL INFO Channel 04/0 : 4[0] -> 7[3] via P2P/CUMEM
nid010769:179562:179626 [1] NCCL INFO Channel 01/0 : 2[2] -> 5[1] [receive] via NET/AWS Libfabric/1/GDRDMA
nid010769:179562:179626 [1] NCCL INFO Channel 13/0 : 2[2] -> 5[1] [receive] via NET/AWS Libfabric/1/GDRDMA
nid010769:179562:179626 [1] NCCL INFO Channel 00/0 : 5[1] -> 0[0] [send] via NET/AWS Libfabric/0
nid010769:179562:179626 [1] NCCL INFO Channel 12/0 : 5[1] -> 0[0] [send] via NET/AWS Libfabric/0
nid010769:179563:179627 [2] NCCL INFO Channel 13/0 : 6[2] -> 1[1] [send] via NET/AWS Libfabric/1
nid010768:112507:112568 [0] NCCL INFO Channel 04/0 : 0[0] -> 3[3] via P2P/CUMEM
nid010768:112507:112568 [0] NCCL INFO Channel 10/0 : 0[0] -> 3[3] via P2P/CUMEM
nid010768:112507:112568 [0] NCCL INFO Channel 12/0 : 0[0] -> 3[3] via P2P/CUMEM
nid010768:112510:112570 [3] NCCL INFO Channel 02/0 : 3[3] -> 6[2] [send] via NET/AWS Libfabric/2
nid010768:112510:112570 [3] NCCL INFO Channel 14/0 : 3[3] -> 6[2] [send] via NET/AWS Libfabric/2
nid010769:179563:179627 [2] NCCL INFO Channel 10/0 : 1[1] -> 6[2] [receive] via NET/AWS Libfabric/2/GDRDMA
nid010769:179563:179627 [2] NCCL INFO Channel 22/0 : 1[1] -> 6[2] [receive] via NET/AWS Libfabric/2/GDRDMA
nid010769:179563:179627 [2] NCCL INFO Channel 11/0 : 6[2] -> 3[3] [send] via NET/AWS Libfabric/3
nid010769:179563:179627 [2] NCCL INFO Channel 23/0 : 6[2] -> 3[3] [send] via NET/AWS Libfabric/3
nid010769:179561:179628 [0] NCCL INFO Channel 10/0 : 4[0] -> 7[3] via P2P/CUMEM
nid010769:179561:179628 [0] NCCL INFO Channel 12/0 : 4[0] -> 7[3] via P2P/CUMEM
nid010769:179561:179628 [0] NCCL INFO Channel 13/0 : 4[0] -> 7[3] via P2P/CUMEM
nid010769:179564:179629 [3] NCCL INFO Channel 02/0 : 7[3] -> 2[2] [send] via NET/AWS Libfabric/2
nid010769:179564:179629 [3] NCCL INFO Channel 14/0 : 7[3] -> 2[2] [send] via NET/AWS Libfabric/2
nid010768:112507:112568 [0] NCCL INFO Channel 13/0 : 0[0] -> 3[3] via P2P/CUMEM
nid010768:112507:112568 [0] NCCL INFO Channel 14/0 : 0[0] -> 3[3] via P2P/CUMEM
nid010768:112507:112568 [0] NCCL INFO Channel 16/0 : 0[0] -> 3[3] via P2P/CUMEM
nid010769:179561:179628 [0] NCCL INFO Channel 14/0 : 4[0] -> 7[3] via P2P/CUMEM
nid010769:179561:179628 [0] NCCL INFO Channel 16/0 : 4[0] -> 7[3] via P2P/CUMEM
nid010769:179561:179628 [0] NCCL INFO Channel 22/0 : 4[0] -> 7[3] via P2P/CUMEM
nid010769:179564:179629 [3] NCCL INFO NCCL_NET_FORCE_FLUSH set by environment to 1.
nid010768:112508:112571 [1] NCCL INFO Channel 09/0 : 4[0] -> 1[1] [receive] via NET/AWS Libfabric/1/GDRDMA
nid010768:112508:112571 [1] NCCL INFO Channel 21/0 : 4[0] -> 1[1] [receive] via NET/AWS Libfabric/1/GDRDMA
nid010768:112508:112571 [1] NCCL INFO Channel 10/0 : 1[1] -> 6[2] [send] via NET/AWS Libfabric/2
nid010768:112508:112571 [1] NCCL INFO Channel 22/0 : 1[1] -> 6[2] [send] via NET/AWS Libfabric/2
nid010769:179564:179629 [3] NCCL INFO Channel 11/0 : 2[2] -> 7[3] [receive] via NET/AWS Libfabric/3/GDRDMA
nid010769:179564:179629 [3] NCCL INFO Channel 23/0 : 2[2] -> 7[3] [receive] via NET/AWS Libfabric/3/GDRDMA
nid010769:179564:179629 [3] NCCL INFO Channel 06/0 : 7[3] -> 4[0] via P2P/CUMEM
nid010769:179564:179629 [3] NCCL INFO Channel 18/0 : 7[3] -> 4[0] via P2P/CUMEM
nid010768:112507:112568 [0] NCCL INFO Channel 22/0 : 0[0] -> 3[3] via P2P/CUMEM
nid010769:179562:179626 [1] NCCL INFO Channel 09/0 : 0[0] -> 5[1] [receive] via NET/AWS Libfabric/1/GDRDMA
nid010769:179562:179626 [1] NCCL INFO Channel 21/0 : 0[0] -> 5[1] [receive] via NET/AWS Libfabric/1/GDRDMA
nid010769:179562:179626 [1] NCCL INFO Channel 10/0 : 5[1] -> 2[2] [send] via NET/AWS Libfabric/2
nid010769:179562:179626 [1] NCCL INFO Channel 22/0 : 5[1] -> 2[2] [send] via NET/AWS Libfabric/2
nid010768:112507:112568 [0] NCCL INFO Channel 09/0 : 0[0] -> 5[1] [send] via NET/AWS Libfabric/1
nid010768:112507:112568 [0] NCCL INFO Channel 21/0 : 0[0] -> 5[1] [send] via NET/AWS Libfabric/1
