Job started on Tue  6 Jan 15:18:00 UTC 2026
Nodes: nid[011109,011130]
In directory: /projects/u5hv/lionky.u5hv/work_home/quantization-evaluation
MASTER_ADDR=nid011109
MASTER_PORT=29600
NNODES=2
GPUS_PER_NODE=4
Running: optimize.py with torchrun
/projects/u5hv/lionky.u5hv/conda/conda_envs/quantization-eval/lib/python3.9/site-packages/torch/cuda/__init__.py:61: FutureWarning: The pynvml package is deprecated. Please install nvidia-ml-py instead. If you did not install pynvml directly, please report this to the maintainers of the package that installed pynvml for you.
  import pynvml  # type: ignore[import]
W0106 15:18:05.402171 212433 /lus/lfs1aip2/projects/u5hv/lionky.u5hv/conda/conda_envs/quantization-eval/lib/python3.9/site-packages/torch/distributed/run.py:792] 
W0106 15:18:05.402171 212433 /lus/lfs1aip2/projects/u5hv/lionky.u5hv/conda/conda_envs/quantization-eval/lib/python3.9/site-packages/torch/distributed/run.py:792] *****************************************
W0106 15:18:05.402171 212433 /lus/lfs1aip2/projects/u5hv/lionky.u5hv/conda/conda_envs/quantization-eval/lib/python3.9/site-packages/torch/distributed/run.py:792] Setting OMP_NUM_THREADS environment variable for each process to be 1 in default, to avoid your system being overloaded, please further tune the variable for optimal performance in your application as needed. 
W0106 15:18:05.402171 212433 /lus/lfs1aip2/projects/u5hv/lionky.u5hv/conda/conda_envs/quantization-eval/lib/python3.9/site-packages/torch/distributed/run.py:792] *****************************************
/projects/u5hv/lionky.u5hv/conda/conda_envs/quantization-eval/lib/python3.9/site-packages/torch/cuda/__init__.py:61: FutureWarning: The pynvml package is deprecated. Please install nvidia-ml-py instead. If you did not install pynvml directly, please report this to the maintainers of the package that installed pynvml for you.
  import pynvml  # type: ignore[import]
W0106 15:18:08.036953 209443 /lus/lfs1aip2/projects/u5hv/lionky.u5hv/conda/conda_envs/quantization-eval/lib/python3.9/site-packages/torch/distributed/run.py:792] 
W0106 15:18:08.036953 209443 /lus/lfs1aip2/projects/u5hv/lionky.u5hv/conda/conda_envs/quantization-eval/lib/python3.9/site-packages/torch/distributed/run.py:792] *****************************************
W0106 15:18:08.036953 209443 /lus/lfs1aip2/projects/u5hv/lionky.u5hv/conda/conda_envs/quantization-eval/lib/python3.9/site-packages/torch/distributed/run.py:792] Setting OMP_NUM_THREADS environment variable for each process to be 1 in default, to avoid your system being overloaded, please further tune the variable for optimal performance in your application as needed. 
W0106 15:18:08.036953 209443 /lus/lfs1aip2/projects/u5hv/lionky.u5hv/conda/conda_envs/quantization-eval/lib/python3.9/site-packages/torch/distributed/run.py:792] *****************************************
/projects/u5hv/lionky.u5hv/conda/conda_envs/quantization-eval/lib/python3.9/site-packages/torch/cuda/__init__.py:61: FutureWarning: The pynvml package is deprecated. Please install nvidia-ml-py instead. If you did not install pynvml directly, please report this to the maintainers of the package that installed pynvml for you.
  import pynvml  # type: ignore[import]
/projects/u5hv/lionky.u5hv/conda/conda_envs/quantization-eval/lib/python3.9/site-packages/torch/cuda/__init__.py:61: FutureWarning: The pynvml package is deprecated. Please install nvidia-ml-py instead. If you did not install pynvml directly, please report this to the maintainers of the package that installed pynvml for you.
  import pynvml  # type: ignore[import]
/projects/u5hv/lionky.u5hv/conda/conda_envs/quantization-eval/lib/python3.9/site-packages/torch/cuda/__init__.py:61: FutureWarning: The pynvml package is deprecated. Please install nvidia-ml-py instead. If you did not install pynvml directly, please report this to the maintainers of the package that installed pynvml for you.
  import pynvml  # type: ignore[import]
/projects/u5hv/lionky.u5hv/conda/conda_envs/quantization-eval/lib/python3.9/site-packages/torch/cuda/__init__.py:61: FutureWarning: The pynvml package is deprecated. Please install nvidia-ml-py instead. If you did not install pynvml directly, please report this to the maintainers of the package that installed pynvml for you.
  import pynvml  # type: ignore[import]
/projects/u5hv/lionky.u5hv/conda/conda_envs/quantization-eval/lib/python3.9/site-packages/torch/cuda/__init__.py:61: FutureWarning: The pynvml package is deprecated. Please install nvidia-ml-py instead. If you did not install pynvml directly, please report this to the maintainers of the package that installed pynvml for you.
  import pynvml  # type: ignore[import]
/projects/u5hv/lionky.u5hv/conda/conda_envs/quantization-eval/lib/python3.9/site-packages/torch/cuda/__init__.py:61: FutureWarning: The pynvml package is deprecated. Please install nvidia-ml-py instead. If you did not install pynvml directly, please report this to the maintainers of the package that installed pynvml for you.
  import pynvml  # type: ignore[import]
/projects/u5hv/lionky.u5hv/conda/conda_envs/quantization-eval/lib/python3.9/site-packages/torch/cuda/__init__.py:61: FutureWarning: The pynvml package is deprecated. Please install nvidia-ml-py instead. If you did not install pynvml directly, please report this to the maintainers of the package that installed pynvml for you.
  import pynvml  # type: ignore[import]
/projects/u5hv/lionky.u5hv/conda/conda_envs/quantization-eval/lib/python3.9/site-packages/torch/cuda/__init__.py:61: FutureWarning: The pynvml package is deprecated. Please install nvidia-ml-py instead. If you did not install pynvml directly, please report this to the maintainers of the package that installed pynvml for you.
  import pynvml  # type: ignore[import]
/projects/u5hv/lionky.u5hv/conda/conda_envs/quantization-eval/lib/python3.9/site-packages/transformers/training_args.py:1525: FutureWarning: `evaluation_strategy` is deprecated and will be removed in version 4.46 of ðŸ¤— Transformers. Use `eval_strategy` instead
  warnings.warn(
/projects/u5hv/lionky.u5hv/conda/conda_envs/quantization-eval/lib/python3.9/site-packages/transformers/training_args.py:1525: FutureWarning: `evaluation_strategy` is deprecated and will be removed in version 4.46 of ðŸ¤— Transformers. Use `eval_strategy` instead
  warnings.warn(
/projects/u5hv/lionky.u5hv/conda/conda_envs/quantization-eval/lib/python3.9/site-packages/transformers/training_args.py:1525: FutureWarning: `evaluation_strategy` is deprecated and will be removed in version 4.46 of ðŸ¤— Transformers. Use `eval_strategy` instead
  warnings.warn(
/projects/u5hv/lionky.u5hv/conda/conda_envs/quantization-eval/lib/python3.9/site-packages/transformers/training_args.py:1525: FutureWarning: `evaluation_strategy` is deprecated and will be removed in version 4.46 of ðŸ¤— Transformers. Use `eval_strategy` instead
  warnings.warn(
When using FSDP full shard, instead of using `gradient_checkpointing` in TrainingArguments, please use `activation_checkpointing` in `fsdp_config`. The former introduces a redundant AllGather operation in backward pass. Reference: https://github.com/huggingface/transformers/issues/30404
[rank0]:[W106 15:18:20.080800066 ProcessGroupNCCL.cpp:4561] [PG ID 0 PG GUID 0 Rank 0]  using GPU 0 to perform barrier as devices used by this process are currently unknown. This can potentially cause a hang if this rank to GPU mapping is incorrect. Specify device_ids in barrier() to force use of a particular device, or call init_process_group() with a device_id.
nid011109:212442:212442 [0] NCCL INFO NCCL_GDRCOPY_ENABLE set by environment to 1.
nid011109:212442:212442 [0] NCCL INFO GDRCOPY enabled library 2.4 driver 2.4
nid011109:212442:212442 [0] NCCL INFO NCCL_SOCKET_IFNAME set by environment to ^docker0,lo
nid011109:212442:212442 [0] NCCL INFO Bootstrap : Using nmn0:10.100.41.67<0>
nid011109:212442:212442 [0] NCCL INFO NET/Plugin: Failed to find ncclNetPlugin_v8 symbol.
nid011109:212442:212442 [0] NCCL INFO NET/Plugin: Loaded net plugin AWS Libfabric (v7)
nid011109:212442:212442 [0] NCCL INFO NET/Plugin: Failed to find ncclCollNetPlugin_v8 symbol.
nid011109:212442:212442 [0] NCCL INFO NET/Plugin: Failed to find ncclCollNetPlugin symbol (>= v5). ncclCollNetPlugin symbols v4 and lower are not supported.
nid011109:212442:212442 [0] NCCL INFO cudaDriverVersion 12070
NCCL version 2.21.5+cuda12.6
nid011109:212442:212442 [0] NCCL INFO Comm config Blocking set to 1
When using FSDP full shard, instead of using `gradient_checkpointing` in TrainingArguments, please use `activation_checkpointing` in `fsdp_config`. The former introduces a redundant AllGather operation in backward pass. Reference: https://github.com/huggingface/transformers/issues/30404
When using FSDP full shard, instead of using `gradient_checkpointing` in TrainingArguments, please use `activation_checkpointing` in `fsdp_config`. The former introduces a redundant AllGather operation in backward pass. Reference: https://github.com/huggingface/transformers/issues/30404
[rank3]:[W106 15:18:20.206918581 ProcessGroupNCCL.cpp:4561] [PG ID 0 PG GUID 0 Rank 3]  using GPU 3 to perform barrier as devices used by this process are currently unknown. This can potentially cause a hang if this rank to GPU mapping is incorrect. Specify device_ids in barrier() to force use of a particular device, or call init_process_group() with a device_id.
[rank1]:[W106 15:18:20.207524740 ProcessGroupNCCL.cpp:4561] [PG ID 0 PG GUID 0 Rank 1]  using GPU 1 to perform barrier as devices used by this process are currently unknown. This can potentially cause a hang if this rank to GPU mapping is incorrect. Specify device_ids in barrier() to force use of a particular device, or call init_process_group() with a device_id.
When using FSDP full shard, instead of using `gradient_checkpointing` in TrainingArguments, please use `activation_checkpointing` in `fsdp_config`. The former introduces a redundant AllGather operation in backward pass. Reference: https://github.com/huggingface/transformers/issues/30404
[rank2]:[W106 15:18:20.212584212 ProcessGroupNCCL.cpp:4561] [PG ID 0 PG GUID 0 Rank 2]  using GPU 2 to perform barrier as devices used by this process are currently unknown. This can potentially cause a hang if this rank to GPU mapping is incorrect. Specify device_ids in barrier() to force use of a particular device, or call init_process_group() with a device_id.
nid011109:212443:212443 [1] NCCL INFO cudaDriverVersion 12070
nid011109:212445:212445 [3] NCCL INFO cudaDriverVersion 12070
nid011109:212443:212443 [1] NCCL INFO NCCL_GDRCOPY_ENABLE set by environment to 1.
nid011109:212445:212445 [3] NCCL INFO NCCL_GDRCOPY_ENABLE set by environment to 1.
nid011109:212445:212445 [3] NCCL INFO GDRCOPY enabled library 2.4 driver 2.4
nid011109:212443:212443 [1] NCCL INFO GDRCOPY enabled library 2.4 driver 2.4
nid011109:212445:212445 [3] NCCL INFO NCCL_SOCKET_IFNAME set by environment to ^docker0,lo
nid011109:212443:212443 [1] NCCL INFO NCCL_SOCKET_IFNAME set by environment to ^docker0,lo
nid011109:212443:212443 [1] NCCL INFO Bootstrap : Using nmn0:10.100.41.67<0>
nid011109:212445:212445 [3] NCCL INFO Bootstrap : Using nmn0:10.100.41.67<0>
nid011109:212444:212444 [2] NCCL INFO cudaDriverVersion 12070
nid011109:212444:212444 [2] NCCL INFO NCCL_GDRCOPY_ENABLE set by environment to 1.
nid011109:212444:212444 [2] NCCL INFO GDRCOPY enabled library 2.4 driver 2.4
nid011109:212444:212444 [2] NCCL INFO NCCL_SOCKET_IFNAME set by environment to ^docker0,lo
nid011109:212444:212444 [2] NCCL INFO Bootstrap : Using nmn0:10.100.41.67<0>
nid011109:212445:212445 [3] NCCL INFO NET/Plugin: Failed to find ncclNetPlugin_v8 symbol.
nid011109:212443:212443 [1] NCCL INFO NET/Plugin: Failed to find ncclNetPlugin_v8 symbol.
nid011109:212445:212445 [3] NCCL INFO NET/Plugin: Loaded net plugin AWS Libfabric (v7)
nid011109:212443:212443 [1] NCCL INFO NET/Plugin: Loaded net plugin AWS Libfabric (v7)
nid011109:212445:212445 [3] NCCL INFO NET/Plugin: Failed to find ncclCollNetPlugin_v8 symbol.
nid011109:212443:212443 [1] NCCL INFO NET/Plugin: Failed to find ncclCollNetPlugin_v8 symbol.
nid011109:212445:212445 [3] NCCL INFO NET/Plugin: Failed to find ncclCollNetPlugin symbol (>= v5). ncclCollNetPlugin symbols v4 and lower are not supported.
nid011109:212443:212443 [1] NCCL INFO NET/Plugin: Failed to find ncclCollNetPlugin symbol (>= v5). ncclCollNetPlugin symbols v4 and lower are not supported.
nid011109:212445:212445 [3] NCCL INFO Comm config Blocking set to 1
nid011109:212443:212443 [1] NCCL INFO Comm config Blocking set to 1
nid011109:212444:212444 [2] NCCL INFO NET/Plugin: Failed to find ncclNetPlugin_v8 symbol.
nid011109:212444:212444 [2] NCCL INFO NET/Plugin: Loaded net plugin AWS Libfabric (v7)
nid011109:212444:212444 [2] NCCL INFO NET/Plugin: Failed to find ncclCollNetPlugin_v8 symbol.
nid011109:212444:212444 [2] NCCL INFO NET/Plugin: Failed to find ncclCollNetPlugin symbol (>= v5). ncclCollNetPlugin symbols v4 and lower are not supported.
nid011109:212444:212444 [2] NCCL INFO Comm config Blocking set to 1
nid011109:212442:212501 [0] NCCL INFO NET/OFI Initializing aws-ofi-nccl 1.8.1-aws
nid011109:212442:212501 [0] NCCL INFO NET/OFI Initializing aws-ofi-nccl 1.8.1-aws
nid011109:212442:212501 [0] NCCL INFO NET/OFI Using Libfabric version 1.22
nid011109:212442:212501 [0] NCCL INFO NET/OFI Using CUDA driver version 12070
nid011109:212442:212501 [0] NCCL INFO NET/OFI Selected Provider is cxi (found 4 nics)
nid011109:212442:212501 [0] NCCL INFO NET/OFI Using transport protocol SENDRECV
nid011109:212442:212501 [0] NCCL INFO Using non-device net plugin version 0
nid011109:212442:212501 [0] NCCL INFO Using network AWS Libfabric
nid011109:212442:212501 [0] NCCL INFO DMA-BUF is available on GPU device 0
nid011109:212444:212504 [2] NCCL INFO NET/OFI Initializing aws-ofi-nccl 1.8.1-aws
nid011109:212444:212504 [2] NCCL INFO NET/OFI Initializing aws-ofi-nccl 1.8.1-aws
nid011109:212444:212504 [2] NCCL INFO NET/OFI Using Libfabric version 1.22
nid011109:212443:212503 [1] NCCL INFO NET/OFI Initializing aws-ofi-nccl 1.8.1-aws
nid011109:212443:212503 [1] NCCL INFO NET/OFI Initializing aws-ofi-nccl 1.8.1-aws
nid011109:212443:212503 [1] NCCL INFO NET/OFI Using Libfabric version 1.22
nid011109:212445:212502 [3] NCCL INFO NET/OFI Initializing aws-ofi-nccl 1.8.1-aws
nid011109:212445:212502 [3] NCCL INFO NET/OFI Initializing aws-ofi-nccl 1.8.1-aws
nid011109:212445:212502 [3] NCCL INFO NET/OFI Using Libfabric version 1.22
nid011109:212443:212503 [1] NCCL INFO NET/OFI Using CUDA driver version 12070
nid011109:212444:212504 [2] NCCL INFO NET/OFI Using CUDA driver version 12070
nid011109:212445:212502 [3] NCCL INFO NET/OFI Using CUDA driver version 12070
nid011109:212445:212502 [3] NCCL INFO NET/OFI Selected Provider is cxi (found 4 nics)
nid011109:212445:212502 [3] NCCL INFO NET/OFI Using transport protocol SENDRECV
nid011109:212443:212503 [1] NCCL INFO NET/OFI Selected Provider is cxi (found 4 nics)
nid011109:212443:212503 [1] NCCL INFO NET/OFI Using transport protocol SENDRECV
nid011109:212444:212504 [2] NCCL INFO NET/OFI Selected Provider is cxi (found 4 nics)
nid011109:212444:212504 [2] NCCL INFO NET/OFI Using transport protocol SENDRECV
nid011109:212445:212502 [3] NCCL INFO Using non-device net plugin version 0
nid011109:212445:212502 [3] NCCL INFO Using network AWS Libfabric
nid011109:212443:212503 [1] NCCL INFO Using non-device net plugin version 0
nid011109:212443:212503 [1] NCCL INFO Using network AWS Libfabric
nid011109:212444:212504 [2] NCCL INFO Using non-device net plugin version 0
nid011109:212444:212504 [2] NCCL INFO Using network AWS Libfabric
/projects/u5hv/lionky.u5hv/conda/conda_envs/quantization-eval/lib/python3.9/site-packages/transformers/training_args.py:1525: FutureWarning: `evaluation_strategy` is deprecated and will be removed in version 4.46 of ðŸ¤— Transformers. Use `eval_strategy` instead
  warnings.warn(
/projects/u5hv/lionky.u5hv/conda/conda_envs/quantization-eval/lib/python3.9/site-packages/transformers/training_args.py:1525: FutureWarning: `evaluation_strategy` is deprecated and will be removed in version 4.46 of ðŸ¤— Transformers. Use `eval_strategy` instead
  warnings.warn(
/projects/u5hv/lionky.u5hv/conda/conda_envs/quantization-eval/lib/python3.9/site-packages/transformers/training_args.py:1525: FutureWarning: `evaluation_strategy` is deprecated and will be removed in version 4.46 of ðŸ¤— Transformers. Use `eval_strategy` instead
  warnings.warn(
/projects/u5hv/lionky.u5hv/conda/conda_envs/quantization-eval/lib/python3.9/site-packages/transformers/training_args.py:1525: FutureWarning: `evaluation_strategy` is deprecated and will be removed in version 4.46 of ðŸ¤— Transformers. Use `eval_strategy` instead
  warnings.warn(
nid011109:212445:212502 [3] NCCL INFO DMA-BUF is available on GPU device 3
nid011109:212443:212503 [1] NCCL INFO DMA-BUF is available on GPU device 1
nid011109:212444:212504 [2] NCCL INFO DMA-BUF is available on GPU device 2
When using FSDP full shard, instead of using `gradient_checkpointing` in TrainingArguments, please use `activation_checkpointing` in `fsdp_config`. The former introduces a redundant AllGather operation in backward pass. Reference: https://github.com/huggingface/transformers/issues/30404
[rank4]:[W106 15:18:23.815176743 ProcessGroupNCCL.cpp:4561] [PG ID 0 PG GUID 0 Rank 4]  using GPU 0 to perform barrier as devices used by this process are currently unknown. This can potentially cause a hang if this rank to GPU mapping is incorrect. Specify device_ids in barrier() to force use of a particular device, or call init_process_group() with a device_id.
nid011130:209465:209465 [0] NCCL INFO cudaDriverVersion 12070
nid011130:209465:209465 [0] NCCL INFO NCCL_GDRCOPY_ENABLE set by environment to 1.
nid011130:209465:209465 [0] NCCL INFO GDRCOPY enabled library 2.4 driver 2.4
nid011130:209465:209465 [0] NCCL INFO NCCL_SOCKET_IFNAME set by environment to ^docker0,lo
nid011130:209465:209465 [0] NCCL INFO Bootstrap : Using nmn0:10.100.43.61<0>
When using FSDP full shard, instead of using `gradient_checkpointing` in TrainingArguments, please use `activation_checkpointing` in `fsdp_config`. The former introduces a redundant AllGather operation in backward pass. Reference: https://github.com/huggingface/transformers/issues/30404
When using FSDP full shard, instead of using `gradient_checkpointing` in TrainingArguments, please use `activation_checkpointing` in `fsdp_config`. The former introduces a redundant AllGather operation in backward pass. Reference: https://github.com/huggingface/transformers/issues/30404
When using FSDP full shard, instead of using `gradient_checkpointing` in TrainingArguments, please use `activation_checkpointing` in `fsdp_config`. The former introduces a redundant AllGather operation in backward pass. Reference: https://github.com/huggingface/transformers/issues/30404
[rank6]:[W106 15:18:24.137766881 ProcessGroupNCCL.cpp:4561] [PG ID 0 PG GUID 0 Rank 6]  using GPU 2 to perform barrier as devices used by this process are currently unknown. This can potentially cause a hang if this rank to GPU mapping is incorrect. Specify device_ids in barrier() to force use of a particular device, or call init_process_group() with a device_id.
[rank7]:[W106 15:18:24.137773889 ProcessGroupNCCL.cpp:4561] [PG ID 0 PG GUID 0 Rank 7]  using GPU 3 to perform barrier as devices used by this process are currently unknown. This can potentially cause a hang if this rank to GPU mapping is incorrect. Specify device_ids in barrier() to force use of a particular device, or call init_process_group() with a device_id.
[rank5]:[W106 15:18:24.139539414 ProcessGroupNCCL.cpp:4561] [PG ID 0 PG GUID 0 Rank 5]  using GPU 1 to perform barrier as devices used by this process are currently unknown. This can potentially cause a hang if this rank to GPU mapping is incorrect. Specify device_ids in barrier() to force use of a particular device, or call init_process_group() with a device_id.
nid011130:209468:209468 [3] NCCL INFO cudaDriverVersion 12070
nid011130:209468:209468 [3] NCCL INFO NCCL_GDRCOPY_ENABLE set by environment to 1.
nid011130:209468:209468 [3] NCCL INFO GDRCOPY enabled library 2.4 driver 2.4
nid011130:209468:209468 [3] NCCL INFO NCCL_SOCKET_IFNAME set by environment to ^docker0,lo
nid011130:209468:209468 [3] NCCL INFO Bootstrap : Using nmn0:10.100.43.61<0>
nid011130:209467:209467 [2] NCCL INFO cudaDriverVersion 12070
nid011130:209467:209467 [2] NCCL INFO NCCL_GDRCOPY_ENABLE set by environment to 1.
nid011130:209467:209467 [2] NCCL INFO GDRCOPY enabled library 2.4 driver 2.4
nid011130:209467:209467 [2] NCCL INFO NCCL_SOCKET_IFNAME set by environment to ^docker0,lo
nid011130:209466:209466 [1] NCCL INFO cudaDriverVersion 12070
nid011130:209466:209466 [1] NCCL INFO NCCL_GDRCOPY_ENABLE set by environment to 1.
nid011130:209466:209466 [1] NCCL INFO GDRCOPY enabled library 2.4 driver 2.4
nid011130:209466:209466 [1] NCCL INFO NCCL_SOCKET_IFNAME set by environment to ^docker0,lo
nid011130:209467:209467 [2] NCCL INFO Bootstrap : Using nmn0:10.100.43.61<0>
nid011130:209466:209466 [1] NCCL INFO Bootstrap : Using nmn0:10.100.43.61<0>
nid011130:209465:209465 [0] NCCL INFO NET/Plugin: Failed to find ncclNetPlugin_v8 symbol.
nid011130:209468:209468 [3] NCCL INFO NET/Plugin: Failed to find ncclNetPlugin_v8 symbol.
nid011130:209465:209465 [0] NCCL INFO NET/Plugin: Loaded net plugin AWS Libfabric (v7)
nid011130:209466:209466 [1] NCCL INFO NET/Plugin: Failed to find ncclNetPlugin_v8 symbol.
nid011130:209465:209465 [0] NCCL INFO NET/Plugin: Failed to find ncclCollNetPlugin_v8 symbol.
nid011130:209468:209468 [3] NCCL INFO NET/Plugin: Loaded net plugin AWS Libfabric (v7)
nid011130:209466:209466 [1] NCCL INFO NET/Plugin: Loaded net plugin AWS Libfabric (v7)
nid011130:209465:209465 [0] NCCL INFO NET/Plugin: Failed to find ncclCollNetPlugin symbol (>= v5). ncclCollNetPlugin symbols v4 and lower are not supported.
nid011130:209468:209468 [3] NCCL INFO NET/Plugin: Failed to find ncclCollNetPlugin_v8 symbol.
nid011130:209466:209466 [1] NCCL INFO NET/Plugin: Failed to find ncclCollNetPlugin_v8 symbol.
nid011130:209468:209468 [3] NCCL INFO NET/Plugin: Failed to find ncclCollNetPlugin symbol (>= v5). ncclCollNetPlugin symbols v4 and lower are not supported.
nid011130:209466:209466 [1] NCCL INFO NET/Plugin: Failed to find ncclCollNetPlugin symbol (>= v5). ncclCollNetPlugin symbols v4 and lower are not supported.
nid011130:209466:209466 [1] NCCL INFO Comm config Blocking set to 1
nid011130:209468:209468 [3] NCCL INFO Comm config Blocking set to 1
nid011130:209465:209465 [0] NCCL INFO Comm config Blocking set to 1
nid011130:209467:209467 [2] NCCL INFO NET/Plugin: Failed to find ncclNetPlugin_v8 symbol.
nid011130:209467:209467 [2] NCCL INFO NET/Plugin: Loaded net plugin AWS Libfabric (v7)
nid011130:209467:209467 [2] NCCL INFO NET/Plugin: Failed to find ncclCollNetPlugin_v8 symbol.
nid011130:209467:209467 [2] NCCL INFO NET/Plugin: Failed to find ncclCollNetPlugin symbol (>= v5). ncclCollNetPlugin symbols v4 and lower are not supported.
nid011130:209467:209467 [2] NCCL INFO Comm config Blocking set to 1
nid011130:209465:209826 [0] NCCL INFO NET/OFI Initializing aws-ofi-nccl 1.8.1-aws
nid011130:209465:209826 [0] NCCL INFO NET/OFI Initializing aws-ofi-nccl 1.8.1-aws
nid011130:209465:209826 [0] NCCL INFO NET/OFI Using Libfabric version 1.22
nid011130:209467:209828 [2] NCCL INFO NET/OFI Initializing aws-ofi-nccl 1.8.1-aws
nid011130:209467:209828 [2] NCCL INFO NET/OFI Initializing aws-ofi-nccl 1.8.1-aws
nid011130:209467:209828 [2] NCCL INFO NET/OFI Using Libfabric version 1.22
nid011130:209466:209827 [1] NCCL INFO NET/OFI Initializing aws-ofi-nccl 1.8.1-aws
nid011130:209466:209827 [1] NCCL INFO NET/OFI Initializing aws-ofi-nccl 1.8.1-aws
nid011130:209466:209827 [1] NCCL INFO NET/OFI Using Libfabric version 1.22
nid011130:209468:209825 [3] NCCL INFO NET/OFI Initializing aws-ofi-nccl 1.8.1-aws
nid011130:209468:209825 [3] NCCL INFO NET/OFI Initializing aws-ofi-nccl 1.8.1-aws
nid011130:209468:209825 [3] NCCL INFO NET/OFI Using Libfabric version 1.22
nid011130:209465:209826 [0] NCCL INFO NET/OFI Using CUDA driver version 12070
nid011130:209468:209825 [3] NCCL INFO NET/OFI Using CUDA driver version 12070
nid011130:209466:209827 [1] NCCL INFO NET/OFI Using CUDA driver version 12070
nid011130:209467:209828 [2] NCCL INFO NET/OFI Using CUDA driver version 12070
nid011130:209468:209825 [3] NCCL INFO NET/OFI Selected Provider is cxi (found 4 nics)
nid011130:209468:209825 [3] NCCL INFO NET/OFI Using transport protocol SENDRECV
nid011130:209467:209828 [2] NCCL INFO NET/OFI Selected Provider is cxi (found 4 nics)
nid011130:209467:209828 [2] NCCL INFO NET/OFI Using transport protocol SENDRECV
nid011130:209466:209827 [1] NCCL INFO NET/OFI Selected Provider is cxi (found 4 nics)
nid011130:209466:209827 [1] NCCL INFO NET/OFI Using transport protocol SENDRECV
nid011130:209465:209826 [0] NCCL INFO NET/OFI Selected Provider is cxi (found 4 nics)
nid011130:209465:209826 [0] NCCL INFO NET/OFI Using transport protocol SENDRECV
nid011130:209467:209828 [2] NCCL INFO Using non-device net plugin version 0
nid011130:209465:209826 [0] NCCL INFO Using non-device net plugin version 0
nid011130:209468:209825 [3] NCCL INFO Using non-device net plugin version 0
nid011130:209466:209827 [1] NCCL INFO Using non-device net plugin version 0
nid011130:209467:209828 [2] NCCL INFO Using network AWS Libfabric
nid011130:209465:209826 [0] NCCL INFO Using network AWS Libfabric
nid011130:209468:209825 [3] NCCL INFO Using network AWS Libfabric
nid011130:209466:209827 [1] NCCL INFO Using network AWS Libfabric
nid011130:209465:209826 [0] NCCL INFO DMA-BUF is available on GPU device 0
nid011130:209468:209825 [3] NCCL INFO DMA-BUF is available on GPU device 3
nid011130:209466:209827 [1] NCCL INFO DMA-BUF is available on GPU device 1
nid011130:209467:209828 [2] NCCL INFO DMA-BUF is available on GPU device 2
nid011130:209467:209828 [2] NCCL INFO ncclCommInitRank comm 0xaaace1b67f30 rank 6 nranks 8 cudaDev 2 nvmlDev 2 busId 2901000 commId 0x3354f614c91dad4a - Init START
nid011130:209468:209825 [3] NCCL INFO ncclCommInitRank comm 0xaaaba2046b20 rank 7 nranks 8 cudaDev 3 nvmlDev 3 busId 3901000 commId 0x3354f614c91dad4a - Init START
nid011130:209466:209827 [1] NCCL INFO ncclCommInitRank comm 0xaaac12637860 rank 5 nranks 8 cudaDev 1 nvmlDev 1 busId 1901000 commId 0x3354f614c91dad4a - Init START
nid011130:209465:209826 [0] NCCL INFO ncclCommInitRank comm 0xaaadce1b6c30 rank 4 nranks 8 cudaDev 0 nvmlDev 0 busId 901000 commId 0x3354f614c91dad4a - Init START
nid011109:212444:212504 [2] NCCL INFO ncclCommInitRank comm 0xaaaecffc6c80 rank 2 nranks 8 cudaDev 2 nvmlDev 2 busId 2901000 commId 0x3354f614c91dad4a - Init START
nid011109:212445:212502 [3] NCCL INFO ncclCommInitRank comm 0xaaab0e5970b0 rank 3 nranks 8 cudaDev 3 nvmlDev 3 busId 3901000 commId 0x3354f614c91dad4a - Init START
nid011109:212442:212501 [0] NCCL INFO ncclCommInitRank comm 0xaaadc9dc7e90 rank 0 nranks 8 cudaDev 0 nvmlDev 0 busId 901000 commId 0x3354f614c91dad4a - Init START
nid011109:212443:212503 [1] NCCL INFO ncclCommInitRank comm 0xaaae1cb88290 rank 1 nranks 8 cudaDev 1 nvmlDev 1 busId 1901000 commId 0x3354f614c91dad4a - Init START
nid011130:209465:209826 [0] NCCL INFO NCCL_P2P_LEVEL set by environment to SYS
nid011130:209465:209826 [0] NCCL INFO Setting affinity for GPU 0 to 3f
nid011130:209465:209826 [0] NCCL INFO NVLS multicast support is not available on dev 0
nid011130:209465:209826 [0] NCCL INFO NCCL_CROSS_NIC set by environment to 0.
nid011130:209467:209828 [2] NCCL INFO NCCL_P2P_LEVEL set by environment to SYS
nid011130:209467:209828 [2] NCCL INFO NVLS multicast support is not available on dev 2
nid011130:209467:209828 [2] NCCL INFO NCCL_CROSS_NIC set by environment to 0.
nid011130:209468:209825 [3] NCCL INFO NCCL_P2P_LEVEL set by environment to SYS
nid011130:209468:209825 [3] NCCL INFO NVLS multicast support is not available on dev 3
nid011130:209468:209825 [3] NCCL INFO NCCL_CROSS_NIC set by environment to 0.
nid011130:209466:209827 [1] NCCL INFO NCCL_P2P_LEVEL set by environment to SYS
nid011130:209466:209827 [1] NCCL INFO NVLS multicast support is not available on dev 1
nid011130:209466:209827 [1] NCCL INFO NCCL_CROSS_NIC set by environment to 0.
nid011109:212445:212502 [3] NCCL INFO NCCL_P2P_LEVEL set by environment to SYS
nid011109:212445:212502 [3] NCCL INFO NVLS multicast support is not available on dev 3
nid011109:212445:212502 [3] NCCL INFO NCCL_CROSS_NIC set by environment to 0.
nid011109:212444:212504 [2] NCCL INFO NCCL_P2P_LEVEL set by environment to SYS
nid011109:212444:212504 [2] NCCL INFO NVLS multicast support is not available on dev 2
nid011109:212444:212504 [2] NCCL INFO NCCL_CROSS_NIC set by environment to 0.
nid011109:212443:212503 [1] NCCL INFO NCCL_P2P_LEVEL set by environment to SYS
nid011109:212442:212501 [0] NCCL INFO NCCL_P2P_LEVEL set by environment to SYS
nid011109:212443:212503 [1] NCCL INFO NVLS multicast support is not available on dev 1
nid011109:212443:212503 [1] NCCL INFO NCCL_CROSS_NIC set by environment to 0.
nid011109:212442:212501 [0] NCCL INFO Setting affinity for GPU 0 to 3f
nid011109:212442:212501 [0] NCCL INFO NVLS multicast support is not available on dev 0
nid011109:212442:212501 [0] NCCL INFO NCCL_CROSS_NIC set by environment to 0.
nid011130:209468:209825 [3] NCCL INFO comm 0xaaaba2046b20 rank 7 nRanks 8 nNodes 2 localRanks 4 localRank 3 MNNVL 0
nid011130:209468:209825 [3] NCCL INFO NCCL_MIN_NCHANNELS set by environment to 4.
nid011130:209468:209825 [3] NCCL INFO Trees [0] -1/-1/-1->7->6 [1] 4/-1/-1->7->6 [2] 4/-1/-1->7->6 [3] 4/-1/-1->7->3 [4] -1/-1/-1->7->6 [5] 4/-1/-1->7->6 [6] 4/-1/-1->7->6 [7] 4/-1/-1->7->3 [8] -1/-1/-1->7->6 [9] 4/-1/-1->7->6 [10] 4/-1/-1->7->6 [11] 4/-1/-1->7->3 [12] -1/-1/-1->7->6 [13] 4/-1/-1->7->6 [14] 4/-1/-1->7->6 [15] 4/3/-1->7->-1 [16] -1/-1/-1->7->6 [17] 4/-1/-1->7->6 [18] 4/-1/-1->7->6 [19] 4/3/-1->7->-1 [20] -1/-1/-1->7->6 [21] 4/-1/-1->7->6 [22] 4/-1/-1->7->6 [23] 4/3/-1->7->-1
nid011130:209468:209825 [3] NCCL INFO P2P Chunksize set to 131072
nid011130:209467:209828 [2] NCCL INFO comm 0xaaace1b67f30 rank 6 nRanks 8 nNodes 2 localRanks 4 localRank 2 MNNVL 0
nid011130:209467:209828 [2] NCCL INFO NCCL_MIN_NCHANNELS set by environment to 4.
nid011130:209467:209828 [2] NCCL INFO Trees [0] 7/-1/-1->6->5 [1] 7/-1/-1->6->5 [2] 7/-1/-1->6->2 [3] -1/-1/-1->6->5 [4] 7/-1/-1->6->5 [5] 7/-1/-1->6->5 [6] 7/-1/-1->6->2 [7] -1/-1/-1->6->5 [8] 7/-1/-1->6->5 [9] 7/-1/-1->6->5 [10] 7/-1/-1->6->2 [11] -1/-1/-1->6->5 [12] 7/-1/-1->6->5 [13] 7/-1/-1->6->5 [14] 7/2/-1->6->-1 [15] -1/-1/-1->6->5 [16] 7/-1/-1->6->5 [17] 7/-1/-1->6->5 [18] 7/2/-1->6->-1 [19] -1/-1/-1->6->5 [20] 7/-1/-1->6->5 [21] 7/-1/-1->6->5 [22] 7/2/-1->6->-1 [23] -1/-1/-1->6->5
nid011130:209467:209828 [2] NCCL INFO P2P Chunksize set to 131072
nid011109:212445:212502 [3] NCCL INFO comm 0xaaab0e5970b0 rank 3 nRanks 8 nNodes 2 localRanks 4 localRank 3 MNNVL 0
nid011109:212444:212504 [2] NCCL INFO comm 0xaaaecffc6c80 rank 2 nRanks 8 nNodes 2 localRanks 4 localRank 2 MNNVL 0
nid011109:212443:212503 [1] NCCL INFO comm 0xaaae1cb88290 rank 1 nRanks 8 nNodes 2 localRanks 4 localRank 1 MNNVL 0
nid011109:212444:212504 [2] NCCL INFO NCCL_MIN_NCHANNELS set by environment to 4.
nid011109:212445:212502 [3] NCCL INFO NCCL_MIN_NCHANNELS set by environment to 4.
nid011109:212443:212503 [1] NCCL INFO NCCL_MIN_NCHANNELS set by environment to 4.
nid011109:212444:212504 [2] NCCL INFO Trees [0] 3/-1/-1->2->1 [1] 3/-1/-1->2->1 [2] 3/6/-1->2->-1 [3] -1/-1/-1->2->1 [4] 3/-1/-1->2->1 [5] 3/-1/-1->2->1 [6] 3/6/-1->2->-1 [7] -1/-1/-1->2->1 [8] 3/-1/-1->2->1 [9] 3/-1/-1->2->1 [10] 3/6/-1->2->-1 [11] -1/-1/-1->2->1 [12] 3/-1/-1->2->1 [13] 3/-1/-1->2->1 [14] 3/-1/-1->2->6 [15] -1/-1/-1->2->1 [16] 3/-1/-1->2->1 [17] 3/-1/-1->2->1 [18] 3/-1/-1->2->6 [19] -1/-1/-1->2->1 [20] 3/-1/-1->2->1 [21] 3/-1/-1->2->1 [22] 3/-1/-1->2->6 [23] -1/-1/-1->2->1
nid011109:212445:212502 [3] NCCL INFO Trees [0] -1/-1/-1->3->2 [1] 0/-1/-1->3->2 [2] 0/-1/-1->3->2 [3] 0/7/-1->3->-1 [4] -1/-1/-1->3->2 [5] 0/-1/-1->3->2 [6] 0/-1/-1->3->2 [7] 0/7/-1->3->-1 [8] -1/-1/-1->3->2 [9] 0/-1/-1->3->2 [10] 0/-1/-1->3->2 [11] 0/7/-1->3->-1 [12] -1/-1/-1->3->2 [13] 0/-1/-1->3->2 [14] 0/-1/-1->3->2 [15] 0/-1/-1->3->7 [16] -1/-1/-1->3->2 [17] 0/-1/-1->3->2 [18] 0/-1/-1->3->2 [19] 0/-1/-1->3->7 [20] -1/-1/-1->3->2 [21] 0/-1/-1->3->2 [22] 0/-1/-1->3->2 [23] 0/-1/-1->3->7
nid011109:212444:212504 [2] NCCL INFO P2P Chunksize set to 131072
nid011109:212445:212502 [3] NCCL INFO P2P Chunksize set to 131072
nid011109:212443:212503 [1] NCCL INFO Trees [0] 2/-1/-1->1->0 [1] 2/5/-1->1->-1 [2] -1/-1/-1->1->0 [3] 2/-1/-1->1->0 [4] 2/-1/-1->1->0 [5] 2/5/-1->1->-1 [6] -1/-1/-1->1->0 [7] 2/-1/-1->1->0 [8] 2/-1/-1->1->0 [9] 2/5/-1->1->-1 [10] -1/-1/-1->1->0 [11] 2/-1/-1->1->0 [12] 2/-1/-1->1->0 [13] 2/-1/-1->1->5 [14] -1/-1/-1->1->0 [15] 2/-1/-1->1->0 [16] 2/-1/-1->1->0 [17] 2/-1/-1->1->5 [18] -1/-1/-1->1->0 [19] 2/-1/-1->1->0 [20] 2/-1/-1->1->0 [21] 2/-1/-1->1->5 [22] -1/-1/-1->1->0 [23] 2/-1/-1->1->0
nid011109:212443:212503 [1] NCCL INFO P2P Chunksize set to 131072
nid011109:212442:212501 [0] NCCL INFO comm 0xaaadc9dc7e90 rank 0 nRanks 8 nNodes 2 localRanks 4 localRank 0 MNNVL 0
nid011109:212442:212501 [0] NCCL INFO NCCL_MIN_NCHANNELS set by environment to 4.
nid011109:212442:212501 [0] NCCL INFO Channel 00/24 :    0   3   2   1   4   7   6   5
nid011130:209466:209827 [1] NCCL INFO comm 0xaaac12637860 rank 5 nRanks 8 nNodes 2 localRanks 4 localRank 1 MNNVL 0
nid011130:209465:209826 [0] NCCL INFO comm 0xaaadce1b6c30 rank 4 nRanks 8 nNodes 2 localRanks 4 localRank 0 MNNVL 0
nid011109:212442:212501 [0] NCCL INFO Channel 01/24 :    0   3   2   5   4   7   6   1
nid011109:212442:212501 [0] NCCL INFO Channel 02/24 :    0   3   6   5   4   7   2   1
nid011109:212442:212501 [0] NCCL INFO Channel 03/24 :    0   7   6   5   4   3   2   1
nid011109:212442:212501 [0] NCCL INFO Channel 04/24 :    0   3   1   2   4   7   5   6
nid011109:212442:212501 [0] NCCL INFO Channel 05/24 :    0   2   3   5   4   6   7   1
nid011109:212442:212501 [0] NCCL INFO Channel 06/24 :    0   6   5   7   4   2   1   3
nid011109:212442:212501 [0] NCCL INFO Channel 07/24 :    0   1   7   6   4   5   3   2
nid011109:212442:212501 [0] NCCL INFO Channel 08/24 :    0   2   1   3   4   6   5   7
nid011130:209466:209827 [1] NCCL INFO NCCL_MIN_NCHANNELS set by environment to 4.
nid011130:209465:209826 [0] NCCL INFO NCCL_MIN_NCHANNELS set by environment to 4.
nid011109:212442:212501 [0] NCCL INFO Channel 09/24 :    0   5   7   6   4   1   3   2
nid011109:212442:212501 [0] NCCL INFO Channel 10/24 :    0   3   1   6   4   7   5   2
nid011109:212442:212501 [0] NCCL INFO Channel 11/24 :    0   2   7   5   4   6   3   1
nid011109:212442:212501 [0] NCCL INFO Channel 12/24 :    0   3   2   1   4   7   6   5
nid011109:212442:212501 [0] NCCL INFO Channel 13/24 :    0   3   2   5   4   7   6   1
nid011109:212442:212501 [0] NCCL INFO Channel 14/24 :    0   3   6   5   4   7   2   1
nid011109:212442:212501 [0] NCCL INFO Channel 15/24 :    0   7   6   5   4   3   2   1
nid011109:212442:212501 [0] NCCL INFO Channel 16/24 :    0   3   1   2   4   7   5   6
nid011109:212442:212501 [0] NCCL INFO Channel 17/24 :    0   2   3   5   4   6   7   1
nid011109:212442:212501 [0] NCCL INFO Channel 18/24 :    0   6   5   7   4   2   1   3
nid011109:212442:212501 [0] NCCL INFO Channel 19/24 :    0   1   7   6   4   5   3   2
nid011109:212442:212501 [0] NCCL INFO Channel 20/24 :    0   2   1   3   4   6   5   7
nid011109:212442:212501 [0] NCCL INFO Channel 21/24 :    0   5   7   6   4   1   3   2
nid011109:212442:212501 [0] NCCL INFO Channel 22/24 :    0   3   1   6   4   7   5   2
nid011109:212442:212501 [0] NCCL INFO Channel 23/24 :    0   2   7   5   4   6   3   1
nid011130:209466:209827 [1] NCCL INFO Trees [0] 6/-1/-1->5->4 [1] 6/-1/-1->5->1 [2] -1/-1/-1->5->4 [3] 6/-1/-1->5->4 [4] 6/-1/-1->5->4 [5] 6/-1/-1->5->1 [6] -1/-1/-1->5->4 [7] 6/-1/-1->5->4 [8] 6/-1/-1->5->4 [9] 6/-1/-1->5->1 [10] -1/-1/-1->5->4 [11] 6/-1/-1->5->4 [12] 6/-1/-1->5->4 [13] 6/1/-1->5->-1 [14] -1/-1/-1->5->4 [15] 6/-1/-1->5->4 [16] 6/-1/-1->5->4 [17] 6/1/-1->5->-1 [18] -1/-1/-1->5->4 [19] 6/-1/-1->5->4 [20] 6/-1/-1->5->4 [21] 6/1/-1->5->-1 [22] -1/-1/-1->5->4 [23] 6/-1/-1->5->4
nid011130:209466:209827 [1] NCCL INFO P2P Chunksize set to 131072
nid011109:212442:212501 [0] NCCL INFO Trees [0] 1/4/-1->0->-1 [1] -1/-1/-1->0->3 [2] 1/-1/-1->0->3 [3] 1/-1/-1->0->3 [4] 1/4/-1->0->-1 [5] -1/-1/-1->0->3 [6] 1/-1/-1->0->3 [7] 1/-1/-1->0->3 [8] 1/4/-1->0->-1 [9] -1/-1/-1->0->3 [10] 1/-1/-1->0->3 [11] 1/-1/-1->0->3 [12] 1/-1/-1->0->4 [13] -1/-1/-1->0->3 [14] 1/-1/-1->0->3 [15] 1/-1/-1->0->3 [16] 1/-1/-1->0->4 [17] -1/-1/-1->0->3 [18] 1/-1/-1->0->3 [19] 1/-1/-1->0->3 [20] 1/-1/-1->0->4 [21] -1/-1/-1->0->3 [22] 1/-1/-1->0->3 [23] 1/-1/-1->0->3
nid011109:212442:212501 [0] NCCL INFO P2P Chunksize set to 131072
nid011130:209465:209826 [0] NCCL INFO Trees [0] 5/-1/-1->4->0 [1] -1/-1/-1->4->7 [2] 5/-1/-1->4->7 [3] 5/-1/-1->4->7 [4] 5/-1/-1->4->0 [5] -1/-1/-1->4->7 [6] 5/-1/-1->4->7 [7] 5/-1/-1->4->7 [8] 5/-1/-1->4->0 [9] -1/-1/-1->4->7 [10] 5/-1/-1->4->7 [11] 5/-1/-1->4->7 [12] 5/0/-1->4->-1 [13] -1/-1/-1->4->7 [14] 5/-1/-1->4->7 [15] 5/-1/-1->4->7 [16] 5/0/-1->4->-1 [17] -1/-1/-1->4->7 [18] 5/-1/-1->4->7 [19] 5/-1/-1->4->7 [20] 5/0/-1->4->-1 [21] -1/-1/-1->4->7 [22] 5/-1/-1->4->7 [23] 5/-1/-1->4->7
nid011130:209465:209826 [0] NCCL INFO P2P Chunksize set to 131072
nid011130:209465:209826 [0] NCCL INFO NCCL_NET_GDR_LEVEL set by environment to PHB
nid011130:209465:209826 [0] NCCL INFO NCCL_NET_FORCE_FLUSH set by environment to 1.
nid011130:209465:209826 [0] NCCL INFO Channel 08/0 : 3[3] -> 4[0] [receive] via NET/AWS Libfabric/0/GDRDMA
nid011130:209465:209826 [0] NCCL INFO Channel 20/0 : 3[3] -> 4[0] [receive] via NET/AWS Libfabric/0/GDRDMA
nid011130:209465:209826 [0] NCCL INFO Channel 07/0 : 4[0] -> 5[1] via P2P/CUMEM
nid011109:212444:212504 [2] NCCL INFO Channel 05/0 : 2[2] -> 3[3] via P2P/CUMEM
nid011109:212442:212501 [0] NCCL INFO NCCL_NET_GDR_LEVEL set by environment to PHB
nid011109:212442:212501 [0] NCCL INFO NCCL_NET_FORCE_FLUSH set by environment to 1.
nid011109:212442:212501 [0] NCCL INFO Channel 08/0 : 7[3] -> 0[0] [receive] via NET/AWS Libfabric/0/GDRDMA
nid011130:209468:209825 [3] NCCL INFO NCCL_NET_GDR_LEVEL set by environment to PHB
nid011130:209468:209825 [3] NCCL INFO Channel 08/0 : 7[3] -> 0[0] [send] via NET/AWS Libfabric/0
nid011130:209468:209825 [3] NCCL INFO Channel 20/0 : 7[3] -> 0[0] [send] via NET/AWS Libfabric/0
nid011109:212444:212504 [2] NCCL INFO Channel 17/0 : 2[2] -> 3[3] via P2P/CUMEM
nid011130:209467:209828 [2] NCCL INFO Channel 05/0 : 6[2] -> 7[3] via P2P/CUMEM
nid011130:209465:209826 [0] NCCL INFO Channel 19/0 : 4[0] -> 5[1] via P2P/CUMEM
nid011130:209467:209828 [2] NCCL INFO Channel 17/0 : 6[2] -> 7[3] via P2P/CUMEM
nid011109:212445:212502 [3] NCCL INFO NCCL_NET_GDR_LEVEL set by environment to PHB
nid011109:212442:212501 [0] NCCL INFO Channel 20/0 : 7[3] -> 0[0] [receive] via NET/AWS Libfabric/0/GDRDMA
nid011109:212442:212501 [0] NCCL INFO Channel 07/0 : 0[0] -> 1[1] via P2P/CUMEM
nid011109:212442:212501 [0] NCCL INFO Channel 19/0 : 0[0] -> 1[1] via P2P/CUMEM
nid011109:212445:212502 [3] NCCL INFO Channel 08/0 : 3[3] -> 4[0] [send] via NET/AWS Libfabric/0
nid011109:212445:212502 [3] NCCL INFO Channel 20/0 : 3[3] -> 4[0] [send] via NET/AWS Libfabric/0
nid011130:209466:209827 [1] NCCL INFO Channel 04/0 : 5[1] -> 6[2] via P2P/CUMEM
nid011130:209466:209827 [1] NCCL INFO Channel 16/0 : 5[1] -> 6[2] via P2P/CUMEM
nid011109:212443:212503 [1] NCCL INFO Channel 04/0 : 1[1] -> 2[2] via P2P/CUMEM
nid011109:212443:212503 [1] NCCL INFO Channel 16/0 : 1[1] -> 2[2] via P2P/CUMEM
nid011109:212443:212503 [1] NCCL INFO NCCL_NET_GDR_LEVEL set by environment to PHB
nid011109:212443:212503 [1] NCCL INFO NCCL_NET_FORCE_FLUSH set by environment to 1.
nid011130:209466:209827 [1] NCCL INFO NCCL_NET_GDR_LEVEL set by environment to PHB
nid011130:209466:209827 [1] NCCL INFO NCCL_NET_FORCE_FLUSH set by environment to 1.
nid011130:209465:209826 [0] NCCL INFO Channel 04/0 : 2[2] -> 4[0] [receive] via NET/AWS Libfabric/0/GDRDMA
nid011130:209465:209826 [0] NCCL INFO Channel 16/0 : 2[2] -> 4[0] [receive] via NET/AWS Libfabric/0/GDRDMA
nid011130:209465:209826 [0] NCCL INFO Channel 05/0 : 4[0] -> 6[2] via P2P/CUMEM
nid011130:209465:209826 [0] NCCL INFO Channel 08/0 : 4[0] -> 6[2] via P2P/CUMEM
nid011109:212443:212503 [1] NCCL INFO Channel 05/0 : 7[3] -> 1[1] [receive] via NET/AWS Libfabric/1/GDRDMA
nid011130:209466:209827 [1] NCCL INFO Channel 05/0 : 3[3] -> 5[1] [receive] via NET/AWS Libfabric/1/GDRDMA
nid011130:209466:209827 [1] NCCL INFO Channel 17/0 : 3[3] -> 5[1] [receive] via NET/AWS Libfabric/1/GDRDMA
nid011130:209466:209827 [1] NCCL INFO Channel 06/0 : 5[1] -> 7[3] via P2P/CUMEM
nid011130:209466:209827 [1] NCCL INFO Channel 08/0 : 5[1] -> 7[3] via P2P/CUMEM
nid011130:209466:209827 [1] NCCL INFO Channel 09/0 : 5[1] -> 7[3] via P2P/CUMEM
nid011130:209466:209827 [1] NCCL INFO Channel 18/0 : 5[1] -> 7[3] via P2P/CUMEM
nid011109:212443:212503 [1] NCCL INFO Channel 17/0 : 7[3] -> 1[1] [receive] via NET/AWS Libfabric/1/GDRDMA
nid011109:212443:212503 [1] NCCL INFO Channel 06/0 : 1[1] -> 3[3] via P2P/CUMEM
nid011109:212443:212503 [1] NCCL INFO Channel 08/0 : 1[1] -> 3[3] via P2P/CUMEM
nid011109:212443:212503 [1] NCCL INFO Channel 09/0 : 1[1] -> 3[3] via P2P/CUMEM
nid011109:212443:212503 [1] NCCL INFO Channel 18/0 : 1[1] -> 3[3] via P2P/CUMEM
nid011109:212443:212503 [1] NCCL INFO Channel 20/0 : 1[1] -> 3[3] via P2P/CUMEM
nid011109:212443:212503 [1] NCCL INFO Channel 21/0 : 1[1] -> 3[3] via P2P/CUMEM
nid011130:209466:209827 [1] NCCL INFO Channel 20/0 : 5[1] -> 7[3] via P2P/CUMEM
nid011130:209466:209827 [1] NCCL INFO Channel 21/0 : 5[1] -> 7[3] via P2P/CUMEM
nid011130:209468:209825 [3] NCCL INFO Channel 05/0 : 7[3] -> 1[1] [send] via NET/AWS Libfabric/1
nid011130:209468:209825 [3] NCCL INFO Channel 17/0 : 7[3] -> 1[1] [send] via NET/AWS Libfabric/1
nid011130:209465:209826 [0] NCCL INFO Channel 11/0 : 4[0] -> 6[2] via P2P/CUMEM
nid011130:209465:209826 [0] NCCL INFO Channel 17/0 : 4[0] -> 6[2] via P2P/CUMEM
nid011130:209465:209826 [0] NCCL INFO Channel 20/0 : 4[0] -> 6[2] via P2P/CUMEM
nid011130:209465:209826 [0] NCCL INFO Channel 23/0 : 4[0] -> 6[2] via P2P/CUMEM
nid011109:212445:212502 [3] NCCL INFO Channel 05/0 : 3[3] -> 5[1] [send] via NET/AWS Libfabric/1
nid011109:212445:212502 [3] NCCL INFO Channel 17/0 : 3[3] -> 5[1] [send] via NET/AWS Libfabric/1
nid011130:209466:209827 [1] NCCL INFO Channel 01/0 : 2[2] -> 5[1] [receive] via NET/AWS Libfabric/1/GDRDMA
nid011130:209466:209827 [1] NCCL INFO Channel 13/0 : 2[2] -> 5[1] [receive] via NET/AWS Libfabric/1/GDRDMA
nid011130:209467:209828 [2] NCCL INFO NCCL_NET_GDR_LEVEL set by environment to PHB
nid011130:209467:209828 [2] NCCL INFO Channel 04/0 : 6[2] -> 0[0] [send] via NET/AWS Libfabric/0
nid011130:209467:209828 [2] NCCL INFO Channel 16/0 : 6[2] -> 0[0] [send] via NET/AWS Libfabric/0
nid011109:212442:212501 [0] NCCL INFO Channel 04/0 : 6[2] -> 0[0] [receive] via NET/AWS Libfabric/0/GDRDMA
nid011109:212443:212503 [1] NCCL INFO Channel 01/0 : 6[2] -> 1[1] [receive] via NET/AWS Libfabric/1/GDRDMA
nid011109:212443:212503 [1] NCCL INFO Channel 13/0 : 6[2] -> 1[1] [receive] via NET/AWS Libfabric/1/GDRDMA
nid011109:212443:212503 [1] NCCL INFO Channel 00/0 : 1[1] -> 4[0] [send] via NET/AWS Libfabric/0
nid011109:212443:212503 [1] NCCL INFO Channel 12/0 : 1[1] -> 4[0] [send] via NET/AWS Libfabric/0
nid011130:209466:209827 [1] NCCL INFO Channel 00/0 : 5[1] -> 0[0] [send] via NET/AWS Libfabric/0
nid011130:209466:209827 [1] NCCL INFO Channel 12/0 : 5[1] -> 0[0] [send] via NET/AWS Libfabric/0
nid011109:212442:212501 [0] NCCL INFO Channel 16/0 : 6[2] -> 0[0] [receive] via NET/AWS Libfabric/0/GDRDMA
nid011109:212442:212501 [0] NCCL INFO Channel 05/0 : 0[0] -> 2[2] via P2P/CUMEM
nid011109:212442:212501 [0] NCCL INFO Channel 08/0 : 0[0] -> 2[2] via P2P/CUMEM
nid011109:212442:212501 [0] NCCL INFO Channel 11/0 : 0[0] -> 2[2] via P2P/CUMEM
nid011109:212445:212502 [3] NCCL INFO Channel 02/0 : 3[3] -> 6[2] [send] via NET/AWS Libfabric/2
nid011109:212445:212502 [3] NCCL INFO Channel 14/0 : 3[3] -> 6[2] [send] via NET/AWS Libfabric/2
nid011109:212444:212504 [2] NCCL INFO NCCL_NET_GDR_LEVEL set by environment to PHB
nid011109:212442:212501 [0] NCCL INFO Channel 17/0 : 0[0] -> 2[2] via P2P/CUMEM
nid011109:212442:212501 [0] NCCL INFO Channel 20/0 : 0[0] -> 2[2] via P2P/CUMEM
nid011109:212442:212501 [0] NCCL INFO Channel 23/0 : 0[0] -> 2[2] via P2P/CUMEM
nid011130:209467:209828 [2] NCCL INFO NCCL_NET_FORCE_FLUSH set by environment to 1.
nid011130:209467:209828 [2] NCCL INFO Channel 02/0 : 3[3] -> 6[2] [receive] via NET/AWS Libfabric/2/GDRDMA
nid011130:209467:209828 [2] NCCL INFO Channel 14/0 : 3[3] -> 6[2] [receive] via NET/AWS Libfabric/2/GDRDMA
nid011109:212444:212504 [2] NCCL INFO Channel 04/0 : 2[2] -> 4[0] [send] via NET/AWS Libfabric/0
nid011109:212444:212504 [2] NCCL INFO Channel 16/0 : 2[2] -> 4[0] [send] via NET/AWS Libfabric/0
nid011109:212442:212501 [0] NCCL INFO Channel 00/0 : 5[1] -> 0[0] [receive] via NET/AWS Libfabric/0/GDRDMA
nid011109:212444:212504 [2] NCCL INFO NCCL_NET_FORCE_FLUSH set by environment to 1.
nid011109:212442:212501 [0] NCCL INFO Channel 12/0 : 5[1] -> 0[0] [receive] via NET/AWS Libfabric/0/GDRDMA
nid011109:212442:212501 [0] NCCL INFO Channel 00/0 : 0[0] -> 3[3] via P2P/CUMEM
nid011109:212442:212501 [0] NCCL INFO Channel 01/0 : 0[0] -> 3[3] via P2P/CUMEM
nid011109:212442:212501 [0] NCCL INFO Channel 02/0 : 0[0] -> 3[3] via P2P/CUMEM
nid011109:212442:212501 [0] NCCL INFO Channel 04/0 : 0[0] -> 3[3] via P2P/CUMEM
nid011109:212442:212501 [0] NCCL INFO Channel 10/0 : 0[0] -> 3[3] via P2P/CUMEM
nid011109:212442:212501 [0] NCCL INFO Channel 12/0 : 0[0] -> 3[3] via P2P/CUMEM
nid011109:212442:212501 [0] NCCL INFO Channel 13/0 : 0[0] -> 3[3] via P2P/CUMEM
nid011109:212442:212501 [0] NCCL INFO Channel 14/0 : 0[0] -> 3[3] via P2P/CUMEM
nid011130:209465:209826 [0] NCCL INFO Channel 00/0 : 1[1] -> 4[0] [receive] via NET/AWS Libfabric/0/GDRDMA
nid011130:209465:209826 [0] NCCL INFO Channel 12/0 : 1[1] -> 4[0] [receive] via NET/AWS Libfabric/0/GDRDMA
nid011130:209465:209826 [0] NCCL INFO Channel 00/0 : 4[0] -> 7[3] via P2P/CUMEM
nid011130:209465:209826 [0] NCCL INFO Channel 01/0 : 4[0] -> 7[3] via P2P/CUMEM
nid011130:209465:209826 [0] NCCL INFO Channel 02/0 : 4[0] -> 7[3] via P2P/CUMEM
nid011130:209467:209828 [2] NCCL INFO Channel 01/0 : 6[2] -> 1[1] [send] via NET/AWS Libfabric/1
nid011130:209467:209828 [2] NCCL INFO Channel 13/0 : 6[2] -> 1[1] [send] via NET/AWS Libfabric/1
nid011130:209467:209828 [2] NCCL INFO Channel 10/0 : 1[1] -> 6[2] [receive] via NET/AWS Libfabric/2/GDRDMA
nid011130:209467:209828 [2] NCCL INFO Channel 22/0 : 1[1] -> 6[2] [receive] via NET/AWS Libfabric/2/GDRDMA
nid011130:209467:209828 [2] NCCL INFO Channel 11/0 : 6[2] -> 3[3] [send] via NET/AWS Libfabric/3
nid011130:209467:209828 [2] NCCL INFO Channel 23/0 : 6[2] -> 3[3] [send] via NET/AWS Libfabric/3
nid011109:212442:212501 [0] NCCL INFO Channel 16/0 : 0[0] -> 3[3] via P2P/CUMEM
nid011109:212442:212501 [0] NCCL INFO Channel 22/0 : 0[0] -> 3[3] via P2P/CUMEM
nid011109:212445:212502 [3] NCCL INFO NCCL_NET_FORCE_FLUSH set by environment to 1.
nid011109:212442:212501 [0] NCCL INFO Channel 09/0 : 0[0] -> 5[1] [send] via NET/AWS Libfabric/1
nid011109:212442:212501 [0] NCCL INFO Channel 21/0 : 0[0] -> 5[1] [send] via NET/AWS Libfabric/1
nid011130:209465:209826 [0] NCCL INFO Channel 04/0 : 4[0] -> 7[3] via P2P/CUMEM
nid011130:209465:209826 [0] NCCL INFO Channel 10/0 : 4[0] -> 7[3] via P2P/CUMEM
nid011109:212445:212502 [3] NCCL INFO Channel 11/0 : 6[2] -> 3[3] [receive] via NET/AWS Libfabric/3/GDRDMA
nid011109:212445:212502 [3] NCCL INFO Channel 23/0 : 6[2] -> 3[3] [receive] via NET/AWS Libfabric/3/GDRDMA
nid011109:212445:212502 [3] NCCL INFO Channel 06/0 : 3[3] -> 0[0] via P2P/CUMEM
nid011109:212445:212502 [3] NCCL INFO Channel 18/0 : 3[3] -> 0[0] via P2P/CUMEM
nid011109:212445:212502 [3] NCCL INFO Channel 07/0 : 5[1] -> 3[3] [receive] via NET/AWS Libfabric/3/GDRDMA
nid011109:212445:212502 [3] NCCL INFO Channel 19/0 : 5[1] -> 3[3] [receive] via NET/AWS Libfabric/3/GDRDMA
nid011109:212445:212502 [3] NCCL INFO Channel 04/0 : 3[3] -> 1[1] via P2P/CUMEM
nid011109:212445:212502 [3] NCCL INFO Channel 10/0 : 3[3] -> 1[1] via P2P/CUMEM
nid011130:209465:209826 [0] NCCL INFO Channel 12/0 : 4[0] -> 7[3] via P2P/CUMEM
nid011130:209465:209826 [0] NCCL INFO Channel 13/0 : 4[0] -> 7[3] via P2P/CUMEM
nid011130:209465:209826 [0] NCCL INFO Channel 14/0 : 4[0] -> 7[3] via P2P/CUMEM
nid011130:209465:209826 [0] NCCL INFO Channel 16/0 : 4[0] -> 7[3] via P2P/CUMEM
nid011130:209465:209826 [0] NCCL INFO Channel 22/0 : 4[0] -> 7[3] via P2P/CUMEM
nid011109:212443:212503 [1] NCCL INFO Channel 09/0 : 4[0] -> 1[1] [receive] via NET/AWS Libfabric/1/GDRDMA
nid011109:212443:212503 [1] NCCL INFO Channel 21/0 : 4[0] -> 1[1] [receive] via NET/AWS Libfabric/1/GDRDMA
nid011109:212443:212503 [1] NCCL INFO Channel 10/0 : 1[1] -> 6[2] [send] via NET/AWS Libfabric/2
nid011109:212443:212503 [1] NCCL INFO Channel 22/0 : 1[1] -> 6[2] [send] via NET/AWS Libfabric/2
nid011109:212444:212504 [2] NCCL INFO Channel 02/0 : 7[3] -> 2[2] [receive] via NET/AWS Libfabric/2/GDRDMA
nid011109:212444:212504 [2] NCCL INFO Channel 14/0 : 7[3] -> 2[2] [receive] via NET/AWS Libfabric/2/GDRDMA
nid011109:212444:212504 [2] NCCL INFO Channel 01/0 : 2[2] -> 5[1] [send] via NET/AWS Libfabric/1
nid011109:212444:212504 [2] NCCL INFO Channel 13/0 : 2[2] -> 5[1] [send] via NET/AWS Libfabric/1
nid011130:209466:209827 [1] NCCL INFO Channel 09/0 : 0[0] -> 5[1] [receive] via NET/AWS Libfabric/1/GDRDMA
nid011109:212445:212502 [3] NCCL INFO Channel 11/0 : 3[3] -> 1[1] via P2P/CUMEM
